Archive member included to satisfy reference by file (symbol)

/home/jerryneedell/Microsemi_SoftConsole_v6.2/arm-none-eabi-gcc/bin/../lib/gcc/arm-none-eabi/8.2.1/../../../../arm-none-eabi/lib/thumb/v7-m/nofp/libg_nano.a(lib_a-errno.o)
                              ./CMSIS/startup_gcc/newlib_stubs.o (__errno)
/home/jerryneedell/Microsemi_SoftConsole_v6.2/arm-none-eabi-gcc/bin/../lib/gcc/arm-none-eabi/8.2.1/../../../../arm-none-eabi/lib/thumb/v7-m/nofp/libg_nano.a(lib_a-exit.o)
                              /home/jerryneedell/Microsemi_SoftConsole_v6.2/arm-none-eabi-gcc/bin/../lib/gcc/arm-none-eabi/8.2.1/../../../../arm-none-eabi/lib/thumb/v7-m/nofp/crt0.o (exit)
/home/jerryneedell/Microsemi_SoftConsole_v6.2/arm-none-eabi-gcc/bin/../lib/gcc/arm-none-eabi/8.2.1/../../../../arm-none-eabi/lib/thumb/v7-m/nofp/libg_nano.a(lib_a-impure.o)
                              /home/jerryneedell/Microsemi_SoftConsole_v6.2/arm-none-eabi-gcc/bin/../lib/gcc/arm-none-eabi/8.2.1/../../../../arm-none-eabi/lib/thumb/v7-m/nofp/libg_nano.a(lib_a-exit.o) (_global_impure_ptr)
/home/jerryneedell/Microsemi_SoftConsole_v6.2/arm-none-eabi-gcc/bin/../lib/gcc/arm-none-eabi/8.2.1/../../../../arm-none-eabi/lib/thumb/v7-m/nofp/libg_nano.a(lib_a-init.o)
                              /home/jerryneedell/Microsemi_SoftConsole_v6.2/arm-none-eabi-gcc/bin/../lib/gcc/arm-none-eabi/8.2.1/../../../../arm-none-eabi/lib/thumb/v7-m/nofp/crt0.o (__libc_init_array)
/home/jerryneedell/Microsemi_SoftConsole_v6.2/arm-none-eabi-gcc/bin/../lib/gcc/arm-none-eabi/8.2.1/../../../../arm-none-eabi/lib/thumb/v7-m/nofp/libg_nano.a(lib_a-memset.o)
                              /home/jerryneedell/Microsemi_SoftConsole_v6.2/arm-none-eabi-gcc/bin/../lib/gcc/arm-none-eabi/8.2.1/../../../../arm-none-eabi/lib/thumb/v7-m/nofp/crt0.o (memset)
/home/jerryneedell/Microsemi_SoftConsole_v6.2/arm-none-eabi-gcc/bin/../lib/gcc/arm-none-eabi/8.2.1/../../../../arm-none-eabi/lib/thumb/v7-m/nofp/libg_nano.a(lib_a-printf.o)
                              ./main.o (printf)
/home/jerryneedell/Microsemi_SoftConsole_v6.2/arm-none-eabi-gcc/bin/../lib/gcc/arm-none-eabi/8.2.1/../../../../arm-none-eabi/lib/thumb/v7-m/nofp/libg_nano.a(lib_a-puts.o)
                              ./main.o (puts)
/home/jerryneedell/Microsemi_SoftConsole_v6.2/arm-none-eabi-gcc/bin/../lib/gcc/arm-none-eabi/8.2.1/../../../../arm-none-eabi/lib/thumb/v7-m/nofp/libg_nano.a(lib_a-wbuf.o)
                              /home/jerryneedell/Microsemi_SoftConsole_v6.2/arm-none-eabi-gcc/bin/../lib/gcc/arm-none-eabi/8.2.1/../../../../arm-none-eabi/lib/thumb/v7-m/nofp/libg_nano.a(lib_a-puts.o) (__swbuf_r)
/home/jerryneedell/Microsemi_SoftConsole_v6.2/arm-none-eabi-gcc/bin/../lib/gcc/arm-none-eabi/8.2.1/../../../../arm-none-eabi/lib/thumb/v7-m/nofp/libg_nano.a(lib_a-wsetup.o)
                              /home/jerryneedell/Microsemi_SoftConsole_v6.2/arm-none-eabi-gcc/bin/../lib/gcc/arm-none-eabi/8.2.1/../../../../arm-none-eabi/lib/thumb/v7-m/nofp/libg_nano.a(lib_a-puts.o) (__swsetup_r)
/home/jerryneedell/Microsemi_SoftConsole_v6.2/arm-none-eabi-gcc/bin/../lib/gcc/arm-none-eabi/8.2.1/../../../../arm-none-eabi/lib/thumb/v7-m/nofp/libg_nano.a(lib_a-fflush.o)
                              /home/jerryneedell/Microsemi_SoftConsole_v6.2/arm-none-eabi-gcc/bin/../lib/gcc/arm-none-eabi/8.2.1/../../../../arm-none-eabi/lib/thumb/v7-m/nofp/libg_nano.a(lib_a-wbuf.o) (_fflush_r)
/home/jerryneedell/Microsemi_SoftConsole_v6.2/arm-none-eabi-gcc/bin/../lib/gcc/arm-none-eabi/8.2.1/../../../../arm-none-eabi/lib/thumb/v7-m/nofp/libg_nano.a(lib_a-findfp.o)
                              /home/jerryneedell/Microsemi_SoftConsole_v6.2/arm-none-eabi-gcc/bin/../lib/gcc/arm-none-eabi/8.2.1/../../../../arm-none-eabi/lib/thumb/v7-m/nofp/libg_nano.a(lib_a-printf.o) (__sinit)
/home/jerryneedell/Microsemi_SoftConsole_v6.2/arm-none-eabi-gcc/bin/../lib/gcc/arm-none-eabi/8.2.1/../../../../arm-none-eabi/lib/thumb/v7-m/nofp/libg_nano.a(lib_a-fwalk.o)
                              /home/jerryneedell/Microsemi_SoftConsole_v6.2/arm-none-eabi-gcc/bin/../lib/gcc/arm-none-eabi/8.2.1/../../../../arm-none-eabi/lib/thumb/v7-m/nofp/libg_nano.a(lib_a-findfp.o) (_fwalk)
/home/jerryneedell/Microsemi_SoftConsole_v6.2/arm-none-eabi-gcc/bin/../lib/gcc/arm-none-eabi/8.2.1/../../../../arm-none-eabi/lib/thumb/v7-m/nofp/libg_nano.a(lib_a-lock.o)
                              /home/jerryneedell/Microsemi_SoftConsole_v6.2/arm-none-eabi-gcc/bin/../lib/gcc/arm-none-eabi/8.2.1/../../../../arm-none-eabi/lib/thumb/v7-m/nofp/libg_nano.a(lib_a-findfp.o) (__retarget_lock_init_recursive)
/home/jerryneedell/Microsemi_SoftConsole_v6.2/arm-none-eabi-gcc/bin/../lib/gcc/arm-none-eabi/8.2.1/../../../../arm-none-eabi/lib/thumb/v7-m/nofp/libg_nano.a(lib_a-makebuf.o)
                              /home/jerryneedell/Microsemi_SoftConsole_v6.2/arm-none-eabi-gcc/bin/../lib/gcc/arm-none-eabi/8.2.1/../../../../arm-none-eabi/lib/thumb/v7-m/nofp/libg_nano.a(lib_a-wsetup.o) (__smakebuf_r)
[...]
Memory Configuration

Name             Origin             Length             Attributes
rom              0x0000000060000000 0x0000000000040000 xr
romMirror        0x0000000000000000 0x0000000000040000 xr
ram              0x0000000020000000 0x0000000000010000 xrw
*default*        0x0000000000000000 0xffffffffffffffff

Linker script and memory map

LOAD /home/jerryneedell/Microsemi_SoftConsole_v6.2/arm-none-eabi-gcc/bin/../lib/gcc/arm-none-eabi/8.2.1/thumb/v7-m/nofp/crti.o
LOAD /home/jerryneedell/Microsemi_SoftConsole_v6.2/arm-none-eabi-gcc/bin/../lib/gcc/arm-none-eabi/8.2.1/thumb/v7-m/nofp/crtbegin.o
LOAD /home/jerryneedell/Microsemi_SoftConsole_v6.2/arm-none-eabi-gcc/bin/../lib/gcc/arm-none-eabi/8.2.1/../../../../arm-none-eabi/lib/thumb/v7-m/nofp/crt0.o
LOAD ./drivers/mss_uart/mss_uart.o
LOAD ./drivers/mss_gpio/mss_gpio.o
LOAD ./CMSIS/startup_gcc/newlib_stubs.o
LOAD ./CMSIS/startup_gcc/startup_a2fxxxm3.o
LOAD ./CMSIS/brownout_isr.o
LOAD ./CMSIS/core_cm3.o
LOAD ./CMSIS/system_a2fxxxm3.o
LOAD ./main.o
LOAD /home/jerryneedell/Microsemi_SoftConsole_v6.2/arm-none-eabi-gcc/bin/../lib/gcc/arm-none-eabi/8.2.1/../../../../arm-none-eabi/lib/thumb/v7-m/nofp/libstdc++_nano.a
LOAD /home/jerryneedell/Microsemi_SoftConsole_v6.2/arm-none-eabi-gcc/bin/../lib/gcc/arm-none-eabi/8.2.1/../../../../arm-none-eabi/lib/thumb/v7-m/nofp/libm.a
START GROUP
LOAD /home/jerryneedell/Microsemi_SoftConsole_v6.2/arm-none-eabi-gcc/bin/../lib/gcc/arm-none-eabi/8.2.1/thumb/v7-m/nofp/libgcc.a
LOAD /home/jerryneedell/Microsemi_SoftConsole_v6.2/arm-none-eabi-gcc/bin/../lib/gcc/arm-none-eabi/8.2.1/../../../../arm-none-eabi/lib/thumb/v7-m/nofp/libg_nano.a
LOAD /home/jerryneedell/Microsemi_SoftConsole_v6.2/arm-none-eabi-gcc/bin/../lib/gcc/arm-none-eabi/8.2.1/../../../../arm-none-eabi/lib/thumb/v7-m/nofp/libc_nano.a
END GROUP
START GROUP
LOAD /home/jerryneedell/Microsemi_SoftConsole_v6.2/arm-none-eabi-gcc/bin/../lib/gcc/arm-none-eabi/8.2.1/thumb/v7-m/nofp/libgcc.a
LOAD /home/jerryneedell/Microsemi_SoftConsole_v6.2/arm-none-eabi-gcc/bin/../lib/gcc/arm-none-eabi/8.2.1/../../../../arm-none-eabi/lib/thumb/v7-m/nofp/libc_nano.a
END GROUP
LOAD /home/jerryneedell/Microsemi_SoftConsole_v6.2/arm-none-eabi-gcc/bin/../lib/gcc/arm-none-eabi/8.2.1/thumb/v7-m/nofp/crtend.o
LOAD /home/jerryneedell/Microsemi_SoftConsole_v6.2/arm-none-eabi-gcc/bin/../lib/gcc/arm-none-eabi/8.2.1/thumb/v7-m/nofp/crtn.o
START GROUP
LOAD /home/jerryneedell/Microsemi_SoftConsole_v6.2/arm-none-eabi-gcc/bin/../lib/gcc/arm-none-eabi/8.2.1/../../../../arm-none-eabi/lib/thumb/v7-m/nofp/libc.a
LOAD /home/jerryneedell/Microsemi_SoftConsole_v6.2/arm-none-eabi-gcc/bin/../lib/gcc/arm-none-eabi/8.2.1/thumb/v7-m/nofp/libgcc.a
LOAD /home/jerryneedell/Microsemi_SoftConsole_v6.2/arm-none-eabi-gcc/bin/../lib/gcc/arm-none-eabi/8.2.1/../../../../arm-none-eabi/lib/thumb/v7-m/nofp/libm.a
END GROUP
                0x0000000000000000                __DYNAMIC = 0x0
                0x0000000020000000                RAM_START_ADDRESS = 0x20000000
                0x0000000000010000                RAM_SIZE = 0x10000
                0x0000000000002000                MAIN_STACK_SIZE = 0x2000
                0x0000000000001000                PROCESS_STACK_SIZE = 0x1000
                0x0000000020010000                PROVIDE (__main_stack_start = (RAM_START_ADDRESS + RAM_SIZE))
                [!provide]                        PROVIDE (__process_stack_start = (__main_stack_start - MAIN_STACK_SIZE))
                0x0000000020010000                PROVIDE (_estack = __main_stack_start)
                0x0000000000000001                PROVIDE (__mirrored_nvm = 0x1)

.init           0x0000000000000000      0x46c load address 0x0000000060000000
                0x0000000000000000                __vector_table_vma_base_address = .
 *(.isr_vector)
 .isr_vector    0x0000000000000000      0x46c ./CMSIS/startup_gcc/startup_a2fxxxm3.o
                0x0000000000000000                g_pfnVectors
                0x0000000000000298                Reset_Handler
                0x0000000000000308                NMI_Handler
                0x000000000000030a                HardFault_Handler
                0x000000000000030c                MemManage_Handler
                0x000000000000030e                BusFault_Handler
                0x0000000000000310                UsageFault_Handler
                0x0000000000000312                SVC_Handler
                0x0000000000000314                DebugMon_Handler
                0x0000000000000316                PendSV_Handler
                0x0000000000000318                SysTick_Handler
                0x000000000000031a                WdogWakeup_IRQHandler
                0x000000000000031e                BrownOut_3_3V_IRQHandler
                0x0000000000000320                RTC_Match_IRQHandler
                0x0000000000000322                RTCIF_Pub_IRQHandler
                0x0000000000000324                EthernetMAC_IRQHandler
                0x0000000000000326                IAP_IRQHandler
                0x0000000000000328                ENVM0_IRQHandler
                0x000000000000032a                ENVM1_IRQHandler
                0x000000000000032c                DMA_IRQHandler
                0x0000000000000332                SPI0_IRQHandler
                0x0000000000000334                SPI1_IRQHandler
                0x0000000000000336                I2C0_IRQHandler
                0x0000000000000338                I2C0_SMBAlert_IRQHandler
                0x000000000000033a                I2C0_SMBus_IRQHandler
                0x000000000000033c                I2C1_IRQHandler
                0x000000000000033e                I2C1_SMBAlert_IRQHandler
                0x0000000000000340                I2C1_SMBus_IRQHandler
                0x0000000000000342                Timer1_IRQHandler
                0x0000000000000344                Timer2_IRQHandler
                0x0000000000000346                PLL_Lock_IRQHandler
                0x0000000000000348                PLL_LockLost_IRQHandler
                0x000000000000034a                CommError_IRQHandler
                0x000000000000034c                Fabric_IRQHandler
                0x000000000000034e                GPIO0_IRQHandler
                0x0000000000000350                GPIO1_IRQHandler
                0x0000000000000352                GPIO2_IRQHandler
                0x0000000000000354                GPIO3_IRQHandler
                0x0000000000000356                GPIO4_IRQHandler
                0x0000000000000358                GPIO5_IRQHandler
                0x000000000000035a                GPIO6_IRQHandler
                0x000000000000035c                GPIO7_IRQHandler
                0x000000000000035e                GPIO8_IRQHandler
                0x0000000000000360                GPIO9_IRQHandler
                0x0000000000000362                GPIO10_IRQHandler
                0x0000000000000364                GPIO11_IRQHandler
                0x0000000000000366                GPIO12_IRQHandler
                0x0000000000000368                GPIO13_IRQHandler
                0x000000000000036a                GPIO14_IRQHandler
                0x000000000000036c                GPIO15_IRQHandler
                0x000000000000036e                GPIO16_IRQHandler
                0x0000000000000370                GPIO17_IRQHandler
                0x0000000000000372                GPIO18_IRQHandler
                0x0000000000000374                GPIO19_IRQHandler
                0x0000000000000376                GPIO20_IRQHandler
                0x0000000000000378                GPIO21_IRQHandler
                0x000000000000037a                GPIO22_IRQHandler
                0x000000000000037c                GPIO23_IRQHandler
                0x000000000000037e                GPIO24_IRQHandler
                0x0000000000000380                GPIO25_IRQHandler
                0x0000000000000382                GPIO26_IRQHandler
                0x0000000000000384                GPIO27_IRQHandler
                0x0000000000000386                GPIO28_IRQHandler
                0x0000000000000388                GPIO29_IRQHandler
                0x000000000000038a                GPIO30_IRQHandler
                0x000000000000038c                GPIO31_IRQHandler
                0x000000000000038e                ACE_PC0_Flag0_IRQHandler
                0x0000000000000390                ACE_PC0_Flag1_IRQHandler
                0x0000000000000392                ACE_PC0_Flag2_IRQHandler
                0x0000000000000394                ACE_PC0_Flag3_IRQHandler
                0x0000000000000396                ACE_PC1_Flag0_IRQHandler
                0x0000000000000398                ACE_PC1_Flag1_IRQHandler
                0x000000000000039a                ACE_PC1_Flag2_IRQHandler
                0x000000000000039c                ACE_PC1_Flag3_IRQHandler
                0x000000000000039e                ACE_PC2_Flag0_IRQHandler
                0x00000000000003a0                ACE_PC2_Flag1_IRQHandler
                0x00000000000003a2                ACE_PC2_Flag2_IRQHandler
                0x00000000000003a4                ACE_PC2_Flag3_IRQHandler
                0x00000000000003a6                ACE_ADC0_DataValid_IRQHandler
                0x00000000000003a8                ACE_ADC1_DataValid_IRQHandler
                0x00000000000003aa                ACE_ADC2_DataValid_IRQHandler
                0x00000000000003ac                ACE_ADC0_CalDone_IRQHandler
                0x00000000000003ae                ACE_ADC1_CalDone_IRQHandler
                0x00000000000003b0                ACE_ADC2_CalDone_IRQHandler
                0x00000000000003b2                ACE_ADC0_CalStart_IRQHandler
                0x00000000000003b4                ACE_ADC1_CalStart_IRQHandler
                0x00000000000003b6                ACE_ADC2_CalStart_IRQHandler
                0x00000000000003b8                ACE_Comp0_Fall_IRQHandler
                0x00000000000003ba                ACE_Comp1_Fall_IRQHandler
                0x00000000000003bc                ACE_Comp2_Fall_IRQHandler
                0x00000000000003be                ACE_Comp3_Fall_IRQHandler
                0x00000000000003c0                ACE_Comp4_Fall_IRQHandler
                0x00000000000003c2                ACE_Comp5_Fall_IRQHandler
                0x00000000000003c4                ACE_Comp6_Fall_IRQHandler
                0x00000000000003c6                ACE_Comp7_Fall_IRQHandler
                0x00000000000003c8                ACE_Comp8_Fall_IRQHandler
                0x00000000000003ca                ACE_Comp9_Fall_IRQHandler
                0x00000000000003cc                ACE_Comp10_Fall_IRQHandler
                0x00000000000003ce                ACE_Comp11_Fall_IRQHandler
                0x00000000000003d0                ACE_Comp0_Rise_IRQHandler
                0x00000000000003d2                ACE_Comp1_Rise_IRQHandler
                0x00000000000003d4                ACE_Comp2_Rise_IRQHandler
                0x00000000000003d6                ACE_Comp3_Rise_IRQHandler
                0x00000000000003d8                ACE_Comp4_Rise_IRQHandler
                0x00000000000003da                ACE_Comp5_Rise_IRQHandler
                0x00000000000003dc                ACE_Comp6_Rise_IRQHandler
                0x00000000000003de                ACE_Comp7_Rise_IRQHandler
                0x00000000000003e0                ACE_Comp8_Rise_IRQHandler
                0x00000000000003e2                ACE_Comp9_Rise_IRQHandler
                0x00000000000003e4                ACE_Comp10_Rise_IRQHandler
                0x00000000000003e6                ACE_Comp11_Rise_IRQHandler
                0x00000000000003e8                ACE_ADC0_FifoFull_IRQHandler
                0x00000000000003ea                ACE_ADC0_FifoAFull_IRQHandler
                0x00000000000003ec                ACE_ADC0_FifoEmpty_IRQHandler
                0x00000000000003ee                ACE_ADC1_FifoFull_IRQHandler
                0x00000000000003f0                ACE_ADC1_FifoAFull_IRQHandler
                0x00000000000003f2                ACE_ADC1_FifoEmpty_IRQHandler
                0x00000000000003f4                ACE_ADC2_FifoFull_IRQHandler
                0x00000000000003f6                ACE_ADC2_FifoAFull_IRQHandler
                0x00000000000003f8                ACE_ADC2_FifoEmpty_IRQHandler
                0x00000000000003fa                ACE_PPE_Flag0_IRQHandler
                0x00000000000003fc                ACE_PPE_Flag1_IRQHandler
                0x00000000000003fe                ACE_PPE_Flag2_IRQHandler
                0x0000000000000400                ACE_PPE_Flag3_IRQHandler
                0x0000000000000402                ACE_PPE_Flag4_IRQHandler
                0x0000000000000404                ACE_PPE_Flag5_IRQHandler
                0x0000000000000406                ACE_PPE_Flag6_IRQHandler
                0x0000000000000408                ACE_PPE_Flag7_IRQHandler
                0x000000000000040a                ACE_PPE_Flag8_IRQHandler
                0x000000000000040c                ACE_PPE_Flag9_IRQHandler
                0x000000000000040e                ACE_PPE_Flag10_IRQHandler
                0x0000000000000410                ACE_PPE_Flag11_IRQHandler
                0x0000000000000412                ACE_PPE_Flag12_IRQHandler
                0x0000000000000414                ACE_PPE_Flag13_IRQHandler
                0x0000000000000416                ACE_PPE_Flag14_IRQHandler
                0x0000000000000418                ACE_PPE_Flag15_IRQHandler
                0x000000000000041a                ACE_PPE_Flag16_IRQHandler
                0x000000000000041c                ACE_PPE_Flag17_IRQHandler
                0x000000000000041e                ACE_PPE_Flag18_IRQHandler
                0x0000000000000420                ACE_PPE_Flag19_IRQHandler
                0x0000000000000422                ACE_PPE_Flag20_IRQHandler
                0x0000000000000424                ACE_PPE_Flag21_IRQHandler
                0x0000000000000426                ACE_PPE_Flag22_IRQHandler
                0x0000000000000428                ACE_PPE_Flag23_IRQHandler
                0x000000000000042a                ACE_PPE_Flag24_IRQHandler
                0x000000000000042c                ACE_PPE_Flag25_IRQHandler
                0x000000000000042e                ACE_PPE_Flag26_IRQHandler
                0x0000000000000430                ACE_PPE_Flag27_IRQHandler
                0x0000000000000432                ACE_PPE_Flag28_IRQHandler
                0x0000000000000434                ACE_PPE_Flag29_IRQHandler
                0x0000000000000436                ACE_PPE_Flag30_IRQHandler
                0x0000000000000438                ACE_PPE_Flag31_IRQHandler
                0x000000000000046c                . = ALIGN (0x4)

.text           0x000000000000046c     0x1bdc load address 0x000000006000046c
 CREATE_OBJECT_SYMBOLS
                0x000000006000046c                __text_load = LOADADDR (.text)
                0x000000000000046c                __text_start = .
 *(.text .text.* .gnu.linkonce.t.*)
 .text.deregister_tm_clones
                0x000000000000046c       0x1c /home/jerryneedell/Microsemi_SoftConsole_v6.2/arm-none-eabi-gcc/bin/../lib/gcc/arm-none-eabi/8.2.1/thumb/v7-m/nofp/crtbegin.o
 .text.register_tm_clones
                0x0000000000000488       0x24 /home/jerryneedell/Microsemi_SoftConsole_v6.2/arm-none-eabi-gcc/bin/../lib/gcc/arm-none-eabi/8.2.1/thumb/v7-m/nofp/crtbegin.o
 .text.__do_global_dtors_aux
                0x00000000000004ac       0x28 /home/jerryneedell/Microsemi_SoftConsole_v6.2/arm-none-eabi-gcc/bin/../lib/gcc/arm-none-eabi/8.2.1/thumb/v7-m/nofp/crtbegin.o
 .text.frame_dummy
                0x00000000000004d4       0x24 /home/jerryneedell/Microsemi_SoftConsole_v6.2/arm-none-eabi-gcc/bin/../lib/gcc/arm-none-eabi/8.2.1/thumb/v7-m/nofp/crtbegin.o
 .text.NVIC_ClearPendingIRQ
                0x00000000000004f8       0x34 ./drivers/mss_uart/mss_uart.o
 .text.MSS_UART_init
                0x000000000000052c      0x194 ./drivers/mss_uart/mss_uart.o
                0x000000000000052c                MSS_UART_init
 .text.MSS_UART_polled_tx
                0x00000000000006c0       0xc4 ./drivers/mss_uart/mss_uart.o
                0x00000000000006c0                MSS_UART_polled_tx
 .text.MSS_UART_get_rx
                0x0000000000000784       0xbc ./drivers/mss_uart/mss_uart.o
                0x0000000000000784                MSS_UART_get_rx
 .text.MSS_UART_isr
                0x0000000000000840      0x110 ./drivers/mss_uart/mss_uart.o
 .text.default_tx_handler
                0x0000000000000950       0xe8 ./drivers/mss_uart/mss_uart.o
 .text.UART0_IRQHandler
                0x0000000000000a38       0x28 ./drivers/mss_uart/mss_uart.o
                0x0000000000000a38                UART0_IRQHandler
 .text.UART1_IRQHandler
                0x0000000000000a60       0x28 ./drivers/mss_uart/mss_uart.o
                0x0000000000000a60                UART1_IRQHandler
 .text.NVIC_ClearPendingIRQ
                0x0000000000000a88       0x34 ./drivers/mss_gpio/mss_gpio.o
 .text.MSS_GPIO_init
                0x0000000000000abc       0x50 ./drivers/mss_gpio/mss_gpio.o
                0x0000000000000abc                MSS_GPIO_init
 .text._close   0x0000000000000b0c       0x16 ./CMSIS/startup_gcc/newlib_stubs.o
                0x0000000000000b0c                _close
 .text._exit    0x0000000000000b22        0xa ./CMSIS/startup_gcc/newlib_stubs.o
                0x0000000000000b22                _exit
 .text._fstat   0x0000000000000b2c       0x1e ./CMSIS/startup_gcc/newlib_stubs.o
                0x0000000000000b2c                _fstat
 .text._isatty  0x0000000000000b4a       0x14 ./CMSIS/startup_gcc/newlib_stubs.o
                0x0000000000000b4a                _isatty
 .text._lseek   0x0000000000000b5e       0x18 ./CMSIS/startup_gcc/newlib_stubs.o
                0x0000000000000b5e                _lseek
 .text._read    0x0000000000000b76       0x18 ./CMSIS/startup_gcc/newlib_stubs.o
                0x0000000000000b76                _read
 *fill*         0x0000000000000b8e        0x2 
 .text._write_r
                0x0000000000000b90       0x48 ./CMSIS/startup_gcc/newlib_stubs.o
                0x0000000000000b90                _write_r
 .text._sbrk    0x0000000000000bd8       0x64 ./CMSIS/startup_gcc/newlib_stubs.o
                0x0000000000000bd8                _sbrk
 .text.BrownOut_1_5V_IRQHandler
                0x0000000000000c3c       0x80 ./CMSIS/brownout_isr.o
                0x0000000000000c3c                BrownOut_1_5V_IRQHandler
 .text.SystemInit
                0x0000000000000cbc        0xc ./CMSIS/system_a2fxxxm3.o
                0x0000000000000cbc                SystemInit
 .text.SystemCoreClockUpdate
                0x0000000000000cc8       0xf4 ./CMSIS/system_a2fxxxm3.o
                0x0000000000000cc8                SystemCoreClockUpdate
 .text.GetSystemClock
                0x0000000000000dbc       0xc0 ./CMSIS/system_a2fxxxm3.o
 .text.MSS_WD_disable
                0x0000000000000e7c       0x1c ./main.o
 .text.main     0x0000000000000e98       0x90 ./main.o
                0x0000000000000e98                main
 .text.__libc_init_array
                0x0000000000000f28       0x48 /home/jerryneedell/Microsemi_SoftConsole_v6.2/arm-none-eabi-gcc/bin/../lib/gcc/arm-none-eabi/8.2.1/../../../../arm-none-eabi/lib/thumb/v7-m/nofp/libg_nano.a(lib_a-init.o)
                0x0000000000000f28                __libc_init_array
 .text.memset   0x0000000000000f70       0x10 /home/jerryneedell/Microsemi_SoftConsole_v6.2/arm-none-eabi-gcc/bin/../lib/gcc/arm-none-eabi/8.2.1/../../../../arm-none-eabi/lib/thumb/v7-m/nofp/libg_nano.a(lib_a-memset.o)
                0x0000000000000f70                memset
 .text.printf   0x0000000000000f80       0x30 /home/jerryneedell/Microsemi_SoftConsole_v6.2/arm-none-eabi-gcc/bin/../lib/gcc/arm-none-eabi/8.2.1/../../../../arm-none-eabi/lib/thumb/v7-m/nofp/libg_nano.a(lib_a-printf.o)
                0x0000000000000f80                printf
                0x0000000000000f80                iprintf
 .text._puts_r  0x0000000000000fb0       0xdc /home/jerryneedell/Microsemi_SoftConsole_v6.2/arm-none-eabi-gcc/bin/../lib/gcc/arm-none-eabi/8.2.1/../../../../arm-none-eabi/lib/thumb/v7-m/nofp/libg_nano.a(lib_a-puts.o)
                0x0000000000000fb0                _puts_r
 .text.puts     0x000000000000108c       0x10 /home/jerryneedell/Microsemi_SoftConsole_v6.2/arm-none-eabi-gcc/bin/../lib/gcc/arm-none-eabi/8.2.1/../../../../arm-none-eabi/lib/thumb/v7-m/nofp/libg_nano.a(lib_a-puts.o)
                0x000000000000108c                puts
 .text.__swbuf_r
                0x000000000000109c       0xa4 /home/jerryneedell/Microsemi_SoftConsole_v6.2/arm-none-eabi-gcc/bin/../lib/gcc/arm-none-eabi/8.2.1/../../../../arm-none-eabi/lib/thumb/v7-m/nofp/libg_nano.a(lib_a-wbuf.o)
                0x000000000000109c                __swbuf_r
 .text.__swsetup_r
                0x0000000000001140       0xdc /home/jerryneedell/Microsemi_SoftConsole_v6.2/arm-none-eabi-gcc/bin/../lib/gcc/arm-none-eabi/8.2.1/../../../../arm-none-eabi/lib/thumb/v7-m/nofp/libg_nano.a(lib_a-wsetup.o)
                0x0000000000001140                __swsetup_r
 .text.__sflush_r
                0x000000000000121c      0x10c /home/jerryneedell/Microsemi_SoftConsole_v6.2/arm-none-eabi-gcc/bin/../lib/gcc/arm-none-eabi/8.2.1/../../../../arm-none-eabi/lib/thumb/v7-m/nofp/libg_nano.a(lib_a-fflush.o)
                0x000000000000121c                __sflush_r
 .text._fflush_r
                0x0000000000001328       0x78 /home/jerryneedell/Microsemi_SoftConsole_v6.2/arm-none-eabi-gcc/bin/../lib/gcc/arm-none-eabi/8.2.1/../../../../arm-none-eabi/lib/thumb/v7-m/nofp/libg_nano.a(lib_a-fflush.o)
                0x0000000000001328                _fflush_r
 .text.std      0x00000000000013a0       0x48 /home/jerryneedell/Microsemi_SoftConsole_v6.2/arm-none-eabi-gcc/bin/../lib/gcc/arm-none-eabi/8.2.1/../../../../arm-none-eabi/lib/thumb/v7-m/nofp/libg_nano.a(lib_a-findfp.o)
 .text._cleanup_r
                0x00000000000013e8        0xc /home/jerryneedell/Microsemi_SoftConsole_v6.2/arm-none-eabi-gcc/bin/../lib/gcc/arm-none-eabi/8.2.1/../../../../arm-none-eabi/lib/thumb/v7-m/nofp/libg_nano.a(lib_a-findfp.o)
                0x00000000000013e8                _cleanup_r
 .text.__sfmoreglue
                0x00000000000013f4       0x2c /home/jerryneedell/Microsemi_SoftConsole_v6.2/arm-none-eabi-gcc/bin/../lib/gcc/arm-none-eabi/8.2.1/../../../../arm-none-eabi/lib/thumb/v7-m/nofp/libg_nano.a(lib_a-findfp.o)
                0x00000000000013f4                __sfmoreglue
 .text.__sfp_lock_acquire
                0x0000000000001420        0xc /home/jerryneedell/Microsemi_SoftConsole_v6.2/arm-none-eabi-gcc/bin/../lib/gcc/arm-none-eabi/8.2.1/../../../../arm-none-eabi/lib/thumb/v7-m/nofp/libg_nano.a(lib_a-findfp.o)
                0x0000000000001420                __sfp_lock_acquire
 .text.__sfp_lock_release
                0x000000000000142c        0xc /home/jerryneedell/Microsemi_SoftConsole_v6.2/arm-none-eabi-gcc/bin/../lib/gcc/arm-none-eabi/8.2.1/../../../../arm-none-eabi/lib/thumb/v7-m/nofp/libg_nano.a(lib_a-findfp.o)
                0x000000000000142c                __sfp_lock_release
 .text.__sinit_lock_acquire
                0x0000000000001438        0xc /home/jerryneedell/Microsemi_SoftConsole_v6.2/arm-none-eabi-gcc/bin/../lib/gcc/arm-none-eabi/8.2.1/../../../../arm-none-eabi/lib/thumb/v7-m/nofp/libg_nano.a(lib_a-findfp.o)
                0x0000000000001438                __sinit_lock_acquire
 .text.__sinit_lock_release
                0x0000000000001444        0xc /home/jerryneedell/Microsemi_SoftConsole_v6.2/arm-none-eabi-gcc/bin/../lib/gcc/arm-none-eabi/8.2.1/../../../../arm-none-eabi/lib/thumb/v7-m/nofp/libg_nano.a(lib_a-findfp.o)
                0x0000000000001444                __sinit_lock_release
 .text.__sinit  0x0000000000001450       0x70 /home/jerryneedell/Microsemi_SoftConsole_v6.2/arm-none-eabi-gcc/bin/../lib/gcc/arm-none-eabi/8.2.1/../../../../arm-none-eabi/lib/thumb/v7-m/nofp/libg_nano.a(lib_a-findfp.o)
                0x0000000000001450                __sinit
 .text.__sfp    0x00000000000014c0       0x8c /home/jerryneedell/Microsemi_SoftConsole_v6.2/arm-none-eabi-gcc/bin/../lib/gcc/arm-none-eabi/8.2.1/../../../../arm-none-eabi/lib/thumb/v7-m/nofp/libg_nano.a(lib_a-findfp.o)
                0x00000000000014c0                __sfp
 .text._fwalk_reent
                0x000000000000154c       0x3c /home/jerryneedell/Microsemi_SoftConsole_v6.2/arm-none-eabi-gcc/bin/../lib/gcc/arm-none-eabi/8.2.1/../../../../arm-none-eabi/lib/thumb/v7-m/nofp/libg_nano.a(lib_a-fwalk.o)
                0x000000000000154c                _fwalk_reent
 .text.__retarget_lock_init_recursive
                0x0000000000001588        0x2 /home/jerryneedell/Microsemi_SoftConsole_v6.2/arm-none-eabi-gcc/bin/../lib/gcc/arm-none-eabi/8.2.1/../../../../arm-none-eabi/lib/thumb/v7-m/nofp/libg_nano.a(lib_a-lock.o)
                0x0000000000001588                __retarget_lock_init_recursive
 .text.__retarget_lock_acquire_recursive
                0x000000000000158a        0x2 /home/jerryneedell/Microsemi_SoftConsole_v6.2/arm-none-eabi-gcc/bin/../lib/gcc/arm-none-eabi/8.2.1/../../../../arm-none-eabi/lib/thumb/v7-m/nofp/libg_nano.a(lib_a-lock.o)
                0x000000000000158a                __retarget_lock_acquire_recursive
 .text.__retarget_lock_release_recursive
                0x000000000000158c        0x2 /home/jerryneedell/Microsemi_SoftConsole_v6.2/arm-none-eabi-gcc/bin/../lib/gcc/arm-none-eabi/8.2.1/../../../../arm-none-eabi/lib/thumb/v7-m/nofp/libg_nano.a(lib_a-lock.o)
                0x000000000000158c                __retarget_lock_release_recursive
 .text.__swhatbuf_r
                0x000000000000158e       0x48 /home/jerryneedell/Microsemi_SoftConsole_v6.2/arm-none-eabi-gcc/bin/../lib/gcc/arm-none-eabi/8.2.1/../../../../arm-none-eabi/lib/thumb/v7-m/nofp/libg_nano.a(lib_a-makebuf.o)
                0x000000000000158e                __swhatbuf_r
 *fill*         0x00000000000015d6        0x2 
 .text.__smakebuf_r
                0x00000000000015d8       0x80 /home/jerryneedell/Microsemi_SoftConsole_v6.2/arm-none-eabi-gcc/bin/../lib/gcc/arm-none-eabi/8.2.1/../../../../arm-none-eabi/lib/thumb/v7-m/nofp/libg_nano.a(lib_a-makebuf.o)
                0x00000000000015d8                __smakebuf_r
 .text._free_r  0x0000000000001658       0x98 /home/jerryneedell/Microsemi_SoftConsole_v6.2/arm-none-eabi-gcc/bin/../lib/gcc/arm-none-eabi/8.2.1/../../../../arm-none-eabi/lib/thumb/v7-m/nofp/libg_nano.a(lib_a-nano-freer.o)
                0x0000000000001658                _free_r
 .text._malloc_r
                0x00000000000016f0       0xb4 /home/jerryneedell/Microsemi_SoftConsole_v6.2/arm-none-eabi-gcc/bin/../lib/gcc/arm-none-eabi/8.2.1/../../../../arm-none-eabi/lib/thumb/v7-m/nofp/libg_nano.a(lib_a-nano-mallocr.o)
                0x00000000000016f0                _malloc_r
 .text.__sfputc_r
                0x00000000000017a4       0x2a /home/jerryneedell/Microsemi_SoftConsole_v6.2/arm-none-eabi-gcc/bin/../lib/gcc/arm-none-eabi/8.2.1/../../../../arm-none-eabi/lib/thumb/v7-m/nofp/libg_nano.a(lib_a-nano-vfprintf.o)
 .text.__sfputs_r
                0x00000000000017ce       0x24 /home/jerryneedell/Microsemi_SoftConsole_v6.2/arm-none-eabi-gcc/bin/../lib/gcc/arm-none-eabi/8.2.1/../../../../arm-none-eabi/lib/thumb/v7-m/nofp/libg_nano.a(lib_a-nano-vfprintf.o)
                0x00000000000017ce                __sfputs_r
 *fill*         0x00000000000017f2        0x2 
 .text._vfprintf_r
                0x00000000000017f4      0x250 /home/jerryneedell/Microsemi_SoftConsole_v6.2/arm-none-eabi-gcc/bin/../lib/gcc/arm-none-eabi/8.2.1/../../../../arm-none-eabi/lib/thumb/v7-m/nofp/libg_nano.a(lib_a-nano-vfprintf.o)
                0x00000000000017f4                _vfiprintf_r
                0x00000000000017f4                _vfprintf_r
 .text._printf_common
                0x0000000000001a44       0xec /home/jerryneedell/Microsemi_SoftConsole_v6.2/arm-none-eabi-gcc/bin/../lib/gcc/arm-none-eabi/8.2.1/../../../../arm-none-eabi/lib/thumb/v7-m/nofp/libg_nano.a(lib_a-nano-vfprintf_i.o)
                0x0000000000001a44                _printf_common
 .text._printf_i
                0x0000000000001b30      0x22c /home/jerryneedell/Microsemi_SoftConsole_v6.2/arm-none-eabi-gcc/bin/../lib/gcc/arm-none-eabi/8.2.1/../../../../arm-none-eabi/lib/thumb/v7-m/nofp/libg_nano.a(lib_a-nano-vfprintf_i.o)
                0x0000000000001b30                _printf_i
 .text._sbrk_r  0x0000000000001d5c       0x20 /home/jerryneedell/Microsemi_SoftConsole_v6.2/arm-none-eabi-gcc/bin/../lib/gcc/arm-none-eabi/8.2.1/../../../../arm-none-eabi/lib/thumb/v7-m/nofp/libg_nano.a(lib_a-sbrkr.o)
                0x0000000000001d5c                _sbrk_r
 .text.__sread  0x0000000000001d7c       0x22 /home/jerryneedell/Microsemi_SoftConsole_v6.2/arm-none-eabi-gcc/bin/../lib/gcc/arm-none-eabi/8.2.1/../../../../arm-none-eabi/lib/thumb/v7-m/nofp/libg_nano.a(lib_a-stdio.o)
                0x0000000000001d7c                __sread
 .text.__swrite
                0x0000000000001d9e       0x38 /home/jerryneedell/Microsemi_SoftConsole_v6.2/arm-none-eabi-gcc/bin/../lib/gcc/arm-none-eabi/8.2.1/../../../../arm-none-eabi/lib/thumb/v7-m/nofp/libg_nano.a(lib_a-stdio.o)
                0x0000000000001d9e                __swrite
 .text.__sseek  0x0000000000001dd6       0x24 /home/jerryneedell/Microsemi_SoftConsole_v6.2/arm-none-eabi-gcc/bin/../lib/gcc/arm-none-eabi/8.2.1/../../../../arm-none-eabi/lib/thumb/v7-m/nofp/libg_nano.a(lib_a-stdio.o)
                0x0000000000001dd6                __sseek
 .text.__sclose
                0x0000000000001dfa        0x8 /home/jerryneedell/Microsemi_SoftConsole_v6.2/arm-none-eabi-gcc/bin/../lib/gcc/arm-none-eabi/8.2.1/../../../../arm-none-eabi/lib/thumb/v7-m/nofp/libg_nano.a(lib_a-stdio.o)
                0x0000000000001dfa                __sclose
 *fill*         0x0000000000001e02        0x2 
 .text._close_r
                0x0000000000001e04       0x20 /home/jerryneedell/Microsemi_SoftConsole_v6.2/arm-none-eabi-gcc/bin/../lib/gcc/arm-none-eabi/8.2.1/../../../../arm-none-eabi/lib/thumb/v7-m/nofp/libg_nano.a(lib_a-closer.o)
                0x0000000000001e04                _close_r
 .text._fstat_r
                0x0000000000001e24       0x24 /home/jerryneedell/Microsemi_SoftConsole_v6.2/arm-none-eabi-gcc/bin/../lib/gcc/arm-none-eabi/8.2.1/../../../../arm-none-eabi/lib/thumb/v7-m/nofp/libg_nano.a(lib_a-fstatr.o)
                0x0000000000001e24                _fstat_r
 .text._isatty_r
                0x0000000000001e48       0x20 /home/jerryneedell/Microsemi_SoftConsole_v6.2/arm-none-eabi-gcc/bin/../lib/gcc/arm-none-eabi/8.2.1/../../../../arm-none-eabi/lib/thumb/v7-m/nofp/libg_nano.a(lib_a-isattyr.o)
                0x0000000000001e48                _isatty_r
 .text._lseek_r
                0x0000000000001e68       0x24 /home/jerryneedell/Microsemi_SoftConsole_v6.2/arm-none-eabi-gcc/bin/../lib/gcc/arm-none-eabi/8.2.1/../../../../arm-none-eabi/lib/thumb/v7-m/nofp/libg_nano.a(lib_a-lseekr.o)
                0x0000000000001e68                _lseek_r
 .text.memchr   0x0000000000001e8c       0x1c /home/jerryneedell/Microsemi_SoftConsole_v6.2/arm-none-eabi-gcc/bin/../lib/gcc/arm-none-eabi/8.2.1/../../../../arm-none-eabi/lib/thumb/v7-m/nofp/libg_nano.a(lib_a-memchr-stub.o)
                0x0000000000001e8c                memchr
 .text.__malloc_lock
                0x0000000000001ea8        0xc /home/jerryneedell/Microsemi_SoftConsole_v6.2/arm-none-eabi-gcc/bin/../lib/gcc/arm-none-eabi/8.2.1/../../../../arm-none-eabi/lib/thumb/v7-m/nofp/libg_nano.a(lib_a-mlock.o)
                0x0000000000001ea8                __malloc_lock
 .text.__malloc_unlock
                0x0000000000001eb4        0xc /home/jerryneedell/Microsemi_SoftConsole_v6.2/arm-none-eabi-gcc/bin/../lib/gcc/arm-none-eabi/8.2.1/../../../../arm-none-eabi/lib/thumb/v7-m/nofp/libg_nano.a(lib_a-mlock.o)
                0x0000000000001eb4                __malloc_unlock
 .text._read_r  0x0000000000001ec0       0x24 /home/jerryneedell/Microsemi_SoftConsole_v6.2/arm-none-eabi-gcc/bin/../lib/gcc/arm-none-eabi/8.2.1/../../../../arm-none-eabi/lib/thumb/v7-m/nofp/libg_nano.a(lib_a-readr.o)
                0x0000000000001ec0                _read_r
 *(.plt)
 *(.gnu.warning)
 *(.glue_7t)
 .glue_7t       0x0000000000001ee4        0x0 linker stubs
 *(.glue_7)
 .glue_7        0x0000000000001ee4        0x0 linker stubs
 *(.vfp11_veneer)
 .vfp11_veneer  0x0000000000001ee4        0x0 linker stubs
                0x0000000000001ee4                . = ALIGN (0x4)
 *crtbegin.o(.ctors)
 *(EXCLUDE_FILE(*crtend.o) .ctors)
 *(SORT_BY_NAME(.ctors.*))
 *crtend.o(.ctors)
 *crtbegin.o(.dtors)
 *(EXCLUDE_FILE(*crtend.o) .dtors)
 *(SORT_BY_NAME(.dtors.*))
 *crtend.o(.dtors)
 *(.rodata .rodata.* .gnu.linkonce.r.*)
 .rodata.g_gpio_irqn_lut
                0x0000000000001ee4       0x40 ./drivers/mss_gpio/mss_gpio.o
 .rodata        0x0000000000001f24       0x1a ./CMSIS/startup_gcc/newlib_stubs.o
 *fill*         0x0000000000001f3e        0x2 
 .rodata        0x0000000000001f40       0x10 ./CMSIS/system_a2fxxxm3.o
 .rodata        0x0000000000001f50       0x3d ./main.o
 *fill*         0x0000000000001f8d        0x3 
 .rodata._global_impure_ptr
                0x0000000000001f90        0x4 /home/jerryneedell/Microsemi_SoftConsole_v6.2/arm-none-eabi-gcc/bin/../lib/gcc/arm-none-eabi/8.2.1/../../../../arm-none-eabi/lib/thumb/v7-m/nofp/libg_nano.a(lib_a-impure.o)
                0x0000000000001f90                _global_impure_ptr
 .rodata.__sf_fake_stderr
                0x0000000000001f94       0x20 /home/jerryneedell/Microsemi_SoftConsole_v6.2/arm-none-eabi-gcc/bin/../lib/gcc/arm-none-eabi/8.2.1/../../../../arm-none-eabi/lib/thumb/v7-m/nofp/libg_nano.a(lib_a-findfp.o)
                0x0000000000001f94                __sf_fake_stderr
 .rodata.__sf_fake_stdin
                0x0000000000001fb4       0x20 /home/jerryneedell/Microsemi_SoftConsole_v6.2/arm-none-eabi-gcc/bin/../lib/gcc/arm-none-eabi/8.2.1/../../../../arm-none-eabi/lib/thumb/v7-m/nofp/libg_nano.a(lib_a-findfp.o)
                0x0000000000001fb4                __sf_fake_stdin
 .rodata.__sf_fake_stdout
                0x0000000000001fd4       0x20 /home/jerryneedell/Microsemi_SoftConsole_v6.2/arm-none-eabi-gcc/bin/../lib/gcc/arm-none-eabi/8.2.1/../../../../arm-none-eabi/lib/thumb/v7-m/nofp/libg_nano.a(lib_a-findfp.o)
                0x0000000000001fd4                __sf_fake_stdout
 .rodata._vfprintf_r.str1.1
                0x0000000000001ff4       0x11 /home/jerryneedell/Microsemi_SoftConsole_v6.2/arm-none-eabi-gcc/bin/../lib/gcc/arm-none-eabi/8.2.1/../../../../arm-none-eabi/lib/thumb/v7-m/nofp/libg_nano.a(lib_a-nano-vfprintf.o)
 .rodata._printf_i.str1.1
                0x0000000000002005       0x22 /home/jerryneedell/Microsemi_SoftConsole_v6.2/arm-none-eabi-gcc/bin/../lib/gcc/arm-none-eabi/8.2.1/../../../../arm-none-eabi/lib/thumb/v7-m/nofp/libg_nano.a(lib_a-nano-vfprintf_i.o)
 *(.ARM.extab* .gnu.linkonce.armextab.*)
 *(.gcc_except_table)
 *(.eh_frame_hdr)
 *(.eh_frame)
 *fill*         0x0000000000002027        0x1 
 .eh_frame      0x0000000000002028        0x0 /home/jerryneedell/Microsemi_SoftConsole_v6.2/arm-none-eabi-gcc/bin/../lib/gcc/arm-none-eabi/8.2.1/thumb/v7-m/nofp/crtbegin.o
 *(.init)
 .init          0x0000000000002028        0x4 /home/jerryneedell/Microsemi_SoftConsole_v6.2/arm-none-eabi-gcc/bin/../lib/gcc/arm-none-eabi/8.2.1/thumb/v7-m/nofp/crti.o
                0x0000000000002028                _init
 .init          0x000000000000202c        0x8 /home/jerryneedell/Microsemi_SoftConsole_v6.2/arm-none-eabi-gcc/bin/../lib/gcc/arm-none-eabi/8.2.1/thumb/v7-m/nofp/crtn.o
 *(.fini)
 .fini          0x0000000000002034        0x4 /home/jerryneedell/Microsemi_SoftConsole_v6.2/arm-none-eabi-gcc/bin/../lib/gcc/arm-none-eabi/8.2.1/thumb/v7-m/nofp/crti.o
                0x0000000000002034                _fini
 .fini          0x0000000000002038        0x8 /home/jerryneedell/Microsemi_SoftConsole_v6.2/arm-none-eabi-gcc/bin/../lib/gcc/arm-none-eabi/8.2.1/thumb/v7-m/nofp/crtn.o
                0x0000000000002040                PROVIDE (__preinit_array_start = .)
 *(.preinit_array)
                0x0000000000002040                PROVIDE (__preinit_array_end = .)
                0x0000000000002040                PROVIDE (__init_array_start = .)
 *(SORT_BY_NAME(.init_array.*))
 *(.init_array)
 .init_array    0x0000000000002040        0x4 /home/jerryneedell/Microsemi_SoftConsole_v6.2/arm-none-eabi-gcc/bin/../lib/gcc/arm-none-eabi/8.2.1/thumb/v7-m/nofp/crtbegin.o
                0x0000000000002044                PROVIDE (__init_array_end = .)
                [!provide]                        PROVIDE (__fini_array_start = .)
 *(.fini_array)
 .fini_array    0x0000000000002044        0x4 /home/jerryneedell/Microsemi_SoftConsole_v6.2/arm-none-eabi-gcc/bin/../lib/gcc/arm-none-eabi/8.2.1/thumb/v7-m/nofp/crtbegin.o
 *(SORT_BY_NAME(.fini_array.*))
                [!provide]                        PROVIDE (__fini_array_end = .)
                0x0000000000002048                __exidx_start = .

.v4_bx          0x0000000000002048        0x0 load address 0x0000000060002048
 .v4_bx         0x0000000000002048        0x0 linker stubs

.iplt           0x0000000000002048        0x0 load address 0x0000000060002048
 .iplt          0x0000000000002048        0x0 /home/jerryneedell/Microsemi_SoftConsole_v6.2/arm-none-eabi-gcc/bin/../lib/gcc/arm-none-eabi/8.2.1/thumb/v7-m/nofp/crtbegin.o

.rel.dyn        0x0000000000002048        0x0 load address 0x0000000060002048
 .rel.iplt      0x0000000000002048        0x0 /home/jerryneedell/Microsemi_SoftConsole_v6.2/arm-none-eabi-gcc/bin/../lib/gcc/arm-none-eabi/8.2.1/thumb/v7-m/nofp/crtbegin.o

.ARM.exidx
 *(.ARM.exidx* .gnu.linkonce.armexidx.*)
                0x0000000000002048                __exidx_end = .
                0x0000000000002048                _etext = .

.data           0x0000000020000000       0x7c load address 0x0000000060002048
                0x0000000060002048                __data_load = LOADADDR (.data)
                0x0000000060002048                _sidata = LOADADDR (.data)
                0x0000000020000000                __data_start = .
                0x0000000020000000                _sdata = .
 *(.jcr)
 *(.got.plt)
 *(.got)
 *(.shdata)
 *(.data .data.* .gnu.linkonce.d.*)
 .data.SystemFrequency
                0x0000000020000000        0x4 ./CMSIS/system_a2fxxxm3.o
                0x0000000020000000                SystemFrequency
 .data.SystemCoreClock
                0x0000000020000004        0x4 ./CMSIS/system_a2fxxxm3.o
                0x0000000020000004                SystemCoreClock
 .data.g_FrequencyPCLK0
                0x0000000020000008        0x4 ./CMSIS/system_a2fxxxm3.o
                0x0000000020000008                g_FrequencyPCLK0
 .data.g_FrequencyPCLK1
                0x000000002000000c        0x4 ./CMSIS/system_a2fxxxm3.o
                0x000000002000000c                g_FrequencyPCLK1
 .data.g_FrequencyACE
                0x0000000020000010        0x4 ./CMSIS/system_a2fxxxm3.o
                0x0000000020000010                g_FrequencyACE
 .data.g_FrequencyFPGA
                0x0000000020000014        0x4 ./CMSIS/system_a2fxxxm3.o
                0x0000000020000014                g_FrequencyFPGA
 .data._impure_ptr
                0x0000000020000018        0x4 /home/jerryneedell/Microsemi_SoftConsole_v6.2/arm-none-eabi-gcc/bin/../lib/gcc/arm-none-eabi/8.2.1/../../../../arm-none-eabi/lib/thumb/v7-m/nofp/libg_nano.a(lib_a-impure.o)
                0x0000000020000018                _impure_ptr
 .data.impure_data
                0x000000002000001c       0x60 /home/jerryneedell/Microsemi_SoftConsole_v6.2/arm-none-eabi-gcc/bin/../lib/gcc/arm-none-eabi/8.2.1/../../../../arm-none-eabi/lib/thumb/v7-m/nofp/libg_nano.a(lib_a-impure.o)
                0x000000002000007c                . = ALIGN (0x4)
                0x000000002000007c                _edata = .

.tm_clone_table
                0x000000002000007c        0x0 load address 0x00000000600020c4
 .tm_clone_table
                0x000000002000007c        0x0 /home/jerryneedell/Microsemi_SoftConsole_v6.2/arm-none-eabi-gcc/bin/../lib/gcc/arm-none-eabi/8.2.1/thumb/v7-m/nofp/crtbegin.o
 .tm_clone_table
                0x000000002000007c        0x0 /home/jerryneedell/Microsemi_SoftConsole_v6.2/arm-none-eabi-gcc/bin/../lib/gcc/arm-none-eabi/8.2.1/thumb/v7-m/nofp/crtend.o

.igot.plt       0x000000002000007c        0x0 load address 0x00000000600020c4
 .igot.plt      0x000000002000007c        0x0 /home/jerryneedell/Microsemi_SoftConsole_v6.2/arm-none-eabi-gcc/bin/../lib/gcc/arm-none-eabi/8.2.1/thumb/v7-m/nofp/crtbegin.o

.bss            0x000000002000007c       0x8c load address 0x00000000600020c4
                0x000000002000007c                __bss_start__ = .
                0x000000002000007c                _sbss = .
 *(.shbss)
 *(.bss .bss.* .gnu.linkonce.b.*)
 .bss.completed.6707
                0x000000002000007c        0x1 /home/jerryneedell/Microsemi_SoftConsole_v6.2/arm-none-eabi-gcc/bin/../lib/gcc/arm-none-eabi/8.2.1/thumb/v7-m/nofp/crtbegin.o
 *fill*         0x000000002000007d        0x3 
 .bss.object.6712
                0x0000000020000080       0x18 /home/jerryneedell/Microsemi_SoftConsole_v6.2/arm-none-eabi-gcc/bin/../lib/gcc/arm-none-eabi/8.2.1/thumb/v7-m/nofp/crtbegin.o
 .bss.g_stdio_uart_init_done
                0x0000000020000098        0x4 ./CMSIS/startup_gcc/newlib_stubs.o
 .bss.heap_end.6653
                0x000000002000009c        0x4 ./CMSIS/startup_gcc/newlib_stubs.o
 .bss.__malloc_free_list
                0x00000000200000a0        0x4 /home/jerryneedell/Microsemi_SoftConsole_v6.2/arm-none-eabi-gcc/bin/../lib/gcc/arm-none-eabi/8.2.1/../../../../arm-none-eabi/lib/thumb/v7-m/nofp/libg_nano.a(lib_a-nano-mallocr.o)
                0x00000000200000a0                __malloc_free_list
 .bss.__malloc_sbrk_start
                0x00000000200000a4        0x4 /home/jerryneedell/Microsemi_SoftConsole_v6.2/arm-none-eabi-gcc/bin/../lib/gcc/arm-none-eabi/8.2.1/../../../../arm-none-eabi/lib/thumb/v7-m/nofp/libg_nano.a(lib_a-nano-mallocr.o)
                0x00000000200000a4                __malloc_sbrk_start
 *(COMMON)
 COMMON         0x00000000200000a8       0x50 ./drivers/mss_uart/mss_uart.o
                0x00000000200000a8                g_mss_uart1
                0x00000000200000d0                g_mss_uart0
 COMMON         0x00000000200000f8        0x9 /home/jerryneedell/Microsemi_SoftConsole_v6.2/arm-none-eabi-gcc/bin/../lib/gcc/arm-none-eabi/8.2.1/../../../../arm-none-eabi/lib/thumb/v7-m/nofp/libg_nano.a(lib_a-lock.o)
                0x00000000200000f8                __lock___atexit_recursive_mutex
                0x00000000200000f9                __lock___arc4random_mutex
                0x00000000200000fa                __lock___env_recursive_mutex
                0x00000000200000fb                __lock___sinit_recursive_mutex
                0x00000000200000fc                __lock___malloc_recursive_mutex
                0x00000000200000fd                __lock___at_quick_exit_mutex
                0x00000000200000fe                __lock___dd_hash_mutex
                0x00000000200000ff                __lock___tz_mutex
                0x0000000020000100                __lock___sfp_recursive_mutex
 *fill*         0x0000000020000101        0x3 
 COMMON         0x0000000020000104        0x4 /home/jerryneedell/Microsemi_SoftConsole_v6.2/arm-none-eabi-gcc/bin/../lib/gcc/arm-none-eabi/8.2.1/../../../../arm-none-eabi/lib/thumb/v7-m/nofp/libg_nano.a(lib_a-reent.o)
                0x0000000020000104                errno
                0x0000000020000108                . = ALIGN (0x8)
                0x0000000020000108                __bss_end__ = .
                0x0000000020000108                _end = .
                0x0000000020000108                __end = _end
                0x0000000020000108                _ebss = .
                [!provide]                        PROVIDE (end = .)

.stab
 *(.stab)

.stabstr
 *(.stabstr)

.debug
 *(.debug)

.line
 *(.line)

.debug_srcinfo
 *(.debug_srcinfo)

.debug_sfnames
 *(.debug_sfnames)

.debug_aranges  0x0000000000000000      0x278
 *(.debug_aranges)
 .debug_aranges
                0x0000000000000000       0xd8 ./drivers/mss_uart/mss_uart.o
 .debug_aranges
                0x00000000000000d8       0x60 ./drivers/mss_gpio/mss_gpio.o
 .debug_aranges
                0x0000000000000138       0xa8 ./CMSIS/startup_gcc/newlib_stubs.o
 .debug_aranges
                0x00000000000001e0       0x20 ./CMSIS/startup_gcc/startup_a2fxxxm3.o
 .debug_aranges
                0x0000000000000200       0x20 ./CMSIS/brownout_isr.o
 .debug_aranges
                0x0000000000000220       0x30 ./CMSIS/system_a2fxxxm3.o
 .debug_aranges
                0x0000000000000250       0x28 ./main.o

.debug_pubnames
 *(.debug_pubnames)

.debug_info     0x0000000000000000     0x5eb9
 *(.debug_info .gnu.linkonce.wi.*)
 .debug_info    0x0000000000000000     0x1554 ./drivers/mss_uart/mss_uart.o
 .debug_info    0x0000000000001554     0x1039 ./drivers/mss_gpio/mss_gpio.o
 .debug_info    0x000000000000258d     0x1a53 ./CMSIS/startup_gcc/newlib_stubs.o
 .debug_info    0x0000000000003fe0       0x26 ./CMSIS/startup_gcc/startup_a2fxxxm3.o
 .debug_info    0x0000000000004006      0x535 ./CMSIS/brownout_isr.o
 .debug_info    0x000000000000453b      0x559 ./CMSIS/system_a2fxxxm3.o
 .debug_info    0x0000000000004a94     0x1425 ./main.o

.debug_abbrev   0x0000000000000000      0xd58
 *(.debug_abbrev)
 .debug_abbrev  0x0000000000000000      0x32a ./drivers/mss_uart/mss_uart.o
 .debug_abbrev  0x000000000000032a      0x227 ./drivers/mss_gpio/mss_gpio.o
 .debug_abbrev  0x0000000000000551      0x321 ./CMSIS/startup_gcc/newlib_stubs.o
 .debug_abbrev  0x0000000000000872       0x14 ./CMSIS/startup_gcc/startup_a2fxxxm3.o
 .debug_abbrev  0x0000000000000886      0x11e ./CMSIS/brownout_isr.o
 .debug_abbrev  0x00000000000009a4      0x151 ./CMSIS/system_a2fxxxm3.o
 .debug_abbrev  0x0000000000000af5      0x263 ./main.o

.debug_line     0x0000000000000000     0x2347
 *(.debug_line)
 .debug_line    0x0000000000000000      0xbd7 ./drivers/mss_uart/mss_uart.o
 .debug_line    0x0000000000000bd7      0x4d7 ./drivers/mss_gpio/mss_gpio.o
 .debug_line    0x00000000000010ae      0x646 ./CMSIS/startup_gcc/newlib_stubs.o
 .debug_line    0x00000000000016f4      0x132 ./CMSIS/startup_gcc/startup_a2fxxxm3.o
 .debug_line    0x0000000000001826      0x29f ./CMSIS/brownout_isr.o
 .debug_line    0x0000000000001ac5      0x37f ./CMSIS/system_a2fxxxm3.o
 .debug_line    0x0000000000001e44      0x503 ./main.o

.debug_frame    0x0000000000000000     0x10f4
 *(.debug_frame)
 .debug_frame   0x0000000000000000      0x3b4 ./drivers/mss_uart/mss_uart.o
 .debug_frame   0x00000000000003b4      0x16c ./drivers/mss_gpio/mss_gpio.o
 .debug_frame   0x0000000000000520      0x2a4 ./CMSIS/startup_gcc/newlib_stubs.o
 .debug_frame   0x00000000000007c4       0x3c ./CMSIS/brownout_isr.o
 .debug_frame   0x0000000000000800       0x80 ./CMSIS/system_a2fxxxm3.o
 .debug_frame   0x0000000000000880       0x50 ./main.o
 .debug_frame   0x00000000000008d0       0x2c /home/jerryneedell/Microsemi_SoftConsole_v6.2/arm-none-eabi-gcc/bin/../lib/gcc/arm-none-eabi/8.2.1/../../../../arm-none-eabi/lib/thumb/v7-m/nofp/libg_nano.a(lib_a-init.o)
 .debug_frame   0x00000000000008fc       0x20 /home/jerryneedell/Microsemi_SoftConsole_v6.2/arm-none-eabi-gcc/bin/../lib/gcc/arm-none-eabi/8.2.1/../../../../arm-none-eabi/lib/thumb/v7-m/nofp/libg_nano.a(lib_a-memset.o)
 .debug_frame   0x000000000000091c       0x74 /home/jerryneedell/Microsemi_SoftConsole_v6.2/arm-none-eabi-gcc/bin/../lib/gcc/arm-none-eabi/8.2.1/../../../../arm-none-eabi/lib/thumb/v7-m/nofp/libg_nano.a(lib_a-printf.o)
 .debug_frame   0x0000000000000990       0x3c /home/jerryneedell/Microsemi_SoftConsole_v6.2/arm-none-eabi-gcc/bin/../lib/gcc/arm-none-eabi/8.2.1/../../../../arm-none-eabi/lib/thumb/v7-m/nofp/libg_nano.a(lib_a-puts.o)
 .debug_frame   0x00000000000009cc       0x40 /home/jerryneedell/Microsemi_SoftConsole_v6.2/arm-none-eabi-gcc/bin/../lib/gcc/arm-none-eabi/8.2.1/../../../../arm-none-eabi/lib/thumb/v7-m/nofp/libg_nano.a(lib_a-wbuf.o)
 .debug_frame   0x0000000000000a0c       0x2c /home/jerryneedell/Microsemi_SoftConsole_v6.2/arm-none-eabi-gcc/bin/../lib/gcc/arm-none-eabi/8.2.1/../../../../arm-none-eabi/lib/thumb/v7-m/nofp/libg_nano.a(lib_a-wsetup.o)
 .debug_frame   0x0000000000000a38       0x5c /home/jerryneedell/Microsemi_SoftConsole_v6.2/arm-none-eabi-gcc/bin/../lib/gcc/arm-none-eabi/8.2.1/../../../../arm-none-eabi/lib/thumb/v7-m/nofp/libg_nano.a(lib_a-fflush.o)
 .debug_frame   0x0000000000000a94      0x14c /home/jerryneedell/Microsemi_SoftConsole_v6.2/arm-none-eabi-gcc/bin/../lib/gcc/arm-none-eabi/8.2.1/../../../../arm-none-eabi/lib/thumb/v7-m/nofp/libg_nano.a(lib_a-findfp.o)
 .debug_frame   0x0000000000000be0       0x54 /home/jerryneedell/Microsemi_SoftConsole_v6.2/arm-none-eabi-gcc/bin/../lib/gcc/arm-none-eabi/8.2.1/../../../../arm-none-eabi/lib/thumb/v7-m/nofp/libg_nano.a(lib_a-fwalk.o)
 .debug_frame   0x0000000000000c34       0xb0 /home/jerryneedell/Microsemi_SoftConsole_v6.2/arm-none-eabi-gcc/bin/../lib/gcc/arm-none-eabi/8.2.1/../../../../arm-none-eabi/lib/thumb/v7-m/nofp/libg_nano.a(lib_a-lock.o)
 .debug_frame   0x0000000000000ce4       0x58 /home/jerryneedell/Microsemi_SoftConsole_v6.2/arm-none-eabi-gcc/bin/../lib/gcc/arm-none-eabi/8.2.1/../../../../arm-none-eabi/lib/thumb/v7-m/nofp/libg_nano.a(lib_a-makebuf.o)
 .debug_frame   0x0000000000000d3c       0x38 /home/jerryneedell/Microsemi_SoftConsole_v6.2/arm-none-eabi-gcc/bin/../lib/gcc/arm-none-eabi/8.2.1/../../../../arm-none-eabi/lib/thumb/v7-m/nofp/libg_nano.a(lib_a-nano-freer.o)
 .debug_frame   0x0000000000000d74       0x30 /home/jerryneedell/Microsemi_SoftConsole_v6.2/arm-none-eabi-gcc/bin/../lib/gcc/arm-none-eabi/8.2.1/../../../../arm-none-eabi/lib/thumb/v7-m/nofp/libg_nano.a(lib_a-nano-mallocr.o)
 .debug_frame   0x0000000000000da4       0xac /home/jerryneedell/Microsemi_SoftConsole_v6.2/arm-none-eabi-gcc/bin/../lib/gcc/arm-none-eabi/8.2.1/../../../../arm-none-eabi/lib/thumb/v7-m/nofp/libg_nano.a(lib_a-nano-vfprintf.o)
 .debug_frame   0x0000000000000e50       0x60 /home/jerryneedell/Microsemi_SoftConsole_v6.2/arm-none-eabi-gcc/bin/../lib/gcc/arm-none-eabi/8.2.1/../../../../arm-none-eabi/lib/thumb/v7-m/nofp/libg_nano.a(lib_a-nano-vfprintf_i.o)
 .debug_frame   0x0000000000000eb0       0x2c /home/jerryneedell/Microsemi_SoftConsole_v6.2/arm-none-eabi-gcc/bin/../lib/gcc/arm-none-eabi/8.2.1/../../../../arm-none-eabi/lib/thumb/v7-m/nofp/libg_nano.a(lib_a-sbrkr.o)
 .debug_frame   0x0000000000000edc       0x88 /home/jerryneedell/Microsemi_SoftConsole_v6.2/arm-none-eabi-gcc/bin/../lib/gcc/arm-none-eabi/8.2.1/../../../../arm-none-eabi/lib/thumb/v7-m/nofp/libg_nano.a(lib_a-stdio.o)
 .debug_frame   0x0000000000000f64       0x2c /home/jerryneedell/Microsemi_SoftConsole_v6.2/arm-none-eabi-gcc/bin/../lib/gcc/arm-none-eabi/8.2.1/../../../../arm-none-eabi/lib/thumb/v7-m/nofp/libg_nano.a(lib_a-closer.o)
 .debug_frame   0x0000000000000f90       0x2c /home/jerryneedell/Microsemi_SoftConsole_v6.2/arm-none-eabi-gcc/bin/../lib/gcc/arm-none-eabi/8.2.1/../../../../arm-none-eabi/lib/thumb/v7-m/nofp/libg_nano.a(lib_a-fstatr.o)
 .debug_frame   0x0000000000000fbc       0x2c /home/jerryneedell/Microsemi_SoftConsole_v6.2/arm-none-eabi-gcc/bin/../lib/gcc/arm-none-eabi/8.2.1/../../../../arm-none-eabi/lib/thumb/v7-m/nofp/libg_nano.a(lib_a-isattyr.o)
 .debug_frame   0x0000000000000fe8       0x2c /home/jerryneedell/Microsemi_SoftConsole_v6.2/arm-none-eabi-gcc/bin/../lib/gcc/arm-none-eabi/8.2.1/../../../../arm-none-eabi/lib/thumb/v7-m/nofp/libg_nano.a(lib_a-lseekr.o)
 .debug_frame   0x0000000000001014       0x28 /home/jerryneedell/Microsemi_SoftConsole_v6.2/arm-none-eabi-gcc/bin/../lib/gcc/arm-none-eabi/8.2.1/../../../../arm-none-eabi/lib/thumb/v7-m/nofp/libg_nano.a(lib_a-memchr-stub.o)
 .debug_frame   0x000000000000103c       0x30 /home/jerryneedell/Microsemi_SoftConsole_v6.2/arm-none-eabi-gcc/bin/../lib/gcc/arm-none-eabi/8.2.1/../../../../arm-none-eabi/lib/thumb/v7-m/nofp/libg_nano.a(lib_a-mlock.o)
 .debug_frame   0x000000000000106c       0x2c /home/jerryneedell/Microsemi_SoftConsole_v6.2/arm-none-eabi-gcc/bin/../lib/gcc/arm-none-eabi/8.2.1/../../../../arm-none-eabi/lib/thumb/v7-m/nofp/libg_nano.a(lib_a-readr.o)
 .debug_frame   0x0000000000001098       0x5c /home/jerryneedell/Microsemi_SoftConsole_v6.2/arm-none-eabi-gcc/bin/../lib/gcc/arm-none-eabi/8.2.1/../../../../arm-none-eabi/lib/thumb/v7-m/nofp/libg_nano.a(lib_a-reent.o)

.debug_str      0x0000000000000000    0x1012f
 *(.debug_str)
 .debug_str     0x0000000000000000     0x9764 ./drivers/mss_uart/mss_uart.o
                                       0x99d1 (size before relaxing)
 .debug_str     0x0000000000009764      0x9e6 ./drivers/mss_gpio/mss_gpio.o
                                       0x919b (size before relaxing)
 .debug_str     0x000000000000a14a     0x509d ./CMSIS/startup_gcc/newlib_stubs.o
                                       0xe1e9 (size before relaxing)
 .debug_str     0x000000000000f1e7       0x37 ./CMSIS/startup_gcc/startup_a2fxxxm3.o
                                         0x6d (size before relaxing)
 .debug_str     0x000000000000f21e      0x1af ./CMSIS/brownout_isr.o
                                       0x7a4d (size before relaxing)
 .debug_str     0x000000000000f3cd      0x401 ./CMSIS/system_a2fxxxm3.o
                                       0x80b9 (size before relaxing)
 .debug_str     0x000000000000f7ce      0x961 ./main.o
                                       0xd417 (size before relaxing)

.debug_loc
 *(.debug_loc)

.debug_macinfo
 *(.debug_macinfo)

.debug_weaknames
 *(.debug_weaknames)

.debug_funcnames
 *(.debug_funcnames)

.debug_typenames
 *(.debug_typenames)

.debug_varnames
 *(.debug_varnames)

.note.gnu.arm.ident
 *(.note.gnu.arm.ident)

.ARM.attributes
                0x0000000000000000       0x29
 *(.ARM.attributes)
 .ARM.attributes
                0x0000000000000000       0x1d /home/jerryneedell/Microsemi_SoftConsole_v6.2/arm-none-eabi-gcc/bin/../lib/gcc/arm-none-eabi/8.2.1/thumb/v7-m/nofp/crti.o
 .ARM.attributes
                0x000000000000001d       0x2d /home/jerryneedell/Microsemi_SoftConsole_v6.2/arm-none-eabi-gcc/bin/../lib/gcc/arm-none-eabi/8.2.1/thumb/v7-m/nofp/crtbegin.o
 .ARM.attributes
                0x000000000000004a       0x1b /home/jerryneedell/Microsemi_SoftConsole_v6.2/arm-none-eabi-gcc/bin/../lib/gcc/arm-none-eabi/8.2.1/../../../../arm-none-eabi/lib/thumb/v7-m/nofp/crt0.o
 .ARM.attributes
                0x0000000000000065       0x2d ./drivers/mss_uart/mss_uart.o
 .ARM.attributes
                0x0000000000000092       0x2d ./drivers/mss_gpio/mss_gpio.o
 .ARM.attributes
                0x00000000000000bf       0x2d ./CMSIS/startup_gcc/newlib_stubs.o
 .ARM.attributes
                0x00000000000000ec       0x21 ./CMSIS/startup_gcc/startup_a2fxxxm3.o
 .ARM.attributes
                0x000000000000010d       0x2d ./CMSIS/brownout_isr.o
 .ARM.attributes
                0x000000000000013a       0x2d ./CMSIS/core_cm3.o
 .ARM.attributes
                0x0000000000000167       0x2d ./CMSIS/system_a2fxxxm3.o
 .ARM.attributes
                0x0000000000000194       0x2d ./main.o
 .ARM.attributes
                0x00000000000001c1       0x2d /home/jerryneedell/Microsemi_SoftConsole_v6.2/arm-none-eabi-gcc/bin/../lib/gcc/arm-none-eabi/8.2.1/../../../../arm-none-eabi/lib/thumb/v7-m/nofp/libg_nano.a(lib_a-errno.o)
 .ARM.attributes
                0x00000000000001ee       0x2d /home/jerryneedell/Microsemi_SoftConsole_v6.2/arm-none-eabi-gcc/bin/../lib/gcc/arm-none-eabi/8.2.1/../../../../arm-none-eabi/lib/thumb/v7-m/nofp/libg_nano.a(lib_a-exit.o)
 .ARM.attributes
                0x000000000000021b       0x2d /home/jerryneedell/Microsemi_SoftConsole_v6.2/arm-none-eabi-gcc/bin/../lib/gcc/arm-none-eabi/8.2.1/../../../../arm-none-eabi/lib/thumb/v7-m/nofp/libg_nano.a(lib_a-impure.o)
 .ARM.attributes
                0x0000000000000248       0x2d /home/jerryneedell/Microsemi_SoftConsole_v6.2/arm-none-eabi-gcc/bin/../lib/gcc/arm-none-eabi/8.2.1/../../../../arm-none-eabi/lib/thumb/v7-m/nofp/libg_nano.a(lib_a-init.o)
 .ARM.attributes
                0x0000000000000275       0x2d /home/jerryneedell/Microsemi_SoftConsole_v6.2/arm-none-eabi-gcc/bin/../lib/gcc/arm-none-eabi/8.2.1/../../../../arm-none-eabi/lib/thumb/v7-m/nofp/libg_nano.a(lib_a-memset.o)
 .ARM.attributes
                0x00000000000002a2       0x2d /home/jerryneedell/Microsemi_SoftConsole_v6.2/arm-none-eabi-gcc/bin/../lib/gcc/arm-none-eabi/8.2.1/../../../../arm-none-eabi/lib/thumb/v7-m/nofp/libg_nano.a(lib_a-printf.o)
 .ARM.attributes
                0x00000000000002cf       0x2d /home/jerryneedell/Microsemi_SoftConsole_v6.2/arm-none-eabi-gcc/bin/../lib/gcc/arm-none-eabi/8.2.1/../../../../arm-none-eabi/lib/thumb/v7-m/nofp/libg_nano.a(lib_a-puts.o)
 .ARM.attributes
                0x00000000000002fc       0x2d /home/jerryneedell/Microsemi_SoftConsole_v6.2/arm-none-eabi-gcc/bin/../lib/gcc/arm-none-eabi/8.2.1/../../../../arm-none-eabi/lib/thumb/v7-m/nofp/libg_nano.a(lib_a-wbuf.o)
 .ARM.attributes
                0x0000000000000329       0x2d /home/jerryneedell/Microsemi_SoftConsole_v6.2/arm-none-eabi-gcc/bin/../lib/gcc/arm-none-eabi/8.2.1/../../../../arm-none-eabi/lib/thumb/v7-m/nofp/libg_nano.a(lib_a-wsetup.o)
 .ARM.attributes
                0x0000000000000356       0x2d /home/jerryneedell/Microsemi_SoftConsole_v6.2/arm-none-eabi-gcc/bin/../lib/gcc/arm-none-eabi/8.2.1/../../../../arm-none-eabi/lib/thumb/v7-m/nofp/libg_nano.a(lib_a-fflush.o)
 .ARM.attributes
                0x0000000000000383       0x2d /home/jerryneedell/Microsemi_SoftConsole_v6.2/arm-none-eabi-gcc/bin/../lib/gcc/arm-none-eabi/8.2.1/../../../../arm-none-eabi/lib/thumb/v7-m/nofp/libg_nano.a(lib_a-findfp.o)
 .ARM.attributes
                0x00000000000003b0       0x2d /home/jerryneedell/Microsemi_SoftConsole_v6.2/arm-none-eabi-gcc/bin/../lib/gcc/arm-none-eabi/8.2.1/../../../../arm-none-eabi/lib/thumb/v7-m/nofp/libg_nano.a(lib_a-fwalk.o)
 .ARM.attributes
                0x00000000000003dd       0x2d /home/jerryneedell/Microsemi_SoftConsole_v6.2/arm-none-eabi-gcc/bin/../lib/gcc/arm-none-eabi/8.2.1/../../../../arm-none-eabi/lib/thumb/v7-m/nofp/libg_nano.a(lib_a-lock.o)
 .ARM.attributes
                0x000000000000040a       0x2d /home/jerryneedell/Microsemi_SoftConsole_v6.2/arm-none-eabi-gcc/bin/../lib/gcc/arm-none-eabi/8.2.1/../../../../arm-none-eabi/lib/thumb/v7-m/nofp/libg_nano.a(lib_a-makebuf.o)
 .ARM.attributes
                0x0000000000000437       0x2d /home/jerryneedell/Microsemi_SoftConsole_v6.2/arm-none-eabi-gcc/bin/../lib/gcc/arm-none-eabi/8.2.1/../../../../arm-none-eabi/lib/thumb/v7-m/nofp/libg_nano.a(lib_a-nano-freer.o)
 .ARM.attributes
                0x0000000000000464       0x2d /home/jerryneedell/Microsemi_SoftConsole_v6.2/arm-none-eabi-gcc/bin/../lib/gcc/arm-none-eabi/8.2.1/../../../../arm-none-eabi/lib/thumb/v7-m/nofp/libg_nano.a(lib_a-nano-mallocr.o)
 .ARM.attributes
                0x0000000000000491       0x2d /home/jerryneedell/Microsemi_SoftConsole_v6.2/arm-none-eabi-gcc/bin/../lib/gcc/arm-none-eabi/8.2.1/../../../../arm-none-eabi/lib/thumb/v7-m/nofp/libg_nano.a(lib_a-nano-vfprintf.o)
 .ARM.attributes
                0x00000000000004be       0x2d /home/jerryneedell/Microsemi_SoftConsole_v6.2/arm-none-eabi-gcc/bin/../lib/gcc/arm-none-eabi/8.2.1/../../../../arm-none-eabi/lib/thumb/v7-m/nofp/libg_nano.a(lib_a-nano-vfprintf_i.o)
 .ARM.attributes
                0x00000000000004eb       0x2d /home/jerryneedell/Microsemi_SoftConsole_v6.2/arm-none-eabi-gcc/bin/../lib/gcc/arm-none-eabi/8.2.1/../../../../arm-none-eabi/lib/thumb/v7-m/nofp/libg_nano.a(lib_a-sbrkr.o)
 .ARM.attributes
                0x0000000000000518       0x2d /home/jerryneedell/Microsemi_SoftConsole_v6.2/arm-none-eabi-gcc/bin/../lib/gcc/arm-none-eabi/8.2.1/../../../../arm-none-eabi/lib/thumb/v7-m/nofp/libg_nano.a(lib_a-stdio.o)
 .ARM.attributes
                0x0000000000000545       0x2d /home/jerryneedell/Microsemi_SoftConsole_v6.2/arm-none-eabi-gcc/bin/../lib/gcc/arm-none-eabi/8.2.1/../../../../arm-none-eabi/lib/thumb/v7-m/nofp/libg_nano.a(lib_a-closer.o)
 .ARM.attributes
                0x0000000000000572       0x2d /home/jerryneedell/Microsemi_SoftConsole_v6.2/arm-none-eabi-gcc/bin/../lib/gcc/arm-none-eabi/8.2.1/../../../../arm-none-eabi/lib/thumb/v7-m/nofp/libg_nano.a(lib_a-fstatr.o)
 .ARM.attributes
                0x000000000000059f       0x2d /home/jerryneedell/Microsemi_SoftConsole_v6.2/arm-none-eabi-gcc/bin/../lib/gcc/arm-none-eabi/8.2.1/../../../../arm-none-eabi/lib/thumb/v7-m/nofp/libg_nano.a(lib_a-fvwrite.o)
 .ARM.attributes
                0x00000000000005cc       0x2d /home/jerryneedell/Microsemi_SoftConsole_v6.2/arm-none-eabi-gcc/bin/../lib/gcc/arm-none-eabi/8.2.1/../../../../arm-none-eabi/lib/thumb/v7-m/nofp/libg_nano.a(lib_a-isattyr.o)
 .ARM.attributes
                0x00000000000005f9       0x2d /home/jerryneedell/Microsemi_SoftConsole_v6.2/arm-none-eabi-gcc/bin/../lib/gcc/arm-none-eabi/8.2.1/../../../../arm-none-eabi/lib/thumb/v7-m/nofp/libg_nano.a(lib_a-lseekr.o)
 .ARM.attributes
                0x0000000000000626       0x2d /home/jerryneedell/Microsemi_SoftConsole_v6.2/arm-none-eabi-gcc/bin/../lib/gcc/arm-none-eabi/8.2.1/../../../../arm-none-eabi/lib/thumb/v7-m/nofp/libg_nano.a(lib_a-memchr-stub.o)
 .ARM.attributes
                0x0000000000000653       0x2d /home/jerryneedell/Microsemi_SoftConsole_v6.2/arm-none-eabi-gcc/bin/../lib/gcc/arm-none-eabi/8.2.1/../../../../arm-none-eabi/lib/thumb/v7-m/nofp/libg_nano.a(lib_a-memcpy-stub.o)
 .ARM.attributes
                0x0000000000000680       0x2d /home/jerryneedell/Microsemi_SoftConsole_v6.2/arm-none-eabi-gcc/bin/../lib/gcc/arm-none-eabi/8.2.1/../../../../arm-none-eabi/lib/thumb/v7-m/nofp/libg_nano.a(lib_a-memmove.o)
 .ARM.attributes
                0x00000000000006ad       0x2d /home/jerryneedell/Microsemi_SoftConsole_v6.2/arm-none-eabi-gcc/bin/../lib/gcc/arm-none-eabi/8.2.1/../../../../arm-none-eabi/lib/thumb/v7-m/nofp/libg_nano.a(lib_a-mlock.o)
 .ARM.attributes
                0x00000000000006da       0x2d /home/jerryneedell/Microsemi_SoftConsole_v6.2/arm-none-eabi-gcc/bin/../lib/gcc/arm-none-eabi/8.2.1/../../../../arm-none-eabi/lib/thumb/v7-m/nofp/libg_nano.a(lib_a-nano-reallocr.o)
 .ARM.attributes
                0x0000000000000707       0x2d /home/jerryneedell/Microsemi_SoftConsole_v6.2/arm-none-eabi-gcc/bin/../lib/gcc/arm-none-eabi/8.2.1/../../../../arm-none-eabi/lib/thumb/v7-m/nofp/libg_nano.a(lib_a-readr.o)
 .ARM.attributes
                0x0000000000000734       0x2d /home/jerryneedell/Microsemi_SoftConsole_v6.2/arm-none-eabi-gcc/bin/../lib/gcc/arm-none-eabi/8.2.1/../../../../arm-none-eabi/lib/thumb/v7-m/nofp/libg_nano.a(lib_a-reent.o)
 .ARM.attributes
                0x0000000000000761       0x2d /home/jerryneedell/Microsemi_SoftConsole_v6.2/arm-none-eabi-gcc/bin/../lib/gcc/arm-none-eabi/8.2.1/../../../../arm-none-eabi/lib/thumb/v7-m/nofp/libg_nano.a(lib_a-nano-msizer.o)
 .ARM.attributes
                0x000000000000078e       0x2d /home/jerryneedell/Microsemi_SoftConsole_v6.2/arm-none-eabi-gcc/bin/../lib/gcc/arm-none-eabi/8.2.1/thumb/v7-m/nofp/crtend.o
 .ARM.attributes
                0x00000000000007bb       0x1d /home/jerryneedell/Microsemi_SoftConsole_v6.2/arm-none-eabi-gcc/bin/../lib/gcc/arm-none-eabi/8.2.1/thumb/v7-m/nofp/crtn.o

/DISCARD/
 *(.note.GNU-stack)
OUTPUT(gjnuart.elf elf32-littlearm)

.debug_ranges   0x0000000000000000      0x1f8
 .debug_ranges  0x0000000000000000       0xc8 ./drivers/mss_uart/mss_uart.o
 .debug_ranges  0x00000000000000c8       0x50 ./drivers/mss_gpio/mss_gpio.o
 .debug_ranges  0x0000000000000118       0x98 ./CMSIS/startup_gcc/newlib_stubs.o
 .debug_ranges  0x00000000000001b0       0x10 ./CMSIS/brownout_isr.o
 .debug_ranges  0x00000000000001c0       0x20 ./CMSIS/system_a2fxxxm3.o
 .debug_ranges  0x00000000000001e0       0x18 ./main.o

.debug_macro    0x0000000000000000     0x3ea8
 .debug_macro   0x0000000000000000      0x155 ./drivers/mss_uart/mss_uart.o
 .debug_macro   0x0000000000000155      0xa7e ./drivers/mss_uart/mss_uart.o
 .debug_macro   0x0000000000000bd3       0x1f ./drivers/mss_uart/mss_uart.o
 .debug_macro   0x0000000000000bf2       0x22 ./drivers/mss_uart/mss_uart.o
 .debug_macro   0x0000000000000c14       0x22 ./drivers/mss_uart/mss_uart.o
 .debug_macro   0x0000000000000c36       0x8e ./drivers/mss_uart/mss_uart.o
 .debug_macro   0x0000000000000cc4       0x51 ./drivers/mss_uart/mss_uart.o
 .debug_macro   0x0000000000000d15       0xef ./drivers/mss_uart/mss_uart.o
 .debug_macro   0x0000000000000e04       0x6a ./drivers/mss_uart/mss_uart.o
 .debug_macro   0x0000000000000e6e      0x1df ./drivers/mss_uart/mss_uart.o
 .debug_macro   0x000000000000104d      0x7b7 ./drivers/mss_uart/mss_uart.o
 .debug_macro   0x0000000000001804      0x1f5 ./drivers/mss_uart/mss_uart.o
 .debug_macro   0x00000000000019f9      0x174 ./drivers/mss_uart/mss_uart.o
 .debug_macro   0x0000000000001b6d      0x14d ./drivers/mss_uart/mss_uart.o
 .debug_macro   0x0000000000001cba       0x64 ./drivers/mss_uart/mss_uart.o
 .debug_macro   0x0000000000001d1e       0x18 ./drivers/mss_uart/mss_uart.o
 .debug_macro   0x0000000000001d36       0x35 ./drivers/mss_uart/mss_uart.o
 .debug_macro   0x0000000000001d6b       0x34 ./drivers/mss_uart/mss_uart.o
 .debug_macro   0x0000000000001d9f       0x1c ./drivers/mss_uart/mss_uart.o
 .debug_macro   0x0000000000001dbb       0xf5 ./drivers/mss_gpio/mss_gpio.o
 .debug_macro   0x0000000000001eb0      0x11c ./drivers/mss_gpio/mss_gpio.o
 .debug_macro   0x0000000000001fcc      0x260 ./CMSIS/startup_gcc/newlib_stubs.o
 .debug_macro   0x000000000000222c       0x5e ./CMSIS/startup_gcc/newlib_stubs.o
 .debug_macro   0x000000000000228a       0x94 ./CMSIS/startup_gcc/newlib_stubs.o
 .debug_macro   0x000000000000231e       0x16 ./CMSIS/startup_gcc/newlib_stubs.o
 .debug_macro   0x0000000000002334      0x10e ./CMSIS/startup_gcc/newlib_stubs.o
 .debug_macro   0x0000000000002442       0x8d ./CMSIS/startup_gcc/newlib_stubs.o
 .debug_macro   0x00000000000024cf       0x57 ./CMSIS/startup_gcc/newlib_stubs.o
 .debug_macro   0x0000000000002526       0x58 ./CMSIS/startup_gcc/newlib_stubs.o
 .debug_macro   0x000000000000257e       0x1f ./CMSIS/startup_gcc/newlib_stubs.o
 .debug_macro   0x000000000000259d       0x43 ./CMSIS/startup_gcc/newlib_stubs.o
 .debug_macro   0x00000000000025e0       0x20 ./CMSIS/startup_gcc/newlib_stubs.o
 .debug_macro   0x0000000000002600      0x18e ./CMSIS/startup_gcc/newlib_stubs.o
 .debug_macro   0x000000000000278e      0x339 ./CMSIS/startup_gcc/newlib_stubs.o
 .debug_macro   0x0000000000002ac7       0x16 ./CMSIS/startup_gcc/newlib_stubs.o
 .debug_macro   0x0000000000002add       0x29 ./CMSIS/startup_gcc/newlib_stubs.o
 .debug_macro   0x0000000000002b06       0x16 ./CMSIS/startup_gcc/newlib_stubs.o
 .debug_macro   0x0000000000002b1c       0x10 ./CMSIS/startup_gcc/newlib_stubs.o
 .debug_macro   0x0000000000002b2c       0x35 ./CMSIS/startup_gcc/newlib_stubs.o
 .debug_macro   0x0000000000002b61       0x1c ./CMSIS/startup_gcc/newlib_stubs.o
 .debug_macro   0x0000000000002b7d       0x52 ./CMSIS/startup_gcc/newlib_stubs.o
 .debug_macro   0x0000000000002bcf       0x40 ./CMSIS/startup_gcc/newlib_stubs.o
 .debug_macro   0x0000000000002c0f       0x10 ./CMSIS/startup_gcc/newlib_stubs.o
 .debug_macro   0x0000000000002c1f       0x40 ./CMSIS/startup_gcc/newlib_stubs.o
 .debug_macro   0x0000000000002c5f       0xd7 ./CMSIS/startup_gcc/newlib_stubs.o
 .debug_macro   0x0000000000002d36       0x1c ./CMSIS/startup_gcc/newlib_stubs.o
 .debug_macro   0x0000000000002d52       0x3d ./CMSIS/startup_gcc/newlib_stubs.o
 .debug_macro   0x0000000000002d8f      0x51a ./CMSIS/startup_gcc/newlib_stubs.o
 .debug_macro   0x00000000000032a9       0x16 ./CMSIS/startup_gcc/newlib_stubs.o
 .debug_macro   0x00000000000032bf       0x10 ./CMSIS/startup_gcc/newlib_stubs.o
 .debug_macro   0x00000000000032cf       0x10 ./CMSIS/startup_gcc/newlib_stubs.o
 .debug_macro   0x00000000000032df       0x35 ./CMSIS/startup_gcc/newlib_stubs.o
 .debug_macro   0x0000000000003314      0x122 ./CMSIS/startup_gcc/newlib_stubs.o
 .debug_macro   0x0000000000003436       0x10 ./CMSIS/startup_gcc/newlib_stubs.o
 .debug_macro   0x0000000000003446      0x241 ./CMSIS/startup_gcc/newlib_stubs.o
 .debug_macro   0x0000000000003687       0xc7 ./CMSIS/brownout_isr.o
 .debug_macro   0x000000000000374e      0x17c ./CMSIS/system_a2fxxxm3.o
 .debug_macro   0x00000000000038ca      0x25a ./main.o
 .debug_macro   0x0000000000003b24       0x16 ./main.o
 .debug_macro   0x0000000000003b3a       0x97 ./main.o
 .debug_macro   0x0000000000003bd1       0xfd ./main.o
 .debug_macro   0x0000000000003cce       0x10 ./main.o
 .debug_macro   0x0000000000003cde       0x16 ./main.o
 .debug_macro   0x0000000000003cf4      0x16f ./main.o
 .debug_macro   0x0000000000003e63       0x45 ./main.o

.comment        0x0000000000000000       0x68
 .comment       0x0000000000000000       0x68 ./drivers/mss_uart/mss_uart.o
                                         0x69 (size before relaxing)
 .comment       0x0000000000000068       0x69 ./drivers/mss_gpio/mss_gpio.o
 .comment       0x0000000000000068       0x69 ./CMSIS/startup_gcc/newlib_stubs.o
 .comment       0x0000000000000068       0x69 ./CMSIS/brownout_isr.o
 .comment       0x0000000000000068       0x69 ./CMSIS/system_a2fxxxm3.o
 .comment       0x0000000000000068       0x69 ./main.o
