Archive member included to satisfy reference by file (symbol)

/home/jerryneedell/Microchip/SoftConsole-v6.4/arm-none-eabi-gcc/bin/../lib/gcc/arm-none-eabi/9.2.1/../../../../arm-none-eabi/lib/thumb/v7-m/nofp/libg_nano.a(lib_a-assert.o)
                              ./WebServer/httpserver-netconn.o (__assert_func)
/home/jerryneedell/Microchip/SoftConsole-v6.4/arm-none-eabi-gcc/bin/../lib/gcc/arm-none-eabi/9.2.1/../../../../arm-none-eabi/lib/thumb/v7-m/nofp/libg_nano.a(lib_a-errno.o)
                              ./CMSIS/startup_gcc/newlib_stubs.o (__errno)
/home/jerryneedell/Microchip/SoftConsole-v6.4/arm-none-eabi-gcc/bin/../lib/gcc/arm-none-eabi/9.2.1/../../../../arm-none-eabi/lib/thumb/v7-m/nofp/libg_nano.a(lib_a-exit.o)
                              /home/jerryneedell/Microchip/SoftConsole-v6.4/arm-none-eabi-gcc/bin/../lib/gcc/arm-none-eabi/9.2.1/../../../../arm-none-eabi/lib/thumb/v7-m/nofp/crt0.o (exit)
/home/jerryneedell/Microchip/SoftConsole-v6.4/arm-none-eabi-gcc/bin/../lib/gcc/arm-none-eabi/9.2.1/../../../../arm-none-eabi/lib/thumb/v7-m/nofp/libg_nano.a(lib_a-fprintf.o)
                              /home/jerryneedell/Microchip/SoftConsole-v6.4/arm-none-eabi-gcc/bin/../lib/gcc/arm-none-eabi/9.2.1/../../../../arm-none-eabi/lib/thumb/v7-m/nofp/libg_nano.a(lib_a-assert.o) (fiprintf)
/home/jerryneedell/Microchip/SoftConsole-v6.4/arm-none-eabi-gcc/bin/../lib/gcc/arm-none-eabi/9.2.1/../../../../arm-none-eabi/lib/thumb/v7-m/nofp/libg_nano.a(lib_a-impure.o)
                              /home/jerryneedell/Microchip/SoftConsole-v6.4/arm-none-eabi-gcc/bin/../lib/gcc/arm-none-eabi/9.2.1/../../../../arm-none-eabi/lib/thumb/v7-m/nofp/libg_nano.a(lib_a-exit.o) (_global_impure_ptr)
/home/jerryneedell/Microchip/SoftConsole-v6.4/arm-none-eabi-gcc/bin/../lib/gcc/arm-none-eabi/9.2.1/../../../../arm-none-eabi/lib/thumb/v7-m/nofp/libg_nano.a(lib_a-init.o)
                              /home/jerryneedell/Microchip/SoftConsole-v6.4/arm-none-eabi-gcc/bin/../lib/gcc/arm-none-eabi/9.2.1/../../../../arm-none-eabi/lib/thumb/v7-m/nofp/crt0.o (__libc_init_array)
/home/jerryneedell/Microchip/SoftConsole-v6.4/arm-none-eabi-gcc/bin/../lib/gcc/arm-none-eabi/9.2.1/../../../../arm-none-eabi/lib/thumb/v7-m/nofp/libg_nano.a(lib_a-memcmp.o)
                              ./lwip-1.4.1/netif/etharp.o (memcmp)
/home/jerryneedell/Microchip/SoftConsole-v6.4/arm-none-eabi-gcc/bin/../lib/gcc/arm-none-eabi/9.2.1/../../../../arm-none-eabi/lib/thumb/v7-m/nofp/libg_nano.a(lib_a-memcpy-stub.o)
                              ./lwip-1.4.1/netif/m2sxxx_ethernetif.o (memcpy)
/home/jerryneedell/Microchip/SoftConsole-v6.4/arm-none-eabi-gcc/bin/../lib/gcc/arm-none-eabi/9.2.1/../../../../arm-none-eabi/lib/thumb/v7-m/nofp/libg_nano.a(lib_a-memset.o)
                              /home/jerryneedell/Microchip/SoftConsole-v6.4/arm-none-eabi-gcc/bin/../lib/gcc/arm-none-eabi/9.2.1/../../../../arm-none-eabi/lib/thumb/v7-m/nofp/crt0.o (memset)
/home/jerryneedell/Microchip/SoftConsole-v6.4/arm-none-eabi-gcc/bin/../lib/gcc/arm-none-eabi/9.2.1/../../../../arm-none-eabi/lib/thumb/v7-m/nofp/libg_nano.a(lib_a-nano-vfprintf.o)
                              /home/jerryneedell/Microchip/SoftConsole-v6.4/arm-none-eabi-gcc/bin/../lib/gcc/arm-none-eabi/9.2.1/../../../../arm-none-eabi/lib/thumb/v7-m/nofp/libg_nano.a(lib_a-fprintf.o) (_vfprintf_r)
/home/jerryneedell/Microchip/SoftConsole-v6.4/arm-none-eabi-gcc/bin/../lib/gcc/arm-none-eabi/9.2.1/../../../../arm-none-eabi/lib/thumb/v7-m/nofp/libg_nano.a(lib_a-nano-vfprintf_i.o)
                              /home/jerryneedell/Microchip/SoftConsole-v6.4/arm-none-eabi-gcc/bin/../lib/gcc/arm-none-eabi/9.2.1/../../../../arm-none-eabi/lib/thumb/v7-m/nofp/libg_nano.a(lib_a-nano-vfprintf.o) (_printf_i)
/home/jerryneedell/Microchip/SoftConsole-v6.4/arm-none-eabi-gcc/bin/../lib/gcc/arm-none-eabi/9.2.1/../../../../arm-none-eabi/lib/thumb/v7-m/nofp/libg_nano.a(lib_a-snprintf.o)
                              ./WebServer/httpserver-netconn.o (snprintf)
/home/jerryneedell/Microchip/SoftConsole-v6.4/arm-none-eabi-gcc/bin/../lib/gcc/arm-none-eabi/9.2.1/../../../../arm-none-eabi/lib/thumb/v7-m/nofp/libg_nano.a(lib_a-sprintf.o)
                              ./FreeRTOS/tasks.o (sprintf)
/home/jerryneedell/Microchip/SoftConsole-v6.4/arm-none-eabi-gcc/bin/../lib/gcc/arm-none-eabi/9.2.1/../../../../arm-none-eabi/lib/thumb/v7-m/nofp/libg_nano.a(lib_a-strcat.o)
                              ./FreeRTOS/tasks.o (strcat)
/home/jerryneedell/Microchip/SoftConsole-v6.4/arm-none-eabi-gcc/bin/../lib/gcc/arm-none-eabi/9.2.1/../../../../arm-none-eabi/lib/thumb/v7-m/nofp/libg_nano.a(lib_a-strlen.o)
                              ./lwip-1.4.1/core/pbuf.o (strlen)
/home/jerryneedell/Microchip/SoftConsole-v6.4/arm-none-eabi-gcc/bin/../lib/gcc/arm-none-eabi/9.2.1/../../../../arm-none-eabi/lib/thumb/v7-m/nofp/libg_nano.a(lib_a-strncpy.o)
                              ./FreeRTOS/tasks.o (strncpy)
[...]
Memory Configuration

Name             Origin             Length             Attributes
rom              0x0000000000000000 0x0000000000040000 xr
ram              0x0000000020000000 0x0000000000010000 xrw
*default*        0x0000000000000000 0xffffffffffffffff

Linker script and memory map

LOAD /home/jerryneedell/Microchip/SoftConsole-v6.4/arm-none-eabi-gcc/bin/../lib/gcc/arm-none-eabi/9.2.1/thumb/v7-m/nofp/crti.o
LOAD /home/jerryneedell/Microchip/SoftConsole-v6.4/arm-none-eabi-gcc/bin/../lib/gcc/arm-none-eabi/9.2.1/thumb/v7-m/nofp/crtbegin.o
LOAD /home/jerryneedell/Microchip/SoftConsole-v6.4/arm-none-eabi-gcc/bin/../lib/gcc/arm-none-eabi/9.2.1/../../../../arm-none-eabi/lib/thumb/v7-m/nofp/crt0.o
LOAD ./lwip-1.4.1/port/FreeRTOS/M2SXXX/sys_arch.o
LOAD ./lwip-1.4.1/netif/ppp/auth.o
LOAD ./lwip-1.4.1/netif/ppp/chap.o
LOAD ./lwip-1.4.1/netif/ppp/chpms.o
LOAD ./lwip-1.4.1/netif/ppp/fsm.o
LOAD ./lwip-1.4.1/netif/ppp/ipcp.o
LOAD ./lwip-1.4.1/netif/ppp/lcp.o
LOAD ./lwip-1.4.1/netif/ppp/magic.o
LOAD ./lwip-1.4.1/netif/ppp/md5.o
LOAD ./lwip-1.4.1/netif/ppp/pap.o
LOAD ./lwip-1.4.1/netif/ppp/ppp.o
LOAD ./lwip-1.4.1/netif/ppp/ppp_oe.o
LOAD ./lwip-1.4.1/netif/ppp/randm.o
LOAD ./lwip-1.4.1/netif/ppp/vj.o
LOAD ./lwip-1.4.1/netif/etharp.o
LOAD ./lwip-1.4.1/netif/ethernetif.o
LOAD ./lwip-1.4.1/netif/m2sxxx_ethernetif.o
LOAD ./lwip-1.4.1/netif/slipif.o
LOAD ./lwip-1.4.1/core/snmp/asn1_dec.o
LOAD ./lwip-1.4.1/core/snmp/asn1_enc.o
LOAD ./lwip-1.4.1/core/snmp/mib2.o
LOAD ./lwip-1.4.1/core/snmp/mib_structs.o
LOAD ./lwip-1.4.1/core/snmp/msg_in.o
LOAD ./lwip-1.4.1/core/snmp/msg_out.o
LOAD ./lwip-1.4.1/core/ipv4/autoip.o
LOAD ./lwip-1.4.1/core/ipv4/icmp.o
LOAD ./lwip-1.4.1/core/ipv4/igmp.o
LOAD ./lwip-1.4.1/core/ipv4/inet.o
LOAD ./lwip-1.4.1/core/ipv4/inet_chksum.o
LOAD ./lwip-1.4.1/core/ipv4/ip.o
LOAD ./lwip-1.4.1/core/ipv4/ip_addr.o
LOAD ./lwip-1.4.1/core/ipv4/ip_frag.o
LOAD ./lwip-1.4.1/core/def.o
LOAD ./lwip-1.4.1/core/dhcp.o
LOAD ./lwip-1.4.1/core/dns.o
LOAD ./lwip-1.4.1/core/init.o
LOAD ./lwip-1.4.1/core/lwip_timers.o
LOAD ./lwip-1.4.1/core/mem.o
LOAD ./lwip-1.4.1/core/memp.o
LOAD ./lwip-1.4.1/core/netif.o
LOAD ./lwip-1.4.1/core/pbuf.o
LOAD ./lwip-1.4.1/core/raw.o
LOAD ./lwip-1.4.1/core/stats.o
LOAD ./lwip-1.4.1/core/sys.o
LOAD ./lwip-1.4.1/core/tcp.o
LOAD ./lwip-1.4.1/core/tcp_in.o
LOAD ./lwip-1.4.1/core/tcp_out.o
LOAD ./lwip-1.4.1/core/udp.o
LOAD ./lwip-1.4.1/api/api_lib.o
LOAD ./lwip-1.4.1/api/api_msg.o
LOAD ./lwip-1.4.1/api/err.o
LOAD ./lwip-1.4.1/api/netbuf.o
LOAD ./lwip-1.4.1/api/netdb.o
LOAD ./lwip-1.4.1/api/netifapi.o
LOAD ./lwip-1.4.1/api/sockets.o
LOAD ./lwip-1.4.1/api/tcpip.o
LOAD ./hal/CortexM3/GNU/hal.o
LOAD ./hal/CortexM3/GNU/hw_reg_access.o
LOAD ./hal/CortexM3/cortex_nvic.o
LOAD ./drivers_config/sys_config/sys_config.o
LOAD ./drivers_config/sys_config/sys_config_SERDESIF_0.o
LOAD ./drivers/mss_uart/mss_uart.o
LOAD ./drivers/mss_sys_services/mss_comblk.o
LOAD ./drivers/mss_sys_services/mss_sys_services.o
LOAD ./drivers/mss_spi/mss_spi.o
LOAD ./drivers/mss_rtc/mss_rtc.o
LOAD ./drivers/mss_nvm/mss_nvm.o
LOAD ./drivers/mss_gpio/mss_gpio.o
LOAD ./drivers/mss_ethernet_mac/m88e1340_phy.o
LOAD ./drivers/mss_ethernet_mac/mss_ethernet_mac.o
LOAD ./WebServer/httpserver-netconn.o
LOAD ./WebServer/mscc_logo.o
LOAD ./FreeRTOS/portable/MemMang/heap_2.o
LOAD ./FreeRTOS/portable/GCC/ARM_CM3/port.o
LOAD ./FreeRTOS/croutine.o
LOAD ./FreeRTOS/list.o
LOAD ./FreeRTOS/queue.o
LOAD ./FreeRTOS/tasks.o
LOAD ./FreeRTOS/timers.o
LOAD ./CMSIS/startup_gcc/newlib_stubs.o
LOAD ./CMSIS/startup_gcc/startup_m2sxxx.o
LOAD ./CMSIS/system_m2sxxx.o
LOAD ./.metadata/.plugins/org.eclipse.cdt.make.core/specs.o
LOAD ./main.o
LOAD ./mscc_post_hw_cfg_init.o
LOAD ./sys_cfg.o
LOAD ./uart_task.o
START GROUP
LOAD /home/jerryneedell/Microchip/SoftConsole-v6.4/arm-none-eabi-gcc/bin/../lib/gcc/arm-none-eabi/9.2.1/thumb/v7-m/nofp/libgcc.a
LOAD /home/jerryneedell/Microchip/SoftConsole-v6.4/arm-none-eabi-gcc/bin/../lib/gcc/arm-none-eabi/9.2.1/../../../../arm-none-eabi/lib/thumb/v7-m/nofp/libg_nano.a
LOAD /home/jerryneedell/Microchip/SoftConsole-v6.4/arm-none-eabi-gcc/bin/../lib/gcc/arm-none-eabi/9.2.1/../../../../arm-none-eabi/lib/thumb/v7-m/nofp/libc_nano.a
END GROUP
START GROUP
LOAD /home/jerryneedell/Microchip/SoftConsole-v6.4/arm-none-eabi-gcc/bin/../lib/gcc/arm-none-eabi/9.2.1/thumb/v7-m/nofp/libgcc.a
LOAD /home/jerryneedell/Microchip/SoftConsole-v6.4/arm-none-eabi-gcc/bin/../lib/gcc/arm-none-eabi/9.2.1/../../../../arm-none-eabi/lib/thumb/v7-m/nofp/libc_nano.a
END GROUP
LOAD /home/jerryneedell/Microchip/SoftConsole-v6.4/arm-none-eabi-gcc/bin/../lib/gcc/arm-none-eabi/9.2.1/thumb/v7-m/nofp/crtend.o
LOAD /home/jerryneedell/Microchip/SoftConsole-v6.4/arm-none-eabi-gcc/bin/../lib/gcc/arm-none-eabi/9.2.1/thumb/v7-m/nofp/crtn.o
START GROUP
LOAD /home/jerryneedell/Microchip/SoftConsole-v6.4/arm-none-eabi-gcc/bin/../lib/gcc/arm-none-eabi/9.2.1/../../../../arm-none-eabi/lib/thumb/v7-m/nofp/libc.a
LOAD /home/jerryneedell/Microchip/SoftConsole-v6.4/arm-none-eabi-gcc/bin/../lib/gcc/arm-none-eabi/9.2.1/thumb/v7-m/nofp/libgcc.a
LOAD /home/jerryneedell/Microchip/SoftConsole-v6.4/arm-none-eabi-gcc/bin/../lib/gcc/arm-none-eabi/9.2.1/../../../../arm-none-eabi/lib/thumb/v7-m/nofp/libm.a
END GROUP
                0x0000000000000000                __DYNAMIC = 0x0
                0x0000000020000000                RAM_START_ADDRESS = 0x20000000
                0x0000000000010000                RAM_SIZE = 0x10000
                0x0000000000001000                MAIN_STACK_SIZE = 0x1000
                0x0000000000001000                MIN_SIZE_HEAP = 0x1000
                0x0000000020010000                PROVIDE (__main_stack_start = (RAM_START_ADDRESS + RAM_SIZE))
                [!provide]                        PROVIDE (__process_stack_start = (__main_stack_start - MAIN_STACK_SIZE))
                0x0000000020010000                PROVIDE (_estack = __main_stack_start)
                0x0000000000000000                PROVIDE (__mirrored_nvm = 0x0)
                0x0000000000000000                PROVIDE (__smartfusion2_memory_remap = 0x0)

.vector_table   0x0000000000000000      0x190
                0x0000000000000000                __vector_table_load = LOADADDR (.vector_table)
                0x0000000000000000                __vector_table_start = .
                0x0000000000000000                __vector_table_vma_base_address = .
 *(.isr_vector)
 .isr_vector    0x0000000000000000      0x190 ./CMSIS/startup_gcc/startup_m2sxxx.o
                0x0000000000000000                g_pfnVectors
                0x0000000000000190                . = ALIGN (0x10)
                0x0000000000000190                _evector_table = .

.boot_code      0x0000000000000190      0x320
 *(.boot_code)
 .boot_code     0x0000000000000190      0x31c ./CMSIS/startup_gcc/startup_m2sxxx.o
                0x0000000000000190                Reset_Handler
                0x000000000000037e                NMI_Handler
                0x0000000000000380                HardFault_Handler
                0x0000000000000382                MemManage_Handler
                0x0000000000000384                BusFault_Handler
                0x0000000000000386                UsageFault_Handler
                0x000000000000038a                DebugMon_Handler
                0x0000000000000390                WdogWakeup_IRQHandler
                0x0000000000000392                RTC_Wakeup_IRQHandler
                0x0000000000000398                I2C0_IRQHandler
                0x000000000000039a                I2C0_SMBAlert_IRQHandler
                0x000000000000039c                I2C0_SMBus_IRQHandler
                0x000000000000039e                I2C1_IRQHandler
                0x00000000000003a0                I2C1_SMBAlert_IRQHandler
                0x00000000000003a2                I2C1_SMBus_IRQHandler
                0x00000000000003aa                DMA_IRQHandler
                0x00000000000003ac                Timer1_IRQHandler
                0x00000000000003ae                Timer2_IRQHandler
                0x00000000000003b0                CAN_IRQHandler
                0x00000000000003b2                ENVM0_IRQHandler
                0x00000000000003b4                ENVM1_IRQHandler
                0x00000000000003b8                USB_IRQHandler
                0x00000000000003ba                USB_DMA_IRQHandler
                0x00000000000003bc                PLL_Lock_IRQHandler
                0x00000000000003be                PLL_LockLost_IRQHandler
                0x00000000000003c0                CommSwitchError_IRQHandler
                0x00000000000003c2                CacheError_IRQHandler
                0x00000000000003c4                DDR_IRQHandler
                0x00000000000003c6                HPDMA_Complete_IRQHandler
                0x00000000000003c8                HPDMA_Error_IRQHandler
                0x00000000000003ca                ECC_Error_IRQHandler
                0x00000000000003cc                MDDR_IOCalib_IRQHandler
                0x00000000000003ce                FAB_PLL_Lock_IRQHandler
                0x00000000000003d0                FAB_PLL_LockLost_IRQHandler
                0x00000000000003d2                FIC64_IRQHandler
                0x00000000000003d4                FabricIrq0_IRQHandler
                0x00000000000003d6                FabricIrq1_IRQHandler
                0x00000000000003d8                FabricIrq2_IRQHandler
                0x00000000000003da                FabricIrq3_IRQHandler
                0x00000000000003dc                FabricIrq4_IRQHandler
                0x00000000000003de                FabricIrq5_IRQHandler
                0x00000000000003e0                FabricIrq6_IRQHandler
                0x00000000000003e2                FabricIrq7_IRQHandler
                0x00000000000003e4                FabricIrq8_IRQHandler
                0x00000000000003e6                FabricIrq9_IRQHandler
                0x00000000000003e8                FabricIrq10_IRQHandler
                0x00000000000003ea                FabricIrq11_IRQHandler
                0x00000000000003ec                FabricIrq12_IRQHandler
                0x00000000000003ee                FabricIrq13_IRQHandler
                0x00000000000003f0                FabricIrq14_IRQHandler
                0x00000000000003f2                FabricIrq15_IRQHandler
                0x00000000000003f4                GPIO0_IRQHandler
                0x00000000000003f6                GPIO1_IRQHandler
                0x00000000000003f8                GPIO2_IRQHandler
                0x00000000000003fa                GPIO3_IRQHandler
                0x00000000000003fc                GPIO4_IRQHandler
                0x00000000000003fe                GPIO5_IRQHandler
                0x0000000000000400                GPIO6_IRQHandler
                0x0000000000000402                GPIO7_IRQHandler
                0x0000000000000404                GPIO8_IRQHandler
                0x0000000000000406                GPIO9_IRQHandler
                0x0000000000000408                GPIO10_IRQHandler
                0x000000000000040a                GPIO11_IRQHandler
                0x000000000000040c                GPIO12_IRQHandler
                0x000000000000040e                GPIO13_IRQHandler
                0x0000000000000410                GPIO14_IRQHandler
                0x0000000000000412                GPIO15_IRQHandler
                0x0000000000000414                GPIO16_IRQHandler
                0x0000000000000416                GPIO17_IRQHandler
                0x0000000000000418                GPIO18_IRQHandler
                0x000000000000041a                GPIO19_IRQHandler
                0x000000000000041c                GPIO20_IRQHandler
                0x000000000000041e                GPIO21_IRQHandler
                0x0000000000000420                GPIO22_IRQHandler
                0x0000000000000422                GPIO23_IRQHandler
                0x0000000000000424                GPIO24_IRQHandler
                0x0000000000000426                GPIO25_IRQHandler
                0x0000000000000428                GPIO26_IRQHandler
                0x000000000000042a                GPIO27_IRQHandler
                0x000000000000042c                GPIO28_IRQHandler
                0x000000000000042e                GPIO29_IRQHandler
                0x0000000000000430                GPIO30_IRQHandler
                0x0000000000000432                GPIO31_IRQHandler
                0x00000000000004b0                . = ALIGN (0x10)
 *fill*         0x00000000000004ac        0x4 

.text           0x00000000000004b0    0x1b920
 CREATE_OBJECT_SYMBOLS
                0x00000000000004b0                __text_load = LOADADDR (.text)
                0x00000000000004b0                __text_start = .
 *(.text .text.* .gnu.linkonce.t.*)
 .text.__do_global_dtors_aux
                0x00000000000004b0       0x24 /home/jerryneedell/Microchip/SoftConsole-v6.4/arm-none-eabi-gcc/bin/../lib/gcc/arm-none-eabi/9.2.1/thumb/v7-m/nofp/crtbegin.o
 .text.frame_dummy
                0x00000000000004d4       0x1c /home/jerryneedell/Microchip/SoftConsole-v6.4/arm-none-eabi-gcc/bin/../lib/gcc/arm-none-eabi/9.2.1/thumb/v7-m/nofp/crtbegin.o
 .text.sys_mbox_new
                0x00000000000004f0       0x12 ./lwip-1.4.1/port/FreeRTOS/M2SXXX/sys_arch.o
                0x00000000000004f0                sys_mbox_new
 .text.sys_mbox_free
                0x0000000000000502       0x12 ./lwip-1.4.1/port/FreeRTOS/M2SXXX/sys_arch.o
                0x0000000000000502                sys_mbox_free
 .text.sys_mbox_valid
                0x0000000000000514        0xa ./lwip-1.4.1/port/FreeRTOS/M2SXXX/sys_arch.o
                0x0000000000000514                sys_mbox_valid
 .text.sys_mbox_set_invalid
                0x000000000000051e        0x6 ./lwip-1.4.1/port/FreeRTOS/M2SXXX/sys_arch.o
                0x000000000000051e                sys_mbox_set_invalid
 .text.sys_mbox_post
                0x0000000000000524       0x22 ./lwip-1.4.1/port/FreeRTOS/M2SXXX/sys_arch.o
                0x0000000000000524                sys_mbox_post
 *fill*         0x0000000000000546        0x2 
 .text.sys_mbox_trypost
                0x0000000000000548       0x48 ./lwip-1.4.1/port/FreeRTOS/M2SXXX/sys_arch.o
                0x0000000000000548                sys_mbox_trypost
 .text.sys_arch_mbox_fetch
                0x0000000000000590       0x62 ./lwip-1.4.1/port/FreeRTOS/M2SXXX/sys_arch.o
                0x0000000000000590                sys_arch_mbox_fetch
 .text.sys_arch_mbox_tryfetch
                0x00000000000005f2       0x22 ./lwip-1.4.1/port/FreeRTOS/M2SXXX/sys_arch.o
                0x00000000000005f2                sys_arch_mbox_tryfetch
 .text.sys_sem_new
                0x0000000000000614       0x38 ./lwip-1.4.1/port/FreeRTOS/M2SXXX/sys_arch.o
                0x0000000000000614                sys_sem_new
 .text.sys_arch_sem_wait
                0x000000000000064c       0x4a ./lwip-1.4.1/port/FreeRTOS/M2SXXX/sys_arch.o
                0x000000000000064c                sys_arch_sem_wait
 .text.sys_sem_signal
                0x0000000000000696       0x10 ./lwip-1.4.1/port/FreeRTOS/M2SXXX/sys_arch.o
                0x0000000000000696                sys_sem_signal
 .text.sys_sem_free
                0x00000000000006a6        0xa ./lwip-1.4.1/port/FreeRTOS/M2SXXX/sys_arch.o
                0x00000000000006a6                sys_sem_free
 .text.sys_sem_valid
                0x00000000000006b0        0x4 ./lwip-1.4.1/port/FreeRTOS/M2SXXX/sys_arch.o
                0x00000000000006b0                sys_sem_valid
 .text.sys_sem_set_invalid
                0x00000000000006b4        0x2 ./lwip-1.4.1/port/FreeRTOS/M2SXXX/sys_arch.o
                0x00000000000006b4                sys_sem_set_invalid
 .text.sys_init
                0x00000000000006b6        0x2 ./lwip-1.4.1/port/FreeRTOS/M2SXXX/sys_arch.o
                0x00000000000006b6                sys_init
 .text.sys_thread_new
                0x00000000000006b8       0x2e ./lwip-1.4.1/port/FreeRTOS/M2SXXX/sys_arch.o
                0x00000000000006b8                sys_thread_new
 .text.sys_arch_protect
                0x00000000000006e6        0xa ./lwip-1.4.1/port/FreeRTOS/M2SXXX/sys_arch.o
                0x00000000000006e6                sys_arch_protect
 .text.sys_arch_unprotect
                0x00000000000006f0        0x8 ./lwip-1.4.1/port/FreeRTOS/M2SXXX/sys_arch.o
                0x00000000000006f0                sys_arch_unprotect
 .text.sys_arch_random
                0x00000000000006f8        0x8 ./lwip-1.4.1/port/FreeRTOS/M2SXXX/sys_arch.o
                0x00000000000006f8                sys_arch_random
 .text.etharp_free_entry
                0x0000000000000700       0x34 ./lwip-1.4.1/netif/etharp.o
 .text.etharp_find_entry
                0x0000000000000734      0x20c ./lwip-1.4.1/netif/etharp.o
 .text.etharp_send_ip
                0x0000000000000940       0x6c ./lwip-1.4.1/netif/etharp.o
 .text.etharp_tmr
                0x00000000000009ac       0x40 ./lwip-1.4.1/netif/etharp.o
                0x00000000000009ac                etharp_tmr
 .text.etharp_cleanup_netif
                0x00000000000009ec       0x2c ./lwip-1.4.1/netif/etharp.o
                0x00000000000009ec                etharp_cleanup_netif
 .text.etharp_request
                0x0000000000000a18      0x160 ./lwip-1.4.1/netif/etharp.o
                0x0000000000000a18                etharp_request
 .text.etharp_output_to_arp_index
                0x0000000000000b78       0xbc ./lwip-1.4.1/netif/etharp.o
 .text.etharp_query
                0x0000000000000c34      0x1a8 ./lwip-1.4.1/netif/etharp.o
                0x0000000000000c34                etharp_query
 .text.etharp_output
                0x0000000000000ddc      0x1d4 ./lwip-1.4.1/netif/etharp.o
                0x0000000000000ddc                etharp_output
 .text.ethernet_input
                0x0000000000000fb0      0x290 ./lwip-1.4.1/netif/etharp.o
                0x0000000000000fb0                ethernet_input
 .text.packet_tx_complete_handler
                0x0000000000001240        0x6 ./lwip-1.4.1/netif/m2sxxx_ethernetif.o
 *fill*         0x0000000000001246        0x2 
 .text.low_level_output
                0x0000000000001248       0x64 ./lwip-1.4.1/netif/m2sxxx_ethernetif.o
 .text.mac_rx_callback
                0x00000000000012ac      0x134 ./lwip-1.4.1/netif/m2sxxx_ethernetif.o
                0x00000000000012ac                mac_rx_callback
 .text.ethernetif_init
                0x00000000000013e0       0xf4 ./lwip-1.4.1/netif/m2sxxx_ethernetif.o
                0x00000000000013e0                ethernetif_init
 .text.ethernetif_tick
                0x00000000000014d4       0x20 ./lwip-1.4.1/netif/m2sxxx_ethernetif.o
                0x00000000000014d4                ethernetif_tick
 .text.read_mac_address
                0x00000000000014f4       0x1c ./lwip-1.4.1/netif/m2sxxx_ethernetif.o
                0x00000000000014f4                read_mac_address
 .text.icmp_send_response
                0x0000000000001510       0xd0 ./lwip-1.4.1/core/ipv4/icmp.o
 .text.icmp_input
                0x00000000000015e0      0x2bc ./lwip-1.4.1/core/ipv4/icmp.o
                0x00000000000015e0                icmp_input
 .text.icmp_dest_unreach
                0x000000000000189c        0xc ./lwip-1.4.1/core/ipv4/icmp.o
                0x000000000000189c                icmp_dest_unreach
 .text.icmp_time_exceeded
                0x00000000000018a8        0xc ./lwip-1.4.1/core/ipv4/icmp.o
                0x00000000000018a8                icmp_time_exceeded
 .text.igmp_delaying_member
                0x00000000000018b4       0x3c ./lwip-1.4.1/core/ipv4/igmp.o
 .text.igmp_send
                0x00000000000018f0       0xe4 ./lwip-1.4.1/core/ipv4/igmp.o
 .text.igmp_init
                0x00000000000019d4       0x1c ./lwip-1.4.1/core/ipv4/igmp.o
                0x00000000000019d4                igmp_init
 .text.igmp_report_groups
                0x00000000000019f0       0x28 ./lwip-1.4.1/core/ipv4/igmp.o
                0x00000000000019f0                igmp_report_groups
 .text.igmp_lookfor_group
                0x0000000000001a18       0x38 ./lwip-1.4.1/core/ipv4/igmp.o
                0x0000000000001a18                igmp_lookfor_group
 .text.igmp_lookup_group
                0x0000000000001a50       0x44 ./lwip-1.4.1/core/ipv4/igmp.o
 .text.igmp_start
                0x0000000000001a94       0x34 ./lwip-1.4.1/core/ipv4/igmp.o
                0x0000000000001a94                igmp_start
 .text.igmp_input
                0x0000000000001ac8       0xec ./lwip-1.4.1/core/ipv4/igmp.o
                0x0000000000001ac8                igmp_input
 .text.igmp_tmr
                0x0000000000001bb4       0x38 ./lwip-1.4.1/core/ipv4/igmp.o
                0x0000000000001bb4                igmp_tmr
 .text.lwip_standard_chksum
                0x0000000000001bec       0x90 ./lwip-1.4.1/core/ipv4/inet_chksum.o
 .text.inet_chksum_pseudo
                0x0000000000001c7c       0x92 ./lwip-1.4.1/core/ipv4/inet_chksum.o
                0x0000000000001c7c                inet_chksum_pseudo
 .text.inet_chksum
                0x0000000000001d0e        0xc ./lwip-1.4.1/core/ipv4/inet_chksum.o
                0x0000000000001d0e                inet_chksum
 .text.inet_chksum_pbuf
                0x0000000000001d1a       0x50 ./lwip-1.4.1/core/ipv4/inet_chksum.o
                0x0000000000001d1a                inet_chksum_pbuf
 *fill*         0x0000000000001d6a        0x2 
 .text.ip_route
                0x0000000000001d6c       0x44 ./lwip-1.4.1/core/ipv4/ip.o
                0x0000000000001d6c                ip_route
 .text.ip_input
                0x0000000000001db0      0x1fc ./lwip-1.4.1/core/ipv4/ip.o
                0x0000000000001db0                ip_input
 .text.ip_output_if_opt
                0x0000000000001fac      0x1d0 ./lwip-1.4.1/core/ipv4/ip.o
                0x0000000000001fac                ip_output_if_opt
 .text.ip_output_if
                0x000000000000217c       0x22 ./lwip-1.4.1/core/ipv4/ip.o
                0x000000000000217c                ip_output_if
 *fill*         0x000000000000219e        0x2 
 .text.ip_output
                0x00000000000021a0       0x80 ./lwip-1.4.1/core/ipv4/ip.o
                0x00000000000021a0                ip_output
 .text.ip4_addr_isbroadcast
                0x0000000000002220       0x3e ./lwip-1.4.1/core/ipv4/ip_addr.o
                0x0000000000002220                ip4_addr_isbroadcast
 *fill*         0x000000000000225e        0x2 
 .text.ip_reass_dequeue_datagram
                0x0000000000002260       0x64 ./lwip-1.4.1/core/ipv4/ip_frag.o
 .text.ip_reass_free_complete_datagram
                0x00000000000022c4      0x1a0 ./lwip-1.4.1/core/ipv4/ip_frag.o
 .text.ip_reass_remove_oldest_datagram
                0x0000000000002464       0x74 ./lwip-1.4.1/core/ipv4/ip_frag.o
 .text.ip_frag_free_pbuf_custom_ref
                0x00000000000024d8       0x4c ./lwip-1.4.1/core/ipv4/ip_frag.o
 .text.ipfrag_free_pbuf_custom
                0x0000000000002524       0x54 ./lwip-1.4.1/core/ipv4/ip_frag.o
 .text.ip_reass_tmr
                0x0000000000002578       0x30 ./lwip-1.4.1/core/ipv4/ip_frag.o
                0x0000000000002578                ip_reass_tmr
 .text.ip_reass
                0x00000000000025a8      0x3a8 ./lwip-1.4.1/core/ipv4/ip_frag.o
                0x00000000000025a8                ip_reass
 .text.ip_frag  0x0000000000002950      0x1ec ./lwip-1.4.1/core/ipv4/ip_frag.o
                0x0000000000002950                ip_frag
 .text.lwip_htons
                0x0000000000002b3c        0xa ./lwip-1.4.1/core/def.o
                0x0000000000002b3c                lwip_htons
 .text.lwip_ntohs
                0x0000000000002b46        0xa ./lwip-1.4.1/core/def.o
                0x0000000000002b46                lwip_ntohs
 .text.lwip_htonl
                0x0000000000002b50       0x18 ./lwip-1.4.1/core/def.o
                0x0000000000002b50                lwip_htonl
 .text.lwip_ntohl
                0x0000000000002b68        0x8 ./lwip-1.4.1/core/def.o
                0x0000000000002b68                lwip_ntohl
 .text.dhcp_set_state
                0x0000000000002b70       0x10 ./lwip-1.4.1/core/dhcp.o
 .text.dhcp_option
                0x0000000000002b80       0x68 ./lwip-1.4.1/core/dhcp.o
 .text.dhcp_option_byte
                0x0000000000002be8       0x58 ./lwip-1.4.1/core/dhcp.o
 .text.dhcp_option_short
                0x0000000000002c40       0x68 ./lwip-1.4.1/core/dhcp.o
 .text.dhcp_option_long
                0x0000000000002ca8       0x88 ./lwip-1.4.1/core/dhcp.o
 .text.dhcp_option_trailer
                0x0000000000002d30       0xf4 ./lwip-1.4.1/core/dhcp.o
 .text.dhcp_create_msg
                0x0000000000002e24      0x268 ./lwip-1.4.1/core/dhcp.o
 .text.dhcp_delete_msg
                0x000000000000308c       0xe0 ./lwip-1.4.1/core/dhcp.o
 .text.dhcp_rebind
                0x000000000000316c       0x98 ./lwip-1.4.1/core/dhcp.o
 .text.dhcp_discover
                0x0000000000003204       0xc0 ./lwip-1.4.1/core/dhcp.o
 .text.dhcp_select
                0x00000000000032c4       0xec ./lwip-1.4.1/core/dhcp.o
 .text.dhcp_reboot
                0x00000000000033b0       0xb0 ./lwip-1.4.1/core/dhcp.o
 .text.dhcp_bind
                0x0000000000003460      0x180 ./lwip-1.4.1/core/dhcp.o
 .text.dhcp_recv
                0x00000000000035e0      0x8d4 ./lwip-1.4.1/core/dhcp.o
 .text.dhcp_renew
                0x0000000000003eb4       0x94 ./lwip-1.4.1/core/dhcp.o
                0x0000000000003eb4                dhcp_renew
 .text.dhcp_coarse_tmr
                0x0000000000003f48       0x60 ./lwip-1.4.1/core/dhcp.o
                0x0000000000003f48                dhcp_coarse_tmr
 .text.dhcp_release
                0x0000000000003fa8       0xb8 ./lwip-1.4.1/core/dhcp.o
                0x0000000000003fa8                dhcp_release
 .text.dhcp_fine_tmr
                0x0000000000004060       0xac ./lwip-1.4.1/core/dhcp.o
                0x0000000000004060                dhcp_fine_tmr
 .text.dhcp_stop
                0x000000000000410c       0xac ./lwip-1.4.1/core/dhcp.o
                0x000000000000410c                dhcp_stop
 .text.dhcp_start
                0x00000000000041b8      0x180 ./lwip-1.4.1/core/dhcp.o
                0x00000000000041b8                dhcp_start
 .text.lwip_init
                0x0000000000004338       0x28 ./lwip-1.4.1/core/init.o
                0x0000000000004338                lwip_init
 .text.sys_timeout
                0x0000000000004360       0xa0 ./lwip-1.4.1/core/lwip_timers.o
                0x0000000000004360                sys_timeout
 .text.tcp_timer_needed
                0x0000000000004400       0x3c ./lwip-1.4.1/core/lwip_timers.o
                0x0000000000004400                tcp_timer_needed
 .text.tcpip_tcp_timer
                0x000000000000443c       0x38 ./lwip-1.4.1/core/lwip_timers.o
 .text.sys_timeouts_init
                0x0000000000004474       0x54 ./lwip-1.4.1/core/lwip_timers.o
                0x0000000000004474                sys_timeouts_init
 .text.igmp_timer
                0x00000000000044c8       0x18 ./lwip-1.4.1/core/lwip_timers.o
 .text.dhcp_timer_fine
                0x00000000000044e0       0x18 ./lwip-1.4.1/core/lwip_timers.o
 .text.dhcp_timer_coarse
                0x00000000000044f8       0x18 ./lwip-1.4.1/core/lwip_timers.o
 .text.arp_timer
                0x0000000000004510       0x18 ./lwip-1.4.1/core/lwip_timers.o
 .text.ip_reass_timer
                0x0000000000004528       0x18 ./lwip-1.4.1/core/lwip_timers.o
 .text.sys_untimeout
                0x0000000000004540       0x4c ./lwip-1.4.1/core/lwip_timers.o
                0x0000000000004540                sys_untimeout
 .text.sys_timeouts_mbox_fetch
                0x000000000000458c       0x6c ./lwip-1.4.1/core/lwip_timers.o
                0x000000000000458c                sys_timeouts_mbox_fetch
 .text.mem_init
                0x00000000000045f8       0x84 ./lwip-1.4.1/core/mem.o
                0x00000000000045f8                mem_init
 .text.mem_free
                0x000000000000467c      0x2ac ./lwip-1.4.1/core/mem.o
                0x000000000000467c                mem_free
 .text.mem_trim
                0x0000000000004928      0x18c ./lwip-1.4.1/core/mem.o
                0x0000000000004928                mem_trim
 .text.mem_malloc
                0x0000000000004ab4      0x1c0 ./lwip-1.4.1/core/mem.o
                0x0000000000004ab4                mem_malloc
 .text.memp_init
                0x0000000000004c74       0x78 ./lwip-1.4.1/core/memp.o
                0x0000000000004c74                memp_init
 .text.memp_malloc
                0x0000000000004cec       0xac ./lwip-1.4.1/core/memp.o
                0x0000000000004cec                memp_malloc
 .text.memp_free
                0x0000000000004d98       0xe0 ./lwip-1.4.1/core/memp.o
                0x0000000000004d98                memp_free
 .text.netif_init
                0x0000000000004e78        0x2 ./lwip-1.4.1/core/netif.o
                0x0000000000004e78                netif_init
 *fill*         0x0000000000004e7a        0x2 
 .text.netif_set_ipaddr
                0x0000000000004e7c       0x64 ./lwip-1.4.1/core/netif.o
                0x0000000000004e7c                netif_set_ipaddr
 .text.netif_set_addr
                0x0000000000004ee0       0x22 ./lwip-1.4.1/core/netif.o
                0x0000000000004ee0                netif_set_addr
 *fill*         0x0000000000004f02        0x2 
 .text.netif_add
                0x0000000000004f04       0xa8 ./lwip-1.4.1/core/netif.o
                0x0000000000004f04                netif_add
 .text.netif_set_gw
                0x0000000000004fac        0xc ./lwip-1.4.1/core/netif.o
                0x0000000000004fac                netif_set_gw
 .text.netif_set_netmask
                0x0000000000004fb8        0xc ./lwip-1.4.1/core/netif.o
                0x0000000000004fb8                netif_set_netmask
 .text.netif_set_default
                0x0000000000004fc4        0xc ./lwip-1.4.1/core/netif.o
                0x0000000000004fc4                netif_set_default
 .text.netif_set_up
                0x0000000000004fd0       0x3e ./lwip-1.4.1/core/netif.o
                0x0000000000004fd0                netif_set_up
 .text.netif_set_down
                0x000000000000500e       0x22 ./lwip-1.4.1/core/netif.o
                0x000000000000500e                netif_set_down
 .text.pbuf_pool_is_empty
                0x0000000000005030       0x40 ./lwip-1.4.1/core/pbuf.o
 .text.pbuf_free_ooseq_callback
                0x0000000000005070       0x34 ./lwip-1.4.1/core/pbuf.o
 .text.pbuf_alloced_custom
                0x00000000000050a4       0x90 ./lwip-1.4.1/core/pbuf.o
                0x00000000000050a4                pbuf_alloced_custom
 .text.pbuf_header
                0x0000000000005134      0x130 ./lwip-1.4.1/core/pbuf.o
                0x0000000000005134                pbuf_header
 .text.pbuf_free
                0x0000000000005264      0x170 ./lwip-1.4.1/core/pbuf.o
                0x0000000000005264                pbuf_free
 .text.pbuf_alloc
                0x00000000000053d4      0x2a8 ./lwip-1.4.1/core/pbuf.o
                0x00000000000053d4                pbuf_alloc
 .text.pbuf_realloc
                0x000000000000567c      0x1a8 ./lwip-1.4.1/core/pbuf.o
                0x000000000000567c                pbuf_realloc
 .text.pbuf_clen
                0x0000000000005824       0x16 ./lwip-1.4.1/core/pbuf.o
                0x0000000000005824                pbuf_clen
 .text.pbuf_ref
                0x000000000000583a       0x18 ./lwip-1.4.1/core/pbuf.o
                0x000000000000583a                pbuf_ref
 *fill*         0x0000000000005852        0x2 
 .text.pbuf_cat
                0x0000000000005854      0x12c ./lwip-1.4.1/core/pbuf.o
                0x0000000000005854                pbuf_cat
 .text.pbuf_chain
                0x0000000000005980       0x10 ./lwip-1.4.1/core/pbuf.o
                0x0000000000005980                pbuf_chain
 .text.pbuf_copy
                0x0000000000005990      0x2a8 ./lwip-1.4.1/core/pbuf.o
                0x0000000000005990                pbuf_copy
 .text.pbuf_copy_partial
                0x0000000000005c38       0xe8 ./lwip-1.4.1/core/pbuf.o
                0x0000000000005c38                pbuf_copy_partial
 .text.raw_input
                0x0000000000005d20       0x78 ./lwip-1.4.1/core/raw.o
                0x0000000000005d20                raw_input
 .text.raw_bind
                0x0000000000005d98        0xe ./lwip-1.4.1/core/raw.o
                0x0000000000005d98                raw_bind
 .text.raw_recv
                0x0000000000005da6        0x6 ./lwip-1.4.1/core/raw.o
                0x0000000000005da6                raw_recv
 .text.raw_remove
                0x0000000000005dac       0x38 ./lwip-1.4.1/core/raw.o
                0x0000000000005dac                raw_remove
 .text.raw_new  0x0000000000005de4       0x34 ./lwip-1.4.1/core/raw.o
                0x0000000000005de4                raw_new
 .text.sys_msleep
                0x0000000000005e18       0x28 ./lwip-1.4.1/core/sys.o
                0x0000000000005e18                sys_msleep
 .text.tcp_accept_null
                0x0000000000005e40        0x6 ./lwip-1.4.1/core/tcp.o
 *fill*         0x0000000000005e46        0x2 
 .text.tcp_new_port
                0x0000000000005e48       0x5c ./lwip-1.4.1/core/tcp.o
 .text.tcp_init
                0x0000000000005ea4        0x2 ./lwip-1.4.1/core/tcp.o
                0x0000000000005ea4                tcp_init
 *fill*         0x0000000000005ea6        0x2 
 .text.tcp_bind
                0x0000000000005ea8       0xe8 ./lwip-1.4.1/core/tcp.o
                0x0000000000005ea8                tcp_bind
 .text.tcp_listen_with_backlog
                0x0000000000005f90      0x110 ./lwip-1.4.1/core/tcp.o
                0x0000000000005f90                tcp_listen_with_backlog
 .text.tcp_update_rcv_ann_wnd
                0x00000000000060a0       0x7c ./lwip-1.4.1/core/tcp.o
                0x00000000000060a0                tcp_update_rcv_ann_wnd
 .text.tcp_recved
                0x000000000000611c       0xc4 ./lwip-1.4.1/core/tcp.o
                0x000000000000611c                tcp_recved
 .text.tcp_seg_free
                0x00000000000061e0       0x1a ./lwip-1.4.1/core/tcp.o
                0x00000000000061e0                tcp_seg_free
 .text.tcp_segs_free
                0x00000000000061fa       0x14 ./lwip-1.4.1/core/tcp.o
                0x00000000000061fa                tcp_segs_free
 .text.tcp_seg_copy
                0x000000000000620e       0x28 ./lwip-1.4.1/core/tcp.o
                0x000000000000620e                tcp_seg_copy
 .text.tcp_arg  0x0000000000006236        0x4 ./lwip-1.4.1/core/tcp.o
                0x0000000000006236                tcp_arg
 *fill*         0x000000000000623a        0x2 
 .text.tcp_recv
                0x000000000000623c       0x54 ./lwip-1.4.1/core/tcp.o
                0x000000000000623c                tcp_recv
 .text.tcp_sent
                0x0000000000006290       0x50 ./lwip-1.4.1/core/tcp.o
                0x0000000000006290                tcp_sent
 .text.tcp_err  0x00000000000062e0       0x54 ./lwip-1.4.1/core/tcp.o
                0x00000000000062e0                tcp_err
 .text.tcp_accept
                0x0000000000006334        0x4 ./lwip-1.4.1/core/tcp.o
                0x0000000000006334                tcp_accept
 .text.tcp_poll
                0x0000000000006338       0x5c ./lwip-1.4.1/core/tcp.o
                0x0000000000006338                tcp_poll
 .text.tcp_pcb_purge
                0x0000000000006394       0x40 ./lwip-1.4.1/core/tcp.o
                0x0000000000006394                tcp_pcb_purge
 .text.tcp_slowtmr
                0x00000000000063d4      0x57c ./lwip-1.4.1/core/tcp.o
                0x00000000000063d4                tcp_slowtmr
 .text.tcp_pcb_remove
                0x0000000000006950      0x134 ./lwip-1.4.1/core/tcp.o
                0x0000000000006950                tcp_pcb_remove
 .text.tcp_close_shutdown
                0x0000000000006a84      0x1d8 ./lwip-1.4.1/core/tcp.o
 .text.tcp_close
                0x0000000000006c5c       0x18 ./lwip-1.4.1/core/tcp.o
                0x0000000000006c5c                tcp_close
 .text.tcp_recv_null
                0x0000000000006c74       0x24 ./lwip-1.4.1/core/tcp.o
                0x0000000000006c74                tcp_recv_null
 .text.tcp_process_refused_data
                0x0000000000006c98       0x68 ./lwip-1.4.1/core/tcp.o
                0x0000000000006c98                tcp_process_refused_data
 .text.tcp_fasttmr
                0x0000000000006d00       0x74 ./lwip-1.4.1/core/tcp.o
                0x0000000000006d00                tcp_fasttmr
 .text.tcp_tmr  0x0000000000006d74       0x24 ./lwip-1.4.1/core/tcp.o
                0x0000000000006d74                tcp_tmr
 .text.tcp_shutdown
                0x0000000000006d98       0x5c ./lwip-1.4.1/core/tcp.o
                0x0000000000006d98                tcp_shutdown
 .text.tcp_abandon
                0x0000000000006df4       0xd8 ./lwip-1.4.1/core/tcp.o
                0x0000000000006df4                tcp_abandon
 .text.tcp_abort
                0x0000000000006ecc        0xa ./lwip-1.4.1/core/tcp.o
                0x0000000000006ecc                tcp_abort
 *fill*         0x0000000000006ed6        0x2 
 .text.tcp_next_iss
                0x0000000000006ed8       0x18 ./lwip-1.4.1/core/tcp.o
                0x0000000000006ed8                tcp_next_iss
 .text.tcp_alloc
                0x0000000000006ef0      0x118 ./lwip-1.4.1/core/tcp.o
                0x0000000000006ef0                tcp_alloc
 .text.tcp_new  0x0000000000007008        0xa ./lwip-1.4.1/core/tcp.o
                0x0000000000007008                tcp_new
 .text.tcp_eff_send_mss
                0x0000000000007012       0x1e ./lwip-1.4.1/core/tcp.o
                0x0000000000007012                tcp_eff_send_mss
 .text.tcp_parseopt
                0x0000000000007030       0x8c ./lwip-1.4.1/core/tcp_in.o
 .text.tcp_oos_insert_segment
                0x00000000000070bc       0x94 ./lwip-1.4.1/core/tcp_in.o
 .text.tcp_receive
                0x0000000000007150      0xc9c ./lwip-1.4.1/core/tcp_in.o
 .text.tcp_input
                0x0000000000007dec      0xc7c ./lwip-1.4.1/core/tcp_in.o
                0x0000000000007dec                tcp_input
 .text.tcp_pbuf_prealloc
                0x0000000000008a68       0xa8 ./lwip-1.4.1/core/tcp_out.o
 .text.tcp_create_segment
                0x0000000000008b10       0x96 ./lwip-1.4.1/core/tcp_out.o
 *fill*         0x0000000000008ba6        0x2 
 .text.tcp_output_alloc_header
                0x0000000000008ba8       0xb4 ./lwip-1.4.1/core/tcp_out.o
 .text.tcp_write
                0x0000000000008c5c      0x700 ./lwip-1.4.1/core/tcp_out.o
                0x0000000000008c5c                tcp_write
 .text.tcp_enqueue_flags
                0x000000000000935c      0x224 ./lwip-1.4.1/core/tcp_out.o
                0x000000000000935c                tcp_enqueue_flags
 .text.tcp_send_fin
                0x0000000000009580       0x44 ./lwip-1.4.1/core/tcp_out.o
                0x0000000000009580                tcp_send_fin
 .text.tcp_send_empty_ack
                0x00000000000095c4       0x5e ./lwip-1.4.1/core/tcp_out.o
                0x00000000000095c4                tcp_send_empty_ack
 *fill*         0x0000000000009622        0x2 
 .text.tcp_output
                0x0000000000009624      0x31c ./lwip-1.4.1/core/tcp_out.o
                0x0000000000009624                tcp_output
 .text.tcp_rst  0x0000000000009940       0xcc ./lwip-1.4.1/core/tcp_out.o
                0x0000000000009940                tcp_rst
 .text.tcp_rexmit_rto
                0x0000000000009a0c       0x2c ./lwip-1.4.1/core/tcp_out.o
                0x0000000000009a0c                tcp_rexmit_rto
 .text.tcp_rexmit
                0x0000000000009a38       0x54 ./lwip-1.4.1/core/tcp_out.o
                0x0000000000009a38                tcp_rexmit
 .text.tcp_rexmit_fast
                0x0000000000009a8c       0x52 ./lwip-1.4.1/core/tcp_out.o
                0x0000000000009a8c                tcp_rexmit_fast
 .text.tcp_keepalive
                0x0000000000009ade       0x50 ./lwip-1.4.1/core/tcp_out.o
                0x0000000000009ade                tcp_keepalive
 .text.tcp_zero_window_probe
                0x0000000000009b2e       0xac ./lwip-1.4.1/core/tcp_out.o
                0x0000000000009b2e                tcp_zero_window_probe
 .text.udp_init
                0x0000000000009bda        0x2 ./lwip-1.4.1/core/udp.o
                0x0000000000009bda                udp_init
 .text.udp_input
                0x0000000000009bdc      0x23c ./lwip-1.4.1/core/udp.o
                0x0000000000009bdc                udp_input
 .text.udp_bind
                0x0000000000009e18      0x134 ./lwip-1.4.1/core/udp.o
                0x0000000000009e18                udp_bind
 .text.udp_sendto_if
                0x0000000000009f4c      0x150 ./lwip-1.4.1/core/udp.o
                0x0000000000009f4c                udp_sendto_if
 .text.udp_connect
                0x000000000000a09c       0x58 ./lwip-1.4.1/core/udp.o
                0x000000000000a09c                udp_connect
 .text.udp_recv
                0x000000000000a0f4        0x6 ./lwip-1.4.1/core/udp.o
                0x000000000000a0f4                udp_recv
 *fill*         0x000000000000a0fa        0x2 
 .text.udp_remove
                0x000000000000a0fc       0x38 ./lwip-1.4.1/core/udp.o
                0x000000000000a0fc                udp_remove
 .text.udp_new  0x000000000000a134       0x1c ./lwip-1.4.1/core/udp.o
                0x000000000000a134                udp_new
 .text.netconn_close_shutdown
                0x000000000000a150       0x7c ./lwip-1.4.1/api/api_lib.o
 .text.netconn_recv_data
                0x000000000000a1cc      0x1e8 ./lwip-1.4.1/api/api_lib.o
 .text.netconn_new_with_proto_and_callback
                0x000000000000a3b4      0x15c ./lwip-1.4.1/api/api_lib.o
                0x000000000000a3b4                netconn_new_with_proto_and_callback
 .text.netconn_delete
                0x000000000000a510       0x28 ./lwip-1.4.1/api/api_lib.o
                0x000000000000a510                netconn_delete
 .text.netconn_bind
                0x000000000000a538       0x7c ./lwip-1.4.1/api/api_lib.o
                0x000000000000a538                netconn_bind
 .text.netconn_listen_with_backlog
                0x000000000000a5b4       0x78 ./lwip-1.4.1/api/api_lib.o
                0x000000000000a5b4                netconn_listen_with_backlog
 .text.netconn_accept
                0x000000000000a62c      0x150 ./lwip-1.4.1/api/api_lib.o
                0x000000000000a62c                netconn_accept
 .text.netconn_recv
                0x000000000000a77c      0x194 ./lwip-1.4.1/api/api_lib.o
                0x000000000000a77c                netconn_recv
 .text.netconn_write_partly
                0x000000000000a910      0x11c ./lwip-1.4.1/api/api_lib.o
                0x000000000000a910                netconn_write_partly
 .text.netconn_close
                0x000000000000aa2c        0xa ./lwip-1.4.1/api/api_lib.o
                0x000000000000aa2c                netconn_close
 *fill*         0x000000000000aa36        0x2 
 .text.recv_udp
                0x000000000000aa38      0x13c ./lwip-1.4.1/api/api_msg.o
 .text.recv_raw
                0x000000000000ab74       0x94 ./lwip-1.4.1/api/api_msg.o
 .text.setup_tcp
                0x000000000000ac08       0x40 ./lwip-1.4.1/api/api_msg.o
 .text.err_tcp  0x000000000000ac48      0x160 ./lwip-1.4.1/api/api_msg.o
 .text.do_writemore
                0x000000000000ada8      0x27c ./lwip-1.4.1/api/api_msg.o
 .text.do_close_internal
                0x000000000000b024      0x2a0 ./lwip-1.4.1/api/api_msg.o
 .text.poll_tcp
                0x000000000000b2c4       0x98 ./lwip-1.4.1/api/api_msg.o
 .text.sent_tcp
                0x000000000000b35c       0x94 ./lwip-1.4.1/api/api_msg.o
 .text.recv_tcp
                0x000000000000b3f0      0x140 ./lwip-1.4.1/api/api_msg.o
 .text.do_newconn
                0x000000000000b530       0x94 ./lwip-1.4.1/api/api_msg.o
                0x000000000000b530                do_newconn
 .text.netconn_alloc
                0x000000000000b5c4       0x64 ./lwip-1.4.1/api/api_msg.o
                0x000000000000b5c4                netconn_alloc
 .text.netconn_free
                0x000000000000b628       0xec ./lwip-1.4.1/api/api_msg.o
                0x000000000000b628                netconn_free
 .text.netconn_drain
                0x000000000000b714       0xe4 ./lwip-1.4.1/api/api_msg.o
 .text.accept_function
                0x000000000000b7f8       0xa4 ./lwip-1.4.1/api/api_msg.o
 .text.do_delconn
                0x000000000000b89c      0x168 ./lwip-1.4.1/api/api_msg.o
                0x000000000000b89c                do_delconn
 .text.do_bind  0x000000000000ba04       0x5a ./lwip-1.4.1/api/api_msg.o
                0x000000000000ba04                do_bind
 *fill*         0x000000000000ba5e        0x2 
 .text.do_listen
                0x000000000000ba60       0xb8 ./lwip-1.4.1/api/api_msg.o
                0x000000000000ba60                do_listen
 .text.do_recv  0x000000000000bb18       0x3c ./lwip-1.4.1/api/api_msg.o
                0x000000000000bb18                do_recv
 .text.do_write
                0x000000000000bb54       0xe0 ./lwip-1.4.1/api/api_msg.o
                0x000000000000bb54                do_write
 .text.do_close
                0x000000000000bc34       0xe8 ./lwip-1.4.1/api/api_msg.o
                0x000000000000bc34                do_close
 .text.netbuf_delete
                0x000000000000bd1c       0x20 ./lwip-1.4.1/api/netbuf.o
                0x000000000000bd1c                netbuf_delete
 .text.netbuf_data
                0x000000000000bd3c       0xec ./lwip-1.4.1/api/netbuf.o
                0x000000000000bd3c                netbuf_data
 .text.lwip_socket_init
                0x000000000000be28        0x2 ./lwip-1.4.1/api/sockets.o
                0x000000000000be28                lwip_socket_init
 *fill*         0x000000000000be2a        0x2 
 .text.tcpip_thread
                0x000000000000be2c       0xf4 ./lwip-1.4.1/api/tcpip.o
 .text.tcpip_input
                0x000000000000bf20       0x4c ./lwip-1.4.1/api/tcpip.o
                0x000000000000bf20                tcpip_input
 .text.tcpip_callback_with_block
                0x000000000000bf6c       0x5c ./lwip-1.4.1/api/tcpip.o
                0x000000000000bf6c                tcpip_callback_with_block
 .text.tcpip_apimsg
                0x000000000000bfc8       0x3c ./lwip-1.4.1/api/tcpip.o
                0x000000000000bfc8                tcpip_apimsg
 .text.tcpip_init
                0x000000000000c004       0x84 ./lwip-1.4.1/api/tcpip.o
                0x000000000000c004                tcpip_init
 .text.MSS_UART_isr
                0x000000000000c088      0x1a0 ./drivers/mss_uart/mss_uart.o
 .text.default_tx_handler
                0x000000000000c228       0xa0 ./drivers/mss_uart/mss_uart.o
 .text.global_init
                0x000000000000c2c8      0x338 ./drivers/mss_uart/mss_uart.o
 .text.MSS_UART_init
                0x000000000000c600       0x7c ./drivers/mss_uart/mss_uart.o
                0x000000000000c600                MSS_UART_init
 .text.MSS_UART_polled_tx
                0x000000000000c67c       0x8c ./drivers/mss_uart/mss_uart.o
                0x000000000000c67c                MSS_UART_polled_tx
 .text.MSS_UART_tx_complete
                0x000000000000c708       0x34 ./drivers/mss_uart/mss_uart.o
                0x000000000000c708                MSS_UART_tx_complete
 .text.MSS_UART_get_rx
                0x000000000000c73c       0x84 ./drivers/mss_uart/mss_uart.o
                0x000000000000c73c                MSS_UART_get_rx
 .text.MSS_UART_enable_irq
                0x000000000000c7c0       0x88 ./drivers/mss_uart/mss_uart.o
                0x000000000000c7c0                MSS_UART_enable_irq
 .text.MSS_UART_disable_irq
                0x000000000000c848       0x74 ./drivers/mss_uart/mss_uart.o
                0x000000000000c848                MSS_UART_disable_irq
 .text.UART0_IRQHandler
                0x000000000000c8bc       0x1c ./drivers/mss_uart/mss_uart.o
                0x000000000000c8bc                UART0_IRQHandler
 .text.UART1_IRQHandler
                0x000000000000c8d8       0x1c ./drivers/mss_uart/mss_uart.o
                0x000000000000c8d8                UART1_IRQHandler
 .text.MSS_UART_set_tx_handler
                0x000000000000c8f4       0x84 ./drivers/mss_uart/mss_uart.o
                0x000000000000c8f4                MSS_UART_set_tx_handler
 .text.MSS_UART_fill_tx_fifo
                0x000000000000c978       0x70 ./drivers/mss_uart/mss_uart.o
                0x000000000000c978                MSS_UART_fill_tx_fifo
 .text.complete_request
                0x000000000000c9e8       0x28 ./drivers/mss_sys_services/mss_comblk.o
 .text.abort_current_cmd
                0x000000000000ca10       0x34 ./drivers/mss_sys_services/mss_comblk.o
 .text.fill_tx_fifo
                0x000000000000ca44       0x54 ./drivers/mss_sys_services/mss_comblk.o
 .text.process_sys_ctrl_command
                0x000000000000ca98       0x14 ./drivers/mss_sys_services/mss_comblk.o
 .text.ComBlk_IRQHandler
                0x000000000000caac      0x2b8 ./drivers/mss_sys_services/mss_comblk.o
                0x000000000000caac                ComBlk_IRQHandler
 .text.recover_from_rx_overflow
                0x000000000000cd64       0xe4 ./drivers/mss_spi/mss_spi.o
 .text.fill_slave_tx_fifo
                0x000000000000ce48       0x9c ./drivers/mss_spi/mss_spi.o
 .text.read_slave_rx_fifo
                0x000000000000cee4       0x76 ./drivers/mss_spi/mss_spi.o
 *fill*         0x000000000000cf5a        0x2 
 .text.mss_spi_isr
                0x000000000000cf5c      0x1b4 ./drivers/mss_spi/mss_spi.o
 .text.SPI0_IRQHandler
                0x000000000000d110       0x1c ./drivers/mss_spi/mss_spi.o
                0x000000000000d110                SPI0_IRQHandler
 .text.SPI1_IRQHandler
                0x000000000000d12c       0x1c ./drivers/mss_spi/mss_spi.o
                0x000000000000d12c                SPI1_IRQHandler
 .text.MSS_MAC_phy_init
                0x000000000000d148       0x3c ./drivers/mss_ethernet_mac/m88e1340_phy.o
                0x000000000000d148                MSS_MAC_phy_init
 .text.MSS_MAC_phy_set_link_speed
                0x000000000000d184       0x88 ./drivers/mss_ethernet_mac/m88e1340_phy.o
                0x000000000000d184                MSS_MAC_phy_set_link_speed
 .text.MSS_MAC_phy_autonegotiate
                0x000000000000d20c       0x60 ./drivers/mss_ethernet_mac/m88e1340_phy.o
                0x000000000000d20c                MSS_MAC_phy_autonegotiate
 .text.MSS_MAC_phy_get_link_status
                0x000000000000d26c       0x54 ./drivers/mss_ethernet_mac/m88e1340_phy.o
                0x000000000000d26c                MSS_MAC_phy_get_link_status
 .text.MSS_MAC_cfg_struct_def_init
                0x000000000000d2c0       0x6e ./drivers/mss_ethernet_mac/mss_ethernet_mac.o
                0x000000000000d2c0                MSS_MAC_cfg_struct_def_init
 *fill*         0x000000000000d32e        0x2 
 .text.MSS_MAC_write_phy_reg
                0x000000000000d330       0x38 ./drivers/mss_ethernet_mac/mss_ethernet_mac.o
                0x000000000000d330                MSS_MAC_write_phy_reg
 .text.MSS_MAC_read_phy_reg
                0x000000000000d368       0x7c ./drivers/mss_ethernet_mac/mss_ethernet_mac.o
                0x000000000000d368                MSS_MAC_read_phy_reg
 .text.MSS_MAC_init
                0x000000000000d3e4      0x4b8 ./drivers/mss_ethernet_mac/mss_ethernet_mac.o
                0x000000000000d3e4                MSS_MAC_init
 .text.MSS_MAC_get_link_status
                0x000000000000d89c      0x124 ./drivers/mss_ethernet_mac/mss_ethernet_mac.o
                0x000000000000d89c                MSS_MAC_get_link_status
 .text.MSS_MAC_read_stat
                0x000000000000d9c0       0x30 ./drivers/mss_ethernet_mac/mss_ethernet_mac.o
                0x000000000000d9c0                MSS_MAC_read_stat
 .text.MSS_MAC_clear_statistics
                0x000000000000d9f0       0x14 ./drivers/mss_ethernet_mac/mss_ethernet_mac.o
                0x000000000000d9f0                MSS_MAC_clear_statistics
 .text.MSS_MAC_receive_pkt
                0x000000000000da04       0xcc ./drivers/mss_ethernet_mac/mss_ethernet_mac.o
                0x000000000000da04                MSS_MAC_receive_pkt
 .text.MSS_MAC_send_pkt
                0x000000000000dad0       0xc0 ./drivers/mss_ethernet_mac/mss_ethernet_mac.o
                0x000000000000dad0                MSS_MAC_send_pkt
 .text.EthernetMAC_IRQHandler
                0x000000000000db90      0x110 ./drivers/mss_ethernet_mac/mss_ethernet_mac.o
                0x000000000000db90                EthernetMAC_IRQHandler
 .text.MSS_MAC_set_tx_callback
                0x000000000000dca0        0xc ./drivers/mss_ethernet_mac/mss_ethernet_mac.o
                0x000000000000dca0                MSS_MAC_set_tx_callback
 .text.MSS_MAC_set_rx_callback
                0x000000000000dcac        0xc ./drivers/mss_ethernet_mac/mss_ethernet_mac.o
                0x000000000000dcac                MSS_MAC_set_rx_callback
 .text.http_server_netconn_thread
                0x000000000000dcb8      0x7b0 ./WebServer/httpserver-netconn.o
                0x000000000000dcb8                http_server_netconn_thread
 .text.pvPortMalloc
                0x000000000000e468       0xc4 ./FreeRTOS/portable/MemMang/heap_2.o
                0x000000000000e468                pvPortMalloc
 .text.vPortFree
                0x000000000000e52c       0x40 ./FreeRTOS/portable/MemMang/heap_2.o
                0x000000000000e52c                vPortFree
 .text.xPortGetFreeHeapSize
                0x000000000000e56c        0xc ./FreeRTOS/portable/MemMang/heap_2.o
                0x000000000000e56c                xPortGetFreeHeapSize
 .text.pxPortInitialiseStack
                0x000000000000e578       0x1a ./FreeRTOS/portable/GCC/ARM_CM3/port.o
                0x000000000000e578                pxPortInitialiseStack
 *fill*         0x000000000000e592        0x2 
 .text.SVC_Handler
                0x000000000000e594       0x20 ./FreeRTOS/portable/GCC/ARM_CM3/port.o
                0x000000000000e594                SVC_Handler
 .text.vPortStartFirstTask
                0x000000000000e5b4       0x14 ./FreeRTOS/portable/GCC/ARM_CM3/port.o
                0x000000000000e5b4                vPortStartFirstTask
 .text.xPortStartScheduler
                0x000000000000e5c8       0x54 ./FreeRTOS/portable/GCC/ARM_CM3/port.o
                0x000000000000e5c8                xPortStartScheduler
 .text.vPortYieldFromISR
                0x000000000000e61c       0x10 ./FreeRTOS/portable/GCC/ARM_CM3/port.o
                0x000000000000e61c                vPortYieldFromISR
 .text.vPortEnterCritical
                0x000000000000e62c       0x18 ./FreeRTOS/portable/GCC/ARM_CM3/port.o
                0x000000000000e62c                vPortEnterCritical
 .text.vPortExitCritical
                0x000000000000e644       0x18 ./FreeRTOS/portable/GCC/ARM_CM3/port.o
                0x000000000000e644                vPortExitCritical
 .text.PendSV_Handler
                0x000000000000e65c       0x3c ./FreeRTOS/portable/GCC/ARM_CM3/port.o
                0x000000000000e65c                PendSV_Handler
 .text.SysTick_Handler
                0x000000000000e698       0x24 ./FreeRTOS/portable/GCC/ARM_CM3/port.o
                0x000000000000e698                SysTick_Handler
 .text.vListInitialise
                0x000000000000e6bc       0x16 ./FreeRTOS/list.o
                0x000000000000e6bc                vListInitialise
 .text.vListInitialiseItem
                0x000000000000e6d2        0x6 ./FreeRTOS/list.o
                0x000000000000e6d2                vListInitialiseItem
 .text.vListInsertEnd
                0x000000000000e6d8       0x1c ./FreeRTOS/list.o
                0x000000000000e6d8                vListInsertEnd
 .text.vListInsert
                0x000000000000e6f4       0x3a ./FreeRTOS/list.o
                0x000000000000e6f4                vListInsert
 .text.vListRemove
                0x000000000000e72e       0x22 ./FreeRTOS/list.o
                0x000000000000e72e                vListRemove
 .text.prvCopyDataToQueue
                0x000000000000e750       0x5e ./FreeRTOS/queue.o
 .text.prvCopyDataFromQueue
                0x000000000000e7ae       0x20 ./FreeRTOS/queue.o
 .text.prvUnlockQueue
                0x000000000000e7ce       0x76 ./FreeRTOS/queue.o
 .text.xQueueCreate
                0x000000000000e844       0x6c ./FreeRTOS/queue.o
                0x000000000000e844                xQueueCreate
 .text.xQueueGenericSend
                0x000000000000e8b0      0x104 ./FreeRTOS/queue.o
                0x000000000000e8b0                xQueueGenericSend
 .text.xQueueGenericSendFromISR
                0x000000000000e9b4       0x82 ./FreeRTOS/queue.o
                0x000000000000e9b4                xQueueGenericSendFromISR
 .text.xQueueGenericReceive
                0x000000000000ea36      0x142 ./FreeRTOS/queue.o
                0x000000000000ea36                xQueueGenericReceive
 .text.uxQueueMessagesWaiting
                0x000000000000eb78       0x1e ./FreeRTOS/queue.o
                0x000000000000eb78                uxQueueMessagesWaiting
 .text.vQueueDelete
                0x000000000000eb96       0x1e ./FreeRTOS/queue.o
                0x000000000000eb96                vQueueDelete
 .text.vQueueWaitForMessageRestricted
                0x000000000000ebb4       0x3e ./FreeRTOS/queue.o
                0x000000000000ebb4                vQueueWaitForMessageRestricted
 .text.prvDeleteTCB
                0x000000000000ebf2       0x12 ./FreeRTOS/tasks.o
 .text.prvAddCurrentTaskToDelayedList
                0x000000000000ec04       0x54 ./FreeRTOS/tasks.o
 .text.xTaskGenericCreate
                0x000000000000ec58      0x1fc ./FreeRTOS/tasks.o
                0x000000000000ec58                xTaskGenericCreate
 .text.vTaskStartScheduler
                0x000000000000ee54       0x64 ./FreeRTOS/tasks.o
                0x000000000000ee54                vTaskStartScheduler
 .text.vTaskSuspendAll
                0x000000000000eeb8       0x10 ./FreeRTOS/tasks.o
                0x000000000000eeb8                vTaskSuspendAll
 .text.xTaskGetTickCount
                0x000000000000eec8       0x18 ./FreeRTOS/tasks.o
                0x000000000000eec8                xTaskGetTickCount
 .text.vTaskIncrementTick
                0x000000000000eee0      0x110 ./FreeRTOS/tasks.o
                0x000000000000eee0                vTaskIncrementTick
 .text.xTaskResumeAll
                0x000000000000eff0       0xf8 ./FreeRTOS/tasks.o
                0x000000000000eff0                xTaskResumeAll
 .text.vTaskDelay
                0x000000000000f0e8       0x34 ./FreeRTOS/tasks.o
                0x000000000000f0e8                vTaskDelay
 .text.prvIdleTask
                0x000000000000f11c       0x64 ./FreeRTOS/tasks.o
 .text.vTaskSwitchContext
                0x000000000000f180      0x15c ./FreeRTOS/tasks.o
                0x000000000000f180                vTaskSwitchContext
 .text.vTaskPlaceOnEventList
                0x000000000000f2dc       0x4c ./FreeRTOS/tasks.o
                0x000000000000f2dc                vTaskPlaceOnEventList
 .text.vTaskPlaceOnEventListRestricted
                0x000000000000f328       0x38 ./FreeRTOS/tasks.o
                0x000000000000f328                vTaskPlaceOnEventListRestricted
 .text.xTaskRemoveFromEventList
                0x000000000000f360       0x78 ./FreeRTOS/tasks.o
                0x000000000000f360                xTaskRemoveFromEventList
 .text.vTaskSetTimeOutState
                0x000000000000f3d8       0x24 ./FreeRTOS/tasks.o
                0x000000000000f3d8                vTaskSetTimeOutState
 .text.xTaskCheckForTimeOut
                0x000000000000f3fc       0x78 ./FreeRTOS/tasks.o
                0x000000000000f3fc                xTaskCheckForTimeOut
 .text.vTaskMissedYield
                0x000000000000f474        0xc ./FreeRTOS/tasks.o
                0x000000000000f474                vTaskMissedYield
 .text.xTaskGetCurrentTaskHandle
                0x000000000000f480        0xc ./FreeRTOS/tasks.o
                0x000000000000f480                xTaskGetCurrentTaskHandle
 .text.xTaskGetSchedulerState
                0x000000000000f48c       0x1c ./FreeRTOS/tasks.o
                0x000000000000f48c                xTaskGetSchedulerState
 .text.vTaskPriorityInherit
                0x000000000000f4a8       0x7c ./FreeRTOS/tasks.o
                0x000000000000f4a8                vTaskPriorityInherit
 .text.vTaskPriorityDisinherit
                0x000000000000f524       0x4c ./FreeRTOS/tasks.o
                0x000000000000f524                vTaskPriorityDisinherit
 .text.prvInsertTimerInActiveList
                0x000000000000f570       0x48 ./FreeRTOS/timers.o
 .text.prvCheckForValidListAndQueue
                0x000000000000f5b8       0x4c ./FreeRTOS/timers.o
 .text.xTimerCreateTimerTask
                0x000000000000f604       0x44 ./FreeRTOS/timers.o
                0x000000000000f604                xTimerCreateTimerTask
 .text.xTimerGenericCommand
                0x000000000000f648       0x48 ./FreeRTOS/timers.o
                0x000000000000f648                xTimerGenericCommand
 .text.prvSampleTimeNow
                0x000000000000f690       0xa8 ./FreeRTOS/timers.o
 .text.prvTimerTask
                0x000000000000f738      0x158 ./FreeRTOS/timers.o
 .text._close   0x000000000000f890        0x6 ./CMSIS/startup_gcc/newlib_stubs.o
                0x000000000000f890                _close
 .text._exit    0x000000000000f896        0x2 ./CMSIS/startup_gcc/newlib_stubs.o
                0x000000000000f896                _exit
 .text._fstat   0x000000000000f898        0xa ./CMSIS/startup_gcc/newlib_stubs.o
                0x000000000000f898                _fstat
 .text._getpid  0x000000000000f8a2        0x4 ./CMSIS/startup_gcc/newlib_stubs.o
                0x000000000000f8a2                _getpid
 .text._isatty  0x000000000000f8a6        0x4 ./CMSIS/startup_gcc/newlib_stubs.o
                0x000000000000f8a6                _isatty
 .text._kill    0x000000000000f8aa       0x10 ./CMSIS/startup_gcc/newlib_stubs.o
                0x000000000000f8aa                _kill
 .text._lseek   0x000000000000f8ba        0x4 ./CMSIS/startup_gcc/newlib_stubs.o
                0x000000000000f8ba                _lseek
 .text._read    0x000000000000f8be        0x4 ./CMSIS/startup_gcc/newlib_stubs.o
                0x000000000000f8be                _read
 *fill*         0x000000000000f8c2        0x2 
 .text._write_r
                0x000000000000f8c4       0x38 ./CMSIS/startup_gcc/newlib_stubs.o
                0x000000000000f8c4                _write_r
 .text._sbrk    0x000000000000f8fc       0x64 ./CMSIS/startup_gcc/newlib_stubs.o
                0x000000000000f8fc                _sbrk
 .text.set_clock_frequency_globals
                0x000000000000f960       0x40 ./CMSIS/system_m2sxxx.o
 .text.SystemInit
                0x000000000000f9a0       0xc0 ./CMSIS/system_m2sxxx.o
                0x000000000000f9a0                SystemInit
 .text.SystemCoreClockUpdate
                0x000000000000fa60       0xf0 ./CMSIS/system_m2sxxx.o
                0x000000000000fa60                SystemCoreClockUpdate
 .text.prvEthernetConfigureInterface
                0x000000000000fb50       0x4c ./main.o
 .text.prvLinkStatusTask
                0x000000000000fb9c       0x68 ./main.o
                0x000000000000fb9c                prvLinkStatusTask
 .text.main     0x000000000000fc04      0x1e4 ./main.o
                0x000000000000fc04                main
 .text.vApplicationMallocFailedHook
                0x000000000000fde8        0x2 ./main.o
                0x000000000000fde8                vApplicationMallocFailedHook
 .text.vApplicationStackOverflowHook
                0x000000000000fdea        0xa ./main.o
                0x000000000000fdea                vApplicationStackOverflowHook
 .text.vApplicationIdleHook
                0x000000000000fdf4       0x12 ./main.o
                0x000000000000fdf4                vApplicationIdleHook
 *fill*         0x000000000000fe06        0x2 
 .text.vMainConfigureTimerForRunTimeStats
                0x000000000000fe08       0x60 ./main.o
                0x000000000000fe08                vMainConfigureTimerForRunTimeStats
 .text.ulGetRunTimeCounterValue
                0x000000000000fe68       0x1a ./main.o
                0x000000000000fe68                ulGetRunTimeCounterValue
 *fill*         0x000000000000fe82        0x2 
 .text.get_ip_address
                0x000000000000fe84        0xc ./main.o
                0x000000000000fe84                get_ip_address
 .text.get_mac_address
                0x000000000000fe90       0x18 ./main.o
                0x000000000000fe90                get_mac_address
 .text.mscc_post_hw_cfg_init
                0x000000000000fea8        0x2 ./mscc_post_hw_cfg_init.o
                0x000000000000fea8                mscc_post_hw_cfg_init
 *fill*         0x000000000000feaa        0x2 
 .text.sys_cfg_get_mac_address
                0x000000000000feac       0x1c ./sys_cfg.o
                0x000000000000feac                sys_cfg_get_mac_address
 .text.set_user_eth_speed_choice
                0x000000000000fec8       0x34 ./sys_cfg.o
                0x000000000000fec8                set_user_eth_speed_choice
 .text.uart_tx_handler
                0x000000000000fefc       0x54 ./uart_task.o
 .text.send_msg
                0x000000000000ff50       0x58 ./uart_task.o
 .text.display_reset_msg
                0x000000000000ffa8       0x24 ./uart_task.o
 .text.prvUARTTask
                0x000000000000ffcc      0x324 ./uart_task.o
                0x000000000000ffcc                prvUARTTask
 .text.__assert_func
                0x00000000000102f0       0x3c /home/jerryneedell/Microchip/SoftConsole-v6.4/arm-none-eabi-gcc/bin/../lib/gcc/arm-none-eabi/9.2.1/../../../../arm-none-eabi/lib/thumb/v7-m/nofp/libg_nano.a(lib_a-assert.o)
                0x00000000000102f0                __assert_func
 .text.__errno  0x000000000001032c        0xc /home/jerryneedell/Microchip/SoftConsole-v6.4/arm-none-eabi-gcc/bin/../lib/gcc/arm-none-eabi/9.2.1/../../../../arm-none-eabi/lib/thumb/v7-m/nofp/libg_nano.a(lib_a-errno.o)
                0x000000000001032c                __errno
 .text.fprintf  0x0000000000010338       0x24 /home/jerryneedell/Microchip/SoftConsole-v6.4/arm-none-eabi-gcc/bin/../lib/gcc/arm-none-eabi/9.2.1/../../../../arm-none-eabi/lib/thumb/v7-m/nofp/libg_nano.a(lib_a-fprintf.o)
                0x0000000000010338                fprintf
                0x0000000000010338                fiprintf
 .text.__libc_init_array
                0x000000000001035c       0x48 /home/jerryneedell/Microchip/SoftConsole-v6.4/arm-none-eabi-gcc/bin/../lib/gcc/arm-none-eabi/9.2.1/../../../../arm-none-eabi/lib/thumb/v7-m/nofp/libg_nano.a(lib_a-init.o)
                0x000000000001035c                __libc_init_array
 .text.memcmp   0x00000000000103a4       0x1c /home/jerryneedell/Microchip/SoftConsole-v6.4/arm-none-eabi-gcc/bin/../lib/gcc/arm-none-eabi/9.2.1/../../../../arm-none-eabi/lib/thumb/v7-m/nofp/libg_nano.a(lib_a-memcmp.o)
                0x00000000000103a4                memcmp
 .text.memcpy   0x00000000000103c0       0x1c /home/jerryneedell/Microchip/SoftConsole-v6.4/arm-none-eabi-gcc/bin/../lib/gcc/arm-none-eabi/9.2.1/../../../../arm-none-eabi/lib/thumb/v7-m/nofp/libg_nano.a(lib_a-memcpy-stub.o)
                0x00000000000103c0                memcpy
 .text.memset   0x00000000000103dc       0x10 /home/jerryneedell/Microchip/SoftConsole-v6.4/arm-none-eabi-gcc/bin/../lib/gcc/arm-none-eabi/9.2.1/../../../../arm-none-eabi/lib/thumb/v7-m/nofp/libg_nano.a(lib_a-memset.o)
                0x00000000000103dc                memset
 .text.__sfputc_r
                0x00000000000103ec       0x2a /home/jerryneedell/Microchip/SoftConsole-v6.4/arm-none-eabi-gcc/bin/../lib/gcc/arm-none-eabi/9.2.1/../../../../arm-none-eabi/lib/thumb/v7-m/nofp/libg_nano.a(lib_a-nano-vfprintf.o)
 .text.__sfputs_r
                0x0000000000010416       0x24 /home/jerryneedell/Microchip/SoftConsole-v6.4/arm-none-eabi-gcc/bin/../lib/gcc/arm-none-eabi/9.2.1/../../../../arm-none-eabi/lib/thumb/v7-m/nofp/libg_nano.a(lib_a-nano-vfprintf.o)
                0x0000000000010416                __sfputs_r
 *fill*         0x000000000001043a        0x2 
 .text._vfprintf_r
                0x000000000001043c      0x260 /home/jerryneedell/Microchip/SoftConsole-v6.4/arm-none-eabi-gcc/bin/../lib/gcc/arm-none-eabi/9.2.1/../../../../arm-none-eabi/lib/thumb/v7-m/nofp/libg_nano.a(lib_a-nano-vfprintf.o)
                0x000000000001043c                _vfiprintf_r
                0x000000000001043c                _vfprintf_r
 .text._printf_common
                0x000000000001069c       0xde /home/jerryneedell/Microchip/SoftConsole-v6.4/arm-none-eabi-gcc/bin/../lib/gcc/arm-none-eabi/9.2.1/../../../../arm-none-eabi/lib/thumb/v7-m/nofp/libg_nano.a(lib_a-nano-vfprintf_i.o)
                0x000000000001069c                _printf_common
 *fill*         0x000000000001077a        0x2 
 .text._printf_i
                0x000000000001077c      0x24c /home/jerryneedell/Microchip/SoftConsole-v6.4/arm-none-eabi-gcc/bin/../lib/gcc/arm-none-eabi/9.2.1/../../../../arm-none-eabi/lib/thumb/v7-m/nofp/libg_nano.a(lib_a-nano-vfprintf_i.o)
                0x000000000001077c                _printf_i
 .text.snprintf
                0x00000000000109c8       0x68 /home/jerryneedell/Microchip/SoftConsole-v6.4/arm-none-eabi-gcc/bin/../lib/gcc/arm-none-eabi/9.2.1/../../../../arm-none-eabi/lib/thumb/v7-m/nofp/libg_nano.a(lib_a-snprintf.o)
                0x00000000000109c8                snprintf
                0x00000000000109c8                sniprintf
 .text.strncpy  0x0000000000010a30       0x26 /home/jerryneedell/Microchip/SoftConsole-v6.4/arm-none-eabi-gcc/bin/../lib/gcc/arm-none-eabi/9.2.1/../../../../arm-none-eabi/lib/thumb/v7-m/nofp/libg_nano.a(lib_a-strncpy.o)
                0x0000000000010a30                strncpy
 *fill*         0x0000000000010a56        0x2 
 .text.__swbuf_r
                0x0000000000010a58       0xa4 /home/jerryneedell/Microchip/SoftConsole-v6.4/arm-none-eabi-gcc/bin/../lib/gcc/arm-none-eabi/9.2.1/../../../../arm-none-eabi/lib/thumb/v7-m/nofp/libg_nano.a(lib_a-wbuf.o)
                0x0000000000010a58                __swbuf_r
 .text.__swsetup_r
                0x0000000000010afc       0xdc /home/jerryneedell/Microchip/SoftConsole-v6.4/arm-none-eabi-gcc/bin/../lib/gcc/arm-none-eabi/9.2.1/../../../../arm-none-eabi/lib/thumb/v7-m/nofp/libg_nano.a(lib_a-wsetup.o)
                0x0000000000010afc                __swsetup_r
 .text.abort    0x0000000000010bd8        0xe /home/jerryneedell/Microchip/SoftConsole-v6.4/arm-none-eabi-gcc/bin/../lib/gcc/arm-none-eabi/9.2.1/../../../../arm-none-eabi/lib/thumb/v7-m/nofp/libg_nano.a(lib_a-abort.o)
                0x0000000000010bd8                abort
 *fill*         0x0000000000010be6        0x2 
 .text.__sflush_r
                0x0000000000010be8      0x10c /home/jerryneedell/Microchip/SoftConsole-v6.4/arm-none-eabi-gcc/bin/../lib/gcc/arm-none-eabi/9.2.1/../../../../arm-none-eabi/lib/thumb/v7-m/nofp/libg_nano.a(lib_a-fflush.o)
                0x0000000000010be8                __sflush_r
 .text._fflush_r
                0x0000000000010cf4       0x78 /home/jerryneedell/Microchip/SoftConsole-v6.4/arm-none-eabi-gcc/bin/../lib/gcc/arm-none-eabi/9.2.1/../../../../arm-none-eabi/lib/thumb/v7-m/nofp/libg_nano.a(lib_a-fflush.o)
                0x0000000000010cf4                _fflush_r
 .text.std      0x0000000000010d6c       0x48 /home/jerryneedell/Microchip/SoftConsole-v6.4/arm-none-eabi-gcc/bin/../lib/gcc/arm-none-eabi/9.2.1/../../../../arm-none-eabi/lib/thumb/v7-m/nofp/libg_nano.a(lib_a-findfp.o)
 .text._cleanup_r
                0x0000000000010db4        0xc /home/jerryneedell/Microchip/SoftConsole-v6.4/arm-none-eabi-gcc/bin/../lib/gcc/arm-none-eabi/9.2.1/../../../../arm-none-eabi/lib/thumb/v7-m/nofp/libg_nano.a(lib_a-findfp.o)
                0x0000000000010db4                _cleanup_r
 .text.__sfmoreglue
                0x0000000000010dc0       0x2c /home/jerryneedell/Microchip/SoftConsole-v6.4/arm-none-eabi-gcc/bin/../lib/gcc/arm-none-eabi/9.2.1/../../../../arm-none-eabi/lib/thumb/v7-m/nofp/libg_nano.a(lib_a-findfp.o)
                0x0000000000010dc0                __sfmoreglue
 .text.__sfp_lock_acquire
                0x0000000000010dec        0xc /home/jerryneedell/Microchip/SoftConsole-v6.4/arm-none-eabi-gcc/bin/../lib/gcc/arm-none-eabi/9.2.1/../../../../arm-none-eabi/lib/thumb/v7-m/nofp/libg_nano.a(lib_a-findfp.o)
                0x0000000000010dec                __sfp_lock_acquire
 .text.__sfp_lock_release
                0x0000000000010df8        0xc /home/jerryneedell/Microchip/SoftConsole-v6.4/arm-none-eabi-gcc/bin/../lib/gcc/arm-none-eabi/9.2.1/../../../../arm-none-eabi/lib/thumb/v7-m/nofp/libg_nano.a(lib_a-findfp.o)
                0x0000000000010df8                __sfp_lock_release
 .text.__sinit_lock_acquire
                0x0000000000010e04        0xc /home/jerryneedell/Microchip/SoftConsole-v6.4/arm-none-eabi-gcc/bin/../lib/gcc/arm-none-eabi/9.2.1/../../../../arm-none-eabi/lib/thumb/v7-m/nofp/libg_nano.a(lib_a-findfp.o)
                0x0000000000010e04                __sinit_lock_acquire
 .text.__sinit_lock_release
                0x0000000000010e10        0xc /home/jerryneedell/Microchip/SoftConsole-v6.4/arm-none-eabi-gcc/bin/../lib/gcc/arm-none-eabi/9.2.1/../../../../arm-none-eabi/lib/thumb/v7-m/nofp/libg_nano.a(lib_a-findfp.o)
                0x0000000000010e10                __sinit_lock_release
 .text.__sinit  0x0000000000010e1c       0x70 /home/jerryneedell/Microchip/SoftConsole-v6.4/arm-none-eabi-gcc/bin/../lib/gcc/arm-none-eabi/9.2.1/../../../../arm-none-eabi/lib/thumb/v7-m/nofp/libg_nano.a(lib_a-findfp.o)
                0x0000000000010e1c                __sinit
 .text.__sfp    0x0000000000010e8c       0x8c /home/jerryneedell/Microchip/SoftConsole-v6.4/arm-none-eabi-gcc/bin/../lib/gcc/arm-none-eabi/9.2.1/../../../../arm-none-eabi/lib/thumb/v7-m/nofp/libg_nano.a(lib_a-findfp.o)
                0x0000000000010e8c                __sfp
 .text._fwalk_reent
                0x0000000000010f18       0x3e /home/jerryneedell/Microchip/SoftConsole-v6.4/arm-none-eabi-gcc/bin/../lib/gcc/arm-none-eabi/9.2.1/../../../../arm-none-eabi/lib/thumb/v7-m/nofp/libg_nano.a(lib_a-fwalk.o)
                0x0000000000010f18                _fwalk_reent
 .text.__retarget_lock_init_recursive
                0x0000000000010f56        0x2 /home/jerryneedell/Microchip/SoftConsole-v6.4/arm-none-eabi-gcc/bin/../lib/gcc/arm-none-eabi/9.2.1/../../../../arm-none-eabi/lib/thumb/v7-m/nofp/libg_nano.a(lib_a-lock.o)
                0x0000000000010f56                __retarget_lock_init_recursive
 .text.__retarget_lock_acquire_recursive
                0x0000000000010f58        0x2 /home/jerryneedell/Microchip/SoftConsole-v6.4/arm-none-eabi-gcc/bin/../lib/gcc/arm-none-eabi/9.2.1/../../../../arm-none-eabi/lib/thumb/v7-m/nofp/libg_nano.a(lib_a-lock.o)
                0x0000000000010f58                __retarget_lock_acquire_recursive
 .text.__retarget_lock_release_recursive
                0x0000000000010f5a        0x2 /home/jerryneedell/Microchip/SoftConsole-v6.4/arm-none-eabi-gcc/bin/../lib/gcc/arm-none-eabi/9.2.1/../../../../arm-none-eabi/lib/thumb/v7-m/nofp/libg_nano.a(lib_a-lock.o)
                0x0000000000010f5a                __retarget_lock_release_recursive
 .text.__swhatbuf_r
                0x0000000000010f5c       0x48 /home/jerryneedell/Microchip/SoftConsole-v6.4/arm-none-eabi-gcc/bin/../lib/gcc/arm-none-eabi/9.2.1/../../../../arm-none-eabi/lib/thumb/v7-m/nofp/libg_nano.a(lib_a-makebuf.o)
                0x0000000000010f5c                __swhatbuf_r
 .text.__smakebuf_r
                0x0000000000010fa4       0x80 /home/jerryneedell/Microchip/SoftConsole-v6.4/arm-none-eabi-gcc/bin/../lib/gcc/arm-none-eabi/9.2.1/../../../../arm-none-eabi/lib/thumb/v7-m/nofp/libg_nano.a(lib_a-makebuf.o)
                0x0000000000010fa4                __smakebuf_r
 .text.memchr   0x0000000000011024       0x1c /home/jerryneedell/Microchip/SoftConsole-v6.4/arm-none-eabi-gcc/bin/../lib/gcc/arm-none-eabi/9.2.1/../../../../arm-none-eabi/lib/thumb/v7-m/nofp/libg_nano.a(lib_a-memchr-stub.o)
                0x0000000000011024                memchr
 .text.memmove  0x0000000000011040       0x34 /home/jerryneedell/Microchip/SoftConsole-v6.4/arm-none-eabi-gcc/bin/../lib/gcc/arm-none-eabi/9.2.1/../../../../arm-none-eabi/lib/thumb/v7-m/nofp/libg_nano.a(lib_a-memmove.o)
                0x0000000000011040                memmove
 .text._free_r  0x0000000000011074       0x98 /home/jerryneedell/Microchip/SoftConsole-v6.4/arm-none-eabi-gcc/bin/../lib/gcc/arm-none-eabi/9.2.1/../../../../arm-none-eabi/lib/thumb/v7-m/nofp/libg_nano.a(lib_a-nano-freer.o)
                0x0000000000011074                _free_r
 .text._malloc_r
                0x000000000001110c       0xb4 /home/jerryneedell/Microchip/SoftConsole-v6.4/arm-none-eabi-gcc/bin/../lib/gcc/arm-none-eabi/9.2.1/../../../../arm-none-eabi/lib/thumb/v7-m/nofp/libg_nano.a(lib_a-nano-mallocr.o)
                0x000000000001110c                _malloc_r
 .text._realloc_r
                0x00000000000111c0       0x4c /home/jerryneedell/Microchip/SoftConsole-v6.4/arm-none-eabi-gcc/bin/../lib/gcc/arm-none-eabi/9.2.1/../../../../arm-none-eabi/lib/thumb/v7-m/nofp/libg_nano.a(lib_a-nano-reallocr.o)
                0x00000000000111c0                _realloc_r
 .text.__ssputs_r
                0x000000000001120c       0xb6 /home/jerryneedell/Microchip/SoftConsole-v6.4/arm-none-eabi-gcc/bin/../lib/gcc/arm-none-eabi/9.2.1/../../../../arm-none-eabi/lib/thumb/v7-m/nofp/libg_nano.a(lib_a-nano-svfprintf.o)
                0x000000000001120c                __ssputs_r
 *fill*         0x00000000000112c2        0x2 
 .text._svfprintf_r
                0x00000000000112c4      0x200 /home/jerryneedell/Microchip/SoftConsole-v6.4/arm-none-eabi-gcc/bin/../lib/gcc/arm-none-eabi/9.2.1/../../../../arm-none-eabi/lib/thumb/v7-m/nofp/libg_nano.a(lib_a-nano-svfprintf.o)
                0x00000000000112c4                _svfprintf_r
                0x00000000000112c4                _svfiprintf_r
 .text._sbrk_r  0x00000000000114c4       0x20 /home/jerryneedell/Microchip/SoftConsole-v6.4/arm-none-eabi-gcc/bin/../lib/gcc/arm-none-eabi/9.2.1/../../../../arm-none-eabi/lib/thumb/v7-m/nofp/libg_nano.a(lib_a-sbrkr.o)
                0x00000000000114c4                _sbrk_r
 .text._raise_r
                0x00000000000114e4       0x50 /home/jerryneedell/Microchip/SoftConsole-v6.4/arm-none-eabi-gcc/bin/../lib/gcc/arm-none-eabi/9.2.1/../../../../arm-none-eabi/lib/thumb/v7-m/nofp/libg_nano.a(lib_a-signal.o)
                0x00000000000114e4                _raise_r
 .text.raise    0x0000000000011534       0x10 /home/jerryneedell/Microchip/SoftConsole-v6.4/arm-none-eabi-gcc/bin/../lib/gcc/arm-none-eabi/9.2.1/../../../../arm-none-eabi/lib/thumb/v7-m/nofp/libg_nano.a(lib_a-signal.o)
                0x0000000000011534                raise
 .text._kill_r  0x0000000000011544       0x24 /home/jerryneedell/Microchip/SoftConsole-v6.4/arm-none-eabi-gcc/bin/../lib/gcc/arm-none-eabi/9.2.1/../../../../arm-none-eabi/lib/thumb/v7-m/nofp/libg_nano.a(lib_a-signalr.o)
                0x0000000000011544                _kill_r
 .text._getpid_r
                0x0000000000011568        0x4 /home/jerryneedell/Microchip/SoftConsole-v6.4/arm-none-eabi-gcc/bin/../lib/gcc/arm-none-eabi/9.2.1/../../../../arm-none-eabi/lib/thumb/v7-m/nofp/libg_nano.a(lib_a-signalr.o)
                0x0000000000011568                _getpid_r
 .text.__sread  0x000000000001156c       0x22 /home/jerryneedell/Microchip/SoftConsole-v6.4/arm-none-eabi-gcc/bin/../lib/gcc/arm-none-eabi/9.2.1/../../../../arm-none-eabi/lib/thumb/v7-m/nofp/libg_nano.a(lib_a-stdio.o)
                0x000000000001156c                __sread
 .text.__swrite
                0x000000000001158e       0x38 /home/jerryneedell/Microchip/SoftConsole-v6.4/arm-none-eabi-gcc/bin/../lib/gcc/arm-none-eabi/9.2.1/../../../../arm-none-eabi/lib/thumb/v7-m/nofp/libg_nano.a(lib_a-stdio.o)
                0x000000000001158e                __swrite
 .text.__sseek  0x00000000000115c6       0x24 /home/jerryneedell/Microchip/SoftConsole-v6.4/arm-none-eabi-gcc/bin/../lib/gcc/arm-none-eabi/9.2.1/../../../../arm-none-eabi/lib/thumb/v7-m/nofp/libg_nano.a(lib_a-stdio.o)
                0x00000000000115c6                __sseek
 .text.__sclose
                0x00000000000115ea        0x8 /home/jerryneedell/Microchip/SoftConsole-v6.4/arm-none-eabi-gcc/bin/../lib/gcc/arm-none-eabi/9.2.1/../../../../arm-none-eabi/lib/thumb/v7-m/nofp/libg_nano.a(lib_a-stdio.o)
                0x00000000000115ea                __sclose
 *fill*         0x00000000000115f2        0x2 
 .text._close_r
                0x00000000000115f4       0x20 /home/jerryneedell/Microchip/SoftConsole-v6.4/arm-none-eabi-gcc/bin/../lib/gcc/arm-none-eabi/9.2.1/../../../../arm-none-eabi/lib/thumb/v7-m/nofp/libg_nano.a(lib_a-closer.o)
                0x00000000000115f4                _close_r
 .text._fstat_r
                0x0000000000011614       0x24 /home/jerryneedell/Microchip/SoftConsole-v6.4/arm-none-eabi-gcc/bin/../lib/gcc/arm-none-eabi/9.2.1/../../../../arm-none-eabi/lib/thumb/v7-m/nofp/libg_nano.a(lib_a-fstatr.o)
                0x0000000000011614                _fstat_r
 .text._isatty_r
                0x0000000000011638       0x20 /home/jerryneedell/Microchip/SoftConsole-v6.4/arm-none-eabi-gcc/bin/../lib/gcc/arm-none-eabi/9.2.1/../../../../arm-none-eabi/lib/thumb/v7-m/nofp/libg_nano.a(lib_a-isattyr.o)
                0x0000000000011638                _isatty_r
 .text._lseek_r
                0x0000000000011658       0x24 /home/jerryneedell/Microchip/SoftConsole-v6.4/arm-none-eabi-gcc/bin/../lib/gcc/arm-none-eabi/9.2.1/../../../../arm-none-eabi/lib/thumb/v7-m/nofp/libg_nano.a(lib_a-lseekr.o)
                0x0000000000011658                _lseek_r
 .text.__malloc_lock
                0x000000000001167c        0xc /home/jerryneedell/Microchip/SoftConsole-v6.4/arm-none-eabi-gcc/bin/../lib/gcc/arm-none-eabi/9.2.1/../../../../arm-none-eabi/lib/thumb/v7-m/nofp/libg_nano.a(lib_a-mlock.o)
                0x000000000001167c                __malloc_lock
 .text.__malloc_unlock
                0x0000000000011688        0xc /home/jerryneedell/Microchip/SoftConsole-v6.4/arm-none-eabi-gcc/bin/../lib/gcc/arm-none-eabi/9.2.1/../../../../arm-none-eabi/lib/thumb/v7-m/nofp/libg_nano.a(lib_a-mlock.o)
                0x0000000000011688                __malloc_unlock
 .text._malloc_usable_size_r
                0x0000000000011694       0x10 /home/jerryneedell/Microchip/SoftConsole-v6.4/arm-none-eabi-gcc/bin/../lib/gcc/arm-none-eabi/9.2.1/../../../../arm-none-eabi/lib/thumb/v7-m/nofp/libg_nano.a(lib_a-nano-msizer.o)
                0x0000000000011694                _malloc_usable_size_r
 .text._read_r  0x00000000000116a4       0x24 /home/jerryneedell/Microchip/SoftConsole-v6.4/arm-none-eabi-gcc/bin/../lib/gcc/arm-none-eabi/9.2.1/../../../../arm-none-eabi/lib/thumb/v7-m/nofp/libg_nano.a(lib_a-readr.o)
                0x00000000000116a4                _read_r
 *(.plt)
 *(.gnu.warning)
 *(.glue_7t)
 .glue_7t       0x00000000000116c8        0x0 linker stubs
 *(.glue_7)
 .glue_7        0x00000000000116c8        0x0 linker stubs
 *(.vfp11_veneer)
 .vfp11_veneer  0x00000000000116c8        0x0 linker stubs
                0x00000000000116c8                . = ALIGN (0x4)
 *crtbegin.o(.ctors)
 *(EXCLUDE_FILE(*crtend.o) .ctors)
 *(SORT_BY_NAME(.ctors.*))
 *crtend.o(.ctors)
 *crtbegin.o(.dtors)
 *(EXCLUDE_FILE(*crtend.o) .dtors)
 *(SORT_BY_NAME(.dtors.*))
 *crtend.o(.dtors)
 *(.rodata .rodata.* .gnu.linkonce.r.*)
 .rodata.etharp_find_entry.str1.4
                0x00000000000116c8       0x55 ./lwip-1.4.1/netif/etharp.o
 *fill*         0x000000000001171d        0x3 
 .rodata.etharp_send_ip.str1.4
                0x0000000000011720       0x44 ./lwip-1.4.1/netif/etharp.o
 .rodata.etharp_request.str1.4
                0x0000000000011764       0x4b ./lwip-1.4.1/netif/etharp.o
 *fill*         0x00000000000117af        0x1 
 .rodata.etharp_output_to_arp_index.str1.4
                0x00000000000117b0       0x30 ./lwip-1.4.1/netif/etharp.o
 .rodata.etharp_query.str1.4
                0x00000000000117e0       0x1a ./lwip-1.4.1/netif/etharp.o
 *fill*         0x00000000000117fa        0x2 
 .rodata.etharp_output.str1.4
                0x00000000000117fc       0x1b ./lwip-1.4.1/netif/etharp.o
 *fill*         0x0000000000011817        0x1 
 .rodata.ethernet_input.str1.4
                0x0000000000011818       0x4b ./lwip-1.4.1/netif/etharp.o
 *fill*         0x0000000000011863        0x1 
 .rodata        0x0000000000011864        0x6 ./lwip-1.4.1/netif/etharp.o
 *fill*         0x000000000001186a        0x2 
 .rodata.ethbroadcast
                0x000000000001186c        0x6 ./lwip-1.4.1/netif/etharp.o
                0x000000000001186c                ethbroadcast
 *fill*         0x0000000000011872        0x2 
 .rodata.icmp_send_response.str1.4
                0x0000000000011874       0x2c ./lwip-1.4.1/core/ipv4/icmp.o
 .rodata.icmp_input.str1.4
                0x00000000000118a0       0xc6 ./lwip-1.4.1/core/ipv4/icmp.o
                                         0xe9 (size before relaxing)
 *fill*         0x0000000000011966        0x2 
 .rodata.igmp_send.str1.4
                0x0000000000011968       0x3a ./lwip-1.4.1/core/ipv4/igmp.o
 *fill*         0x00000000000119a2        0x2 
 .rodata.ip_output_if_opt.str1.4
                0x00000000000119a4       0x39 ./lwip-1.4.1/core/ipv4/ip.o
 *fill*         0x00000000000119dd        0x3 
 .rodata.ip_addr_any
                0x00000000000119e0        0x4 ./lwip-1.4.1/core/ipv4/ip_addr.o
                0x00000000000119e0                ip_addr_any
 .rodata.ip_addr_broadcast
                0x00000000000119e4        0x4 ./lwip-1.4.1/core/ipv4/ip_addr.o
                0x00000000000119e4                ip_addr_broadcast
 .rodata.ip_reass_dequeue_datagram.str1.4
                0x00000000000119e8       0x19 ./lwip-1.4.1/core/ipv4/ip_frag.o
 *fill*         0x0000000000011a01        0x3 
 .rodata.ip_reass_free_complete_datagram.str1.4
                0x0000000000011a04       0x5b ./lwip-1.4.1/core/ipv4/ip_frag.o
 .rodata.ip_frag_free_pbuf_custom_ref.str1.4
                0x0000000000011a5f       0x5b ./lwip-1.4.1/core/ipv4/ip_frag.o
                                          0xa (size before relaxing)
 *fill*         0x0000000000011a5f        0x1 
 .rodata.ipfrag_free_pbuf_custom.str1.4
                0x0000000000011a60        0xc ./lwip-1.4.1/core/ipv4/ip_frag.o
 .rodata.ip_reass.str1.4
                0x0000000000011a6c       0x61 ./lwip-1.4.1/core/ipv4/ip_frag.o
 *fill*         0x0000000000011acd        0x3 
 .rodata.ip_frag.str1.4
                0x0000000000011ad0       0x20 ./lwip-1.4.1/core/ipv4/ip_frag.o
 .rodata.dhcp_option.str1.4
                0x0000000000011af0       0x48 ./lwip-1.4.1/core/dhcp.o
 .rodata.dhcp_option_byte.str1.4
                0x0000000000011b38       0x3b ./lwip-1.4.1/core/dhcp.o
 *fill*         0x0000000000011b73        0x1 
 .rodata.dhcp_option_short.str1.4
                0x0000000000011b74       0x41 ./lwip-1.4.1/core/dhcp.o
 *fill*         0x0000000000011bb5        0x3 
 .rodata.dhcp_option_long.str1.4
                0x0000000000011bb8       0x40 ./lwip-1.4.1/core/dhcp.o
 .rodata.dhcp_option_trailer.str1.4
                0x0000000000011bf8       0x8f ./lwip-1.4.1/core/dhcp.o
 *fill*         0x0000000000011c87        0x1 
 .rodata.dhcp_create_msg.str1.4
                0x0000000000011c88       0xd0 ./lwip-1.4.1/core/dhcp.o
 .rodata.dhcp_delete_msg.str1.4
                0x0000000000011d58       0x6f ./lwip-1.4.1/core/dhcp.o
 *fill*         0x0000000000011dc7        0x1 
 .rodata.dhcp_bind.str1.4
                0x0000000000011dc8       0x34 ./lwip-1.4.1/core/dhcp.o
 .rodata.dhcp_recv.str1.4
                0x0000000000011dfc       0x9f ./lwip-1.4.1/core/dhcp.o
 *fill*         0x0000000000011e9b        0x1 
 .rodata.dhcp_set_struct.str1.4
                0x0000000000011e9c       0x34 ./lwip-1.4.1/core/dhcp.o
                                         0x44 (size before relaxing)
 .rodata.dhcp_stop.str1.4
                0x0000000000011ed0       0x19 ./lwip-1.4.1/core/dhcp.o
 *fill*         0x0000000000011ee9        0x3 
 .rodata.dhcp_start.str1.4
                0x0000000000011eec       0x18 ./lwip-1.4.1/core/dhcp.o
 .rodata.sys_timeout.str1.4
                0x0000000000011f04       0x3d ./lwip-1.4.1/core/lwip_timers.o
 *fill*         0x0000000000011f41        0x3 
 .rodata.mem_init.str1.4
                0x0000000000011f44       0x1b ./lwip-1.4.1/core/mem.o
 *fill*         0x0000000000011f5f        0x1 
 .rodata.mem_free.str1.4
                0x0000000000011f60       0xca ./lwip-1.4.1/core/mem.o
 *fill*         0x000000000001202a        0x2 
 .rodata.mem_trim.str1.4
                0x000000000001202c       0x38 ./lwip-1.4.1/core/mem.o
 .rodata.mem_malloc.str1.4
                0x0000000000012064       0x83 ./lwip-1.4.1/core/mem.o
 *fill*         0x00000000000120e7        0x1 
 .rodata.memp_malloc.str1.4
                0x00000000000120e8       0x43 ./lwip-1.4.1/core/memp.o
 *fill*         0x000000000001212b        0x1 
 .rodata.memp_free.str1.4
                0x000000000001212c       0x2c ./lwip-1.4.1/core/memp.o
 .rodata.memp_num
                0x0000000000012158       0x1e ./lwip-1.4.1/core/memp.o
 *fill*         0x0000000000012176        0x2 
 .rodata.memp_sizes
                0x0000000000012178       0x1e ./lwip-1.4.1/core/memp.o
 *fill*         0x0000000000012196        0x2 
 .rodata.netif_add.str1.4
                0x0000000000012198       0x17 ./lwip-1.4.1/core/netif.o
 *fill*         0x00000000000121af        0x1 
 .rodata.pbuf_alloced_custom.str1.4
                0x00000000000121b0       0x24 ./lwip-1.4.1/core/pbuf.o
 .rodata.pbuf_header.str1.4
                0x00000000000121d4       0x2e ./lwip-1.4.1/core/pbuf.o
                                         0x3a (size before relaxing)
 *fill*         0x0000000000012202        0x2 
 .rodata.pbuf_free.str1.4
                0x0000000000012204       0x51 ./lwip-1.4.1/core/pbuf.o
 *fill*         0x0000000000012255        0x3 
 .rodata.pbuf_alloc.str1.4
                0x0000000000012258       0xaf ./lwip-1.4.1/core/pbuf.o
 *fill*         0x0000000000012307        0x1 
 .rodata.pbuf_realloc.str1.4
                0x0000000000012308       0x7c ./lwip-1.4.1/core/pbuf.o
 .rodata.pbuf_cat.str1.4
                0x0000000000012384       0x78 ./lwip-1.4.1/core/pbuf.o
 .rodata.pbuf_copy.str1.4
                0x00000000000123fc       0x9f ./lwip-1.4.1/core/pbuf.o
 *fill*         0x000000000001249b        0x1 
 .rodata.pbuf_copy_partial.str1.4
                0x000000000001249c       0x43 ./lwip-1.4.1/core/pbuf.o
 *fill*         0x00000000000124df        0x1 
 .rodata.tcp_bind.str1.4
                0x00000000000124e0       0x28 ./lwip-1.4.1/core/tcp.o
 .rodata.tcp_listen_with_backlog.str1.4
                0x0000000000012508       0x22 ./lwip-1.4.1/core/tcp.o
 *fill*         0x000000000001252a        0x2 
 .rodata.tcp_update_rcv_ann_wnd.str1.4
                0x000000000001252c       0x1a ./lwip-1.4.1/core/tcp.o
 *fill*         0x0000000000012546        0x2 
 .rodata.tcp_recved.str1.4
                0x0000000000012548       0x4c ./lwip-1.4.1/core/tcp.o
 .rodata.tcp_recv.str1.4
                0x0000000000012594       0x27 ./lwip-1.4.1/core/tcp.o
 *fill*         0x00000000000125bb        0x1 
 .rodata.tcp_sent.str1.4
                0x00000000000125bc       0x27 ./lwip-1.4.1/core/tcp.o
 *fill*         0x00000000000125e3        0x1 
 .rodata.tcp_err.str1.4
                0x00000000000125e4       0x26 ./lwip-1.4.1/core/tcp.o
 *fill*         0x000000000001260a        0x2 
 .rodata.tcp_poll.str1.4
                0x000000000001260c       0x1e ./lwip-1.4.1/core/tcp.o
 *fill*         0x000000000001262a        0x2 
 .rodata.tcp_slowtmr.str1.4
                0x000000000001262c      0x15e ./lwip-1.4.1/core/tcp.o
 *fill*         0x000000000001278a        0x2 
 .rodata.tcp_pcb_remove.str1.4
                0x000000000001278c       0x4b ./lwip-1.4.1/core/tcp.o
 *fill*         0x00000000000127d7        0x1 
 .rodata.tcp_close_shutdown.str1.4
                0x00000000000127d8       0x19 ./lwip-1.4.1/core/tcp.o
 *fill*         0x00000000000127f1        0x3 
 .rodata.tcp_abandon.str1.4
                0x00000000000127f4       0x31 ./lwip-1.4.1/core/tcp.o
 *fill*         0x0000000000012825        0x3 
 .rodata.tcp_backoff
                0x0000000000012828        0xd ./lwip-1.4.1/core/tcp.o
                0x0000000000012828                tcp_backoff
 *fill*         0x0000000000012835        0x3 
 .rodata.tcp_pcb_lists
                0x0000000000012838       0x10 ./lwip-1.4.1/core/tcp.o
                0x0000000000012838                tcp_pcb_lists
 .rodata.tcp_persist_backoff
                0x0000000000012848        0x7 ./lwip-1.4.1/core/tcp.o
                0x0000000000012848                tcp_persist_backoff
 *fill*         0x000000000001284f        0x1 
 .rodata.tcp_receive.str1.4
                0x0000000000012850      0x161 ./lwip-1.4.1/core/tcp_in.o
 *fill*         0x00000000000129b1        0x3 
 .rodata.tcp_input.str1.4
                0x00000000000129b4      0x16a ./lwip-1.4.1/core/tcp_in.o
 *fill*         0x0000000000012b1e        0x2 
 .rodata.tcp_pbuf_prealloc.str1.4
                0x0000000000012b20       0x14 ./lwip-1.4.1/core/tcp_out.o
 .rodata.tcp_output_alloc_header.str1.4
                0x0000000000012b34       0x2e ./lwip-1.4.1/core/tcp_out.o
 *fill*         0x0000000000012b62        0x2 
 .rodata.tcp_write.str1.4
                0x0000000000012b64      0x1ae ./lwip-1.4.1/core/tcp_out.o
 *fill*         0x0000000000012d12        0x2 
 .rodata.tcp_enqueue_flags.str1.4