Archive member included to satisfy reference by file (symbol)

/home/jerryneedell/bin/gcc-arm-none-eabi-9-2019-q4-major/bin/../lib/gcc/arm-none-eabi/9.2.1/../../../../arm-none-eabi/lib/thumb/v7-m/nofp/libg_nano.a(lib_a-errno.o)
                              ./CMSIS/startup_gcc/newlib_stubs.o (__errno)
/home/jerryneedell/bin/gcc-arm-none-eabi-9-2019-q4-major/bin/../lib/gcc/arm-none-eabi/9.2.1/../../../../arm-none-eabi/lib/thumb/v7-m/nofp/libg_nano.a(lib_a-exit.o)
                              /home/jerryneedell/bin/gcc-arm-none-eabi-9-2019-q4-major/bin/../lib/gcc/arm-none-eabi/9.2.1/../../../../arm-none-eabi/lib/thumb/v7-m/nofp/crt0.o (exit)
/home/jerryneedell/bin/gcc-arm-none-eabi-9-2019-q4-major/bin/../lib/gcc/arm-none-eabi/9.2.1/../../../../arm-none-eabi/lib/thumb/v7-m/nofp/libg_nano.a(lib_a-impure.o)
                              /home/jerryneedell/bin/gcc-arm-none-eabi-9-2019-q4-major/bin/../lib/gcc/arm-none-eabi/9.2.1/../../../../arm-none-eabi/lib/thumb/v7-m/nofp/libg_nano.a(lib_a-exit.o) (_global_impure_ptr)
/home/jerryneedell/bin/gcc-arm-none-eabi-9-2019-q4-major/bin/../lib/gcc/arm-none-eabi/9.2.1/../../../../arm-none-eabi/lib/thumb/v7-m/nofp/libg_nano.a(lib_a-init.o)
                              /home/jerryneedell/bin/gcc-arm-none-eabi-9-2019-q4-major/bin/../lib/gcc/arm-none-eabi/9.2.1/../../../../arm-none-eabi/lib/thumb/v7-m/nofp/crt0.o (__libc_init_array)
/home/jerryneedell/bin/gcc-arm-none-eabi-9-2019-q4-major/bin/../lib/gcc/arm-none-eabi/9.2.1/../../../../arm-none-eabi/lib/thumb/v7-m/nofp/libg_nano.a(lib_a-memcpy-stub.o)
                              ./drivers/mss_ethernet_mac/mss_ethernet_mac.o (memcpy)
/home/jerryneedell/bin/gcc-arm-none-eabi-9-2019-q4-major/bin/../lib/gcc/arm-none-eabi/9.2.1/../../../../arm-none-eabi/lib/thumb/v7-m/nofp/libg_nano.a(lib_a-memset.o)
                              /home/jerryneedell/bin/gcc-arm-none-eabi-9-2019-q4-major/bin/../lib/gcc/arm-none-eabi/9.2.1/../../../../arm-none-eabi/lib/thumb/v7-m/nofp/crt0.o (memset)
/home/jerryneedell/bin/gcc-arm-none-eabi-9-2019-q4-major/bin/../lib/gcc/arm-none-eabi/9.2.1/../../../../arm-none-eabi/lib/thumb/v7-m/nofp/libg_nano.a(lib_a-snprintf.o)
                              ./main.o (snprintf)
/home/jerryneedell/bin/gcc-arm-none-eabi-9-2019-q4-major/bin/../lib/gcc/arm-none-eabi/9.2.1/../../../../arm-none-eabi/lib/thumb/v7-m/nofp/libg_nano.a(lib_a-nano-svfprintf.o)
                              /home/jerryneedell/bin/gcc-arm-none-eabi-9-2019-q4-major/bin/../lib/gcc/arm-none-eabi/9.2.1/../../../../arm-none-eabi/lib/thumb/v7-m/nofp/libg_nano.a(lib_a-snprintf.o) (_svfprintf_r)
/home/jerryneedell/bin/gcc-arm-none-eabi-9-2019-q4-major/bin/../lib/gcc/arm-none-eabi/9.2.1/../../../../arm-none-eabi/lib/thumb/v7-m/nofp/libg_nano.a(lib_a-nano-vfprintf_i.o)
                              /home/jerryneedell/bin/gcc-arm-none-eabi-9-2019-q4-major/bin/../lib/gcc/arm-none-eabi/9.2.1/../../../../arm-none-eabi/lib/thumb/v7-m/nofp/libg_nano.a(lib_a-nano-svfprintf.o) (_printf_i)
/home/jerryneedell/bin/gcc-arm-none-eabi-9-2019-q4-major/bin/../lib/gcc/arm-none-eabi/9.2.1/../../../../arm-none-eabi/lib/thumb/v7-m/nofp/libg_nano.a(lib_a-memchr-stub.o)
                              /home/jerryneedell/bin/gcc-arm-none-eabi-9-2019-q4-major/bin/../lib/gcc/arm-none-eabi/9.2.1/../../../../arm-none-eabi/lib/thumb/v7-m/nofp/libg_nano.a(lib_a-nano-svfprintf.o) (memchr)
/home/jerryneedell/bin/gcc-arm-none-eabi-9-2019-q4-major/bin/../lib/gcc/arm-none-eabi/9.2.1/../../../../arm-none-eabi/lib/thumb/v7-m/nofp/libg_nano.a(lib_a-memmove.o)
                              /home/jerryneedell/bin/gcc-arm-none-eabi-9-2019-q4-major/bin/../lib/gcc/arm-none-eabi/9.2.1/../../../../arm-none-eabi/lib/thumb/v7-m/nofp/libg_nano.a(lib_a-nano-svfprintf.o) (memmove)
/home/jerryneedell/bin/gcc-arm-none-eabi-9-2019-q4-major/bin/../lib/gcc/arm-none-eabi/9.2.1/../../../../arm-none-eabi/lib/thumb/v7-m/nofp/libg_nano.a(lib_a-nano-freer.o)
                              /home/jerryneedell/bin/gcc-arm-none-eabi-9-2019-q4-major/bin/../lib/gcc/arm-none-eabi/9.2.1/../../../../arm-none-eabi/lib/thumb/v7-m/nofp/libg_nano.a(lib_a-nano-svfprintf.o) (_free_r)
/home/jerryneedell/bin/gcc-arm-none-eabi-9-2019-q4-major/bin/../lib/gcc/arm-none-eabi/9.2.1/../../../../arm-none-eabi/lib/thumb/v7-m/nofp/libg_nano.a(lib_a-nano-mallocr.o)
                              /home/jerryneedell/bin/gcc-arm-none-eabi-9-2019-q4-major/bin/../lib/gcc/arm-none-eabi/9.2.1/../../../../arm-none-eabi/lib/thumb/v7-m/nofp/libg_nano.a(lib_a-nano-svfprintf.o) (_malloc_r)
/home/jerryneedell/bin/gcc-arm-none-eabi-9-2019-q4-major/bin/../lib/gcc/arm-none-eabi/9.2.1/../../../../arm-none-eabi/lib/thumb/v7-m/nofp/libg_nano.a(lib_a-nano-reallocr.o)
                              /home/jerryneedell/bin/gcc-arm-none-eabi-9-2019-q4-major/bin/../lib/gcc/arm-none-eabi/9.2.1/../../../../arm-none-eabi/lib/thumb/v7-m/nofp/libg_nano.a(lib_a-nano-svfprintf.o) (_realloc_r)
[...]
Memory Configuration

Name             Origin             Length             Attributes
rom              0x0000000060000000 0x0000000000040000 xr
romMirror        0x0000000000000000 0x0000000000040000 xr
ram              0x0000000020000000 0x0000000000010000 xrw
*default*        0x0000000000000000 0xffffffffffffffff

Linker script and memory map

LOAD /home/jerryneedell/bin/gcc-arm-none-eabi-9-2019-q4-major/bin/../lib/gcc/arm-none-eabi/9.2.1/thumb/v7-m/nofp/crti.o
LOAD /home/jerryneedell/bin/gcc-arm-none-eabi-9-2019-q4-major/bin/../lib/gcc/arm-none-eabi/9.2.1/thumb/v7-m/nofp/crtbegin.o
LOAD /home/jerryneedell/bin/gcc-arm-none-eabi-9-2019-q4-major/bin/../lib/gcc/arm-none-eabi/9.2.1/../../../../arm-none-eabi/lib/thumb/v7-m/nofp/crt0.o
LOAD ./drivers/mss_uart/mss_uart.o
LOAD ./drivers/mss_ethernet_mac/mss_ethernet_mac.o
LOAD ./drivers/mss_ethernet_mac/m88e1340_phy.o
LOAD ./drivers_config/sys_config/sys_config_SERDESIF_0.o
LOAD ./drivers_config/sys_config/sys_config.o
LOAD ./CMSIS/startup_gcc/newlib_stubs.o
LOAD ./CMSIS/startup_gcc/startup_m2sxxx.o
LOAD ./CMSIS/core_cm3.o
LOAD ./CMSIS/system_m2sxxx.o
LOAD ./main.o
LOAD /home/jerryneedell/bin/gcc-arm-none-eabi-9-2019-q4-major/bin/../lib/gcc/arm-none-eabi/9.2.1/../../../../arm-none-eabi/lib/thumb/v7-m/nofp/libstdc++_nano.a
LOAD /home/jerryneedell/bin/gcc-arm-none-eabi-9-2019-q4-major/bin/../lib/gcc/arm-none-eabi/9.2.1/../../../../arm-none-eabi/lib/thumb/v7-m/nofp/libm.a
START GROUP
LOAD /home/jerryneedell/bin/gcc-arm-none-eabi-9-2019-q4-major/bin/../lib/gcc/arm-none-eabi/9.2.1/thumb/v7-m/nofp/libgcc.a
LOAD /home/jerryneedell/bin/gcc-arm-none-eabi-9-2019-q4-major/bin/../lib/gcc/arm-none-eabi/9.2.1/../../../../arm-none-eabi/lib/thumb/v7-m/nofp/libg_nano.a
LOAD /home/jerryneedell/bin/gcc-arm-none-eabi-9-2019-q4-major/bin/../lib/gcc/arm-none-eabi/9.2.1/../../../../arm-none-eabi/lib/thumb/v7-m/nofp/libc_nano.a
END GROUP
START GROUP
LOAD /home/jerryneedell/bin/gcc-arm-none-eabi-9-2019-q4-major/bin/../lib/gcc/arm-none-eabi/9.2.1/thumb/v7-m/nofp/libgcc.a
LOAD /home/jerryneedell/bin/gcc-arm-none-eabi-9-2019-q4-major/bin/../lib/gcc/arm-none-eabi/9.2.1/../../../../arm-none-eabi/lib/thumb/v7-m/nofp/libc_nano.a
END GROUP
LOAD /home/jerryneedell/bin/gcc-arm-none-eabi-9-2019-q4-major/bin/../lib/gcc/arm-none-eabi/9.2.1/thumb/v7-m/nofp/crtend.o
LOAD /home/jerryneedell/bin/gcc-arm-none-eabi-9-2019-q4-major/bin/../lib/gcc/arm-none-eabi/9.2.1/thumb/v7-m/nofp/crtn.o
START GROUP
LOAD /home/jerryneedell/bin/gcc-arm-none-eabi-9-2019-q4-major/bin/../lib/gcc/arm-none-eabi/9.2.1/../../../../arm-none-eabi/lib/thumb/v7-m/nofp/libc.a
LOAD /home/jerryneedell/bin/gcc-arm-none-eabi-9-2019-q4-major/bin/../lib/gcc/arm-none-eabi/9.2.1/thumb/v7-m/nofp/libgcc.a
LOAD /home/jerryneedell/bin/gcc-arm-none-eabi-9-2019-q4-major/bin/../lib/gcc/arm-none-eabi/9.2.1/../../../../arm-none-eabi/lib/thumb/v7-m/nofp/libm.a
END GROUP
                0x0000000000000000                __DYNAMIC = 0x0
                0x0000000020000000                RAM_START_ADDRESS = 0x20000000
                0x0000000000010000                RAM_SIZE = 0x10000
                0x0000000000001000                MAIN_STACK_SIZE = 0x1000
                0x0000000000001000                MIN_SIZE_HEAP = 0x1000
                0x0000000020010000                PROVIDE (__main_stack_start = (RAM_START_ADDRESS + RAM_SIZE))
                0x0000000020010000                PROVIDE (_estack = __main_stack_start)
                0x0000000000000001                PROVIDE (__mirrored_nvm = 0x1)
                0x0000000000000000                PROVIDE (__smartfusion2_memory_remap = 0x0)

.vector_table   0x0000000000000000      0x190 load address 0x0000000060000000
                0x0000000060000000                __vector_table_load = LOADADDR (.vector_table)
                0x0000000000000000                __vector_table_start = .
                0x0000000000000000                __vector_table_vma_base_address = .
 *(.isr_vector)
 .isr_vector    0x0000000000000000      0x190 ./CMSIS/startup_gcc/startup_m2sxxx.o
                0x0000000000000000                g_pfnVectors
                0x0000000000000190                . = ALIGN (0x10)
                0x0000000000000190                _evector_table = .

.boot_code      0x0000000000000190      0x8c0 load address 0x0000000060000190
 *(.boot_code)
 .boot_code     0x0000000000000190      0x31c ./CMSIS/startup_gcc/startup_m2sxxx.o
                0x0000000000000190                Reset_Handler
                0x000000000000037e                NMI_Handler
                0x0000000000000380                HardFault_Handler
                0x0000000000000382                MemManage_Handler
                0x0000000000000384                BusFault_Handler
                0x0000000000000386                UsageFault_Handler
                0x0000000000000388                SVC_Handler
                0x000000000000038a                DebugMon_Handler
                0x000000000000038c                PendSV_Handler
                0x000000000000038e                SysTick_Handler
                0x0000000000000390                WdogWakeup_IRQHandler
                0x0000000000000392                RTC_Wakeup_IRQHandler
                0x0000000000000394                SPI0_IRQHandler
                0x0000000000000396                SPI1_IRQHandler
                0x0000000000000398                I2C0_IRQHandler
                0x000000000000039a                I2C0_SMBAlert_IRQHandler
                0x000000000000039c                I2C0_SMBus_IRQHandler
                0x000000000000039e                I2C1_IRQHandler
                0x00000000000003a0                I2C1_SMBAlert_IRQHandler
                0x00000000000003a2                I2C1_SMBus_IRQHandler
                0x00000000000003aa                DMA_IRQHandler
                0x00000000000003ac                Timer1_IRQHandler
                0x00000000000003ae                Timer2_IRQHandler
                0x00000000000003b0                CAN_IRQHandler
                0x00000000000003b2                ENVM0_IRQHandler
                0x00000000000003b4                ENVM1_IRQHandler
                0x00000000000003b6                ComBlk_IRQHandler
                0x00000000000003b8                USB_IRQHandler
                0x00000000000003ba                USB_DMA_IRQHandler
                0x00000000000003bc                PLL_Lock_IRQHandler
                0x00000000000003be                PLL_LockLost_IRQHandler
                0x00000000000003c0                CommSwitchError_IRQHandler
                0x00000000000003c2                CacheError_IRQHandler
                0x00000000000003c4                DDR_IRQHandler
                0x00000000000003c6                HPDMA_Complete_IRQHandler
                0x00000000000003c8                HPDMA_Error_IRQHandler
                0x00000000000003ca                ECC_Error_IRQHandler
                0x00000000000003cc                MDDR_IOCalib_IRQHandler
                0x00000000000003ce                FAB_PLL_Lock_IRQHandler
                0x00000000000003d0                FAB_PLL_LockLost_IRQHandler
                0x00000000000003d2                FIC64_IRQHandler
                0x00000000000003d4                FabricIrq0_IRQHandler
                0x00000000000003d6                FabricIrq1_IRQHandler
                0x00000000000003d8                FabricIrq2_IRQHandler
                0x00000000000003da                FabricIrq3_IRQHandler
                0x00000000000003dc                FabricIrq4_IRQHandler
                0x00000000000003de                FabricIrq5_IRQHandler
                0x00000000000003e0                FabricIrq6_IRQHandler
                0x00000000000003e2                FabricIrq7_IRQHandler
                0x00000000000003e4                FabricIrq8_IRQHandler
                0x00000000000003e6                FabricIrq9_IRQHandler
                0x00000000000003e8                FabricIrq10_IRQHandler
                0x00000000000003ea                FabricIrq11_IRQHandler
                0x00000000000003ec                FabricIrq12_IRQHandler
                0x00000000000003ee                FabricIrq13_IRQHandler
                0x00000000000003f0                FabricIrq14_IRQHandler
                0x00000000000003f2                FabricIrq15_IRQHandler
                0x00000000000003f4                GPIO0_IRQHandler
                0x00000000000003f6                GPIO1_IRQHandler
                0x00000000000003f8                GPIO2_IRQHandler
                0x00000000000003fa                GPIO3_IRQHandler
                0x00000000000003fc                GPIO4_IRQHandler
                0x00000000000003fe                GPIO5_IRQHandler
                0x0000000000000400                GPIO6_IRQHandler
                0x0000000000000402                GPIO7_IRQHandler
                0x0000000000000404                GPIO8_IRQHandler
                0x0000000000000406                GPIO9_IRQHandler
                0x0000000000000408                GPIO10_IRQHandler
                0x000000000000040a                GPIO11_IRQHandler
                0x000000000000040c                GPIO12_IRQHandler
                0x000000000000040e                GPIO13_IRQHandler
                0x0000000000000410                GPIO14_IRQHandler
                0x0000000000000412                GPIO15_IRQHandler
                0x0000000000000414                GPIO16_IRQHandler
                0x0000000000000416                GPIO17_IRQHandler
                0x0000000000000418                GPIO18_IRQHandler
                0x000000000000041a                GPIO19_IRQHandler
                0x000000000000041c                GPIO20_IRQHandler
                0x000000000000041e                GPIO21_IRQHandler
                0x0000000000000420                GPIO22_IRQHandler
                0x0000000000000422                GPIO23_IRQHandler
                0x0000000000000424                GPIO24_IRQHandler
                0x0000000000000426                GPIO25_IRQHandler
                0x0000000000000428                GPIO26_IRQHandler
                0x000000000000042a                GPIO27_IRQHandler
                0x000000000000042c                GPIO28_IRQHandler
                0x000000000000042e                GPIO29_IRQHandler
                0x0000000000000430                GPIO30_IRQHandler
                0x0000000000000432                GPIO31_IRQHandler
                0x0000000000000434                mscc_post_hw_cfg_init
 *system_m2sxxx.o(.text*)
 .text.SystemInit
                0x00000000000004ac       0x84 ./CMSIS/system_m2sxxx.o
                0x00000000000004ac                SystemInit
 .text.SystemCoreClockUpdate
                0x0000000000000530      0x100 ./CMSIS/system_m2sxxx.o
                0x0000000000000530                SystemCoreClockUpdate
 .text.get_rcosc_25_50mhz_frequency
                0x0000000000000630       0x3c ./CMSIS/system_m2sxxx.o
 .text.set_clock_frequency_globals
                0x000000000000066c       0x5c ./CMSIS/system_m2sxxx.o
 .text.config_by_addr_value
                0x00000000000006c8       0x40 ./CMSIS/system_m2sxxx.o
 .text.configure_serdes_intf
                0x0000000000000708       0x14 ./CMSIS/system_m2sxxx.o
 .text.configure_pcie_intf
                0x000000000000071c       0x18 ./CMSIS/system_m2sxxx.o
 .text.configure_pcie_block
                0x0000000000000734      0x274 ./CMSIS/system_m2sxxx.o
 .text.get_silicon_revision
                0x00000000000009a8       0x48 ./CMSIS/system_m2sxxx.o
 .text.silicon_workarounds
                0x00000000000009f0       0x22 ./CMSIS/system_m2sxxx.o
 *fill*         0x0000000000000a12        0x2 
 .text.m2s050_rev_a_workarounds
                0x0000000000000a14       0x30 ./CMSIS/system_m2sxxx.o
 *sys_config.o(.rodata*)
                0x0000000000000a50                . = ALIGN (0x10)
 *fill*         0x0000000000000a44        0xc 

.text           0x0000000000000a50     0x37f0 load address 0x0000000060000a50
 CREATE_OBJECT_SYMBOLS
                0x0000000060000a50                __text_load = LOADADDR (.text)
                0x0000000000000a50                __text_start = .
 *(.text .text.* .gnu.linkonce.t.*)
 .text          0x0000000000000a50       0x40 /home/jerryneedell/bin/gcc-arm-none-eabi-9-2019-q4-major/bin/../lib/gcc/arm-none-eabi/9.2.1/thumb/v7-m/nofp/crtbegin.o
 .text.NVIC_EnableIRQ
                0x0000000000000a90       0x30 ./drivers/mss_uart/mss_uart.o
 .text.NVIC_DisableIRQ
                0x0000000000000ac0       0x34 ./drivers/mss_uart/mss_uart.o
 .text.NVIC_ClearPendingIRQ
                0x0000000000000af4       0x34 ./drivers/mss_uart/mss_uart.o
 .text.set_bit_reg8
                0x0000000000000b28       0x3a ./drivers/mss_uart/mss_uart.o
 .text.clear_bit_reg8
                0x0000000000000b62       0x3a ./drivers/mss_uart/mss_uart.o
 .text.read_bit_reg8
                0x0000000000000b9c       0x38 ./drivers/mss_uart/mss_uart.o
 .text.MSS_UART_init
                0x0000000000000bd4       0x70 ./drivers/mss_uart/mss_uart.o
                0x0000000000000bd4                MSS_UART_init
 .text.MSS_UART_polled_tx
                0x0000000000000c44       0xc4 ./drivers/mss_uart/mss_uart.o
                0x0000000000000c44                MSS_UART_polled_tx
 .text.MSS_UART_tx_complete
                0x0000000000000d08       0x74 ./drivers/mss_uart/mss_uart.o
                0x0000000000000d08                MSS_UART_tx_complete
 .text.MSS_UART_get_rx
                0x0000000000000d7c       0xbc ./drivers/mss_uart/mss_uart.o
                0x0000000000000d7c                MSS_UART_get_rx
 .text.MSS_UART_enable_irq
                0x0000000000000e38       0xa4 ./drivers/mss_uart/mss_uart.o
                0x0000000000000e38                MSS_UART_enable_irq
 .text.MSS_UART_disable_irq
                0x0000000000000edc       0x9c ./drivers/mss_uart/mss_uart.o
                0x0000000000000edc                MSS_UART_disable_irq
 .text.UART0_IRQHandler
                0x0000000000000f78       0x24 ./drivers/mss_uart/mss_uart.o
                0x0000000000000f78                UART0_IRQHandler
 .text.UART1_IRQHandler
                0x0000000000000f9c       0x24 ./drivers/mss_uart/mss_uart.o
                0x0000000000000f9c                UART1_IRQHandler
 .text.MSS_UART_set_tx_handler
                0x0000000000000fc0       0x84 ./drivers/mss_uart/mss_uart.o
                0x0000000000000fc0                MSS_UART_set_tx_handler
 .text.MSS_UART_fill_tx_fifo
                0x0000000000001044       0xb8 ./drivers/mss_uart/mss_uart.o
                0x0000000000001044                MSS_UART_fill_tx_fifo
 .text.config_baud_divisors
                0x00000000000010fc      0x14c ./drivers/mss_uart/mss_uart.o
 .text.global_init
                0x0000000000001248      0x1d8 ./drivers/mss_uart/mss_uart.o
 .text.MSS_UART_isr
                0x0000000000001420      0x208 ./drivers/mss_uart/mss_uart.o
 .text.default_tx_handler
                0x0000000000001628       0xe8 ./drivers/mss_uart/mss_uart.o
 .text.NVIC_EnableIRQ
                0x0000000000001710       0x30 ./drivers/mss_ethernet_mac/mss_ethernet_mac.o
 .text.NVIC_DisableIRQ
                0x0000000000001740       0x34 ./drivers/mss_ethernet_mac/mss_ethernet_mac.o
 .text.NVIC_ClearPendingIRQ
                0x0000000000001774       0x34 ./drivers/mss_ethernet_mac/mss_ethernet_mac.o
 .text.set_bit_reg32
                0x00000000000017a8       0x3a ./drivers/mss_ethernet_mac/mss_ethernet_mac.o
 .text.clear_bit_reg32
                0x00000000000017e2       0x3a ./drivers/mss_ethernet_mac/mss_ethernet_mac.o
 .text.read_bit_reg32
                0x000000000000181c       0x38 ./drivers/mss_ethernet_mac/mss_ethernet_mac.o
 .text.MSS_MAC_init
                0x0000000000001854      0x128 ./drivers/mss_ethernet_mac/mss_ethernet_mac.o
                0x0000000000001854                MSS_MAC_init
 .text.update_mac_cfg
                0x000000000000197c       0xdc ./drivers/mss_ethernet_mac/mss_ethernet_mac.o
 .text.MSS_MAC_get_link_status
                0x0000000000001a58      0x198 ./drivers/mss_ethernet_mac/mss_ethernet_mac.o
                0x0000000000001a58                MSS_MAC_get_link_status
 .text.MSS_MAC_cfg_struct_def_init
                0x0000000000001bf0       0xf8 ./drivers/mss_ethernet_mac/mss_ethernet_mac.o
                0x0000000000001bf0                MSS_MAC_cfg_struct_def_init
 .text.mac_reset
                0x0000000000001ce8       0x64 ./drivers/mss_ethernet_mac/mss_ethernet_mac.o
 .text.config_mac_hw
                0x0000000000001d4c      0x358 ./drivers/mss_ethernet_mac/mss_ethernet_mac.o
 .text.MSS_MAC_write_phy_reg
                0x00000000000020a4       0x64 ./drivers/mss_ethernet_mac/mss_ethernet_mac.o
                0x00000000000020a4                MSS_MAC_write_phy_reg
 .text.MSS_MAC_read_phy_reg
                0x0000000000002108       0xbc ./drivers/mss_ethernet_mac/mss_ethernet_mac.o
                0x0000000000002108                MSS_MAC_read_phy_reg
 .text.MSS_MAC_receive_pkt
                0x00000000000021c4      0x13c ./drivers/mss_ethernet_mac/mss_ethernet_mac.o
                0x00000000000021c4                MSS_MAC_receive_pkt
 .text.MSS_MAC_send_pkt
                0x0000000000002300      0x10c ./drivers/mss_ethernet_mac/mss_ethernet_mac.o
                0x0000000000002300                MSS_MAC_send_pkt
 .text.EthernetMAC_IRQHandler
                0x000000000000240c       0x40 ./drivers/mss_ethernet_mac/mss_ethernet_mac.o
                0x000000000000240c                EthernetMAC_IRQHandler
 .text.MSS_MAC_set_tx_callback
                0x000000000000244c       0x1c ./drivers/mss_ethernet_mac/mss_ethernet_mac.o
                0x000000000000244c                MSS_MAC_set_tx_callback
 .text.MSS_MAC_set_rx_callback
                0x0000000000002468       0x1c ./drivers/mss_ethernet_mac/mss_ethernet_mac.o
                0x0000000000002468                MSS_MAC_set_rx_callback
 .text.rxpkt_handler
                0x0000000000002484       0xbc ./drivers/mss_ethernet_mac/mss_ethernet_mac.o
 .text.txpkt_handler
                0x0000000000002540       0xf0 ./drivers/mss_ethernet_mac/mss_ethernet_mac.o
 .text.tx_desc_ring_init
                0x0000000000002630       0xa4 ./drivers/mss_ethernet_mac/mss_ethernet_mac.o
 .text.rx_desc_ring_init
                0x00000000000026d4       0xa8 ./drivers/mss_ethernet_mac/mss_ethernet_mac.o
 .text.assign_station_addr
                0x000000000000277c       0x7c ./drivers/mss_ethernet_mac/mss_ethernet_mac.o
 .text.probe_phy
                0x00000000000027f8       0x52 ./drivers/mss_ethernet_mac/mss_ethernet_mac.o
 .text.msgmii_init
                0x000000000000284a       0x44 ./drivers/mss_ethernet_mac/mss_ethernet_mac.o
 *fill*         0x000000000000288e        0x2 
 .text.msgmii_autonegotiate
                0x0000000000002890       0xd4 ./drivers/mss_ethernet_mac/mss_ethernet_mac.o
 .text.MSS_MAC_phy_init
                0x0000000000002964       0x6c ./drivers/mss_ethernet_mac/m88e1340_phy.o
                0x0000000000002964                MSS_MAC_phy_init
 .text.MSS_MAC_phy_set_link_speed
                0x00000000000029d0       0xd4 ./drivers/mss_ethernet_mac/m88e1340_phy.o
                0x00000000000029d0                MSS_MAC_phy_set_link_speed
 .text.MSS_MAC_phy_autonegotiate
                0x0000000000002aa4       0x84 ./drivers/mss_ethernet_mac/m88e1340_phy.o
                0x0000000000002aa4                MSS_MAC_phy_autonegotiate
 .text.MSS_MAC_phy_get_link_status
                0x0000000000002b28       0x9c ./drivers/mss_ethernet_mac/m88e1340_phy.o
                0x0000000000002b28                MSS_MAC_phy_get_link_status
 .text._exit    0x0000000000002bc4        0xa ./CMSIS/startup_gcc/newlib_stubs.o
                0x0000000000002bc4                _exit
 .text._write_r
                0x0000000000002bce       0x1a ./CMSIS/startup_gcc/newlib_stubs.o
                0x0000000000002bce                _write_r
 .text._sbrk    0x0000000000002be8       0x9c ./CMSIS/startup_gcc/newlib_stubs.o
                0x0000000000002be8                _sbrk
 .text.NVIC_EnableIRQ
                0x0000000000002c84       0x30 ./main.o
 .text.NVIC_SetPriority
                0x0000000000002cb4       0x54 ./main.o
 .text.display_instructions
                0x0000000000002d08       0x14 ./main.o
 .text.get_user_eth_config_choice
                0x0000000000002d1c       0x20 ./main.o
                0x0000000000002d1c                get_user_eth_config_choice
 .text.set_user_eth_speed_choice
                0x0000000000002d3c       0x1c ./main.o
                0x0000000000002d3c                set_user_eth_speed_choice
 .text.display_reset_msg
                0x0000000000002d58       0x30 ./main.o
 .text.display_link_status
                0x0000000000002d88       0xa4 ./main.o
 .text.initialize_mss_mac
                0x0000000000002e2c       0x3c ./main.o
                0x0000000000002e2c                initialize_mss_mac
 .text.main     0x0000000000002e68      0x20c ./main.o
                0x0000000000002e68                main
 .text.packet_tx_complete_handler
                0x0000000000003074       0x20 ./main.o
 .text.mac_rx_callback
                0x0000000000003094       0x20 ./main.o
                0x0000000000003094                mac_rx_callback
 .text.send_msg
                0x00000000000030b4       0x84 ./main.o
 .text.uart_tx_handler
                0x0000000000003138       0x74 ./main.o
 .text.__libc_init_array
                0x00000000000031ac       0x48 /home/jerryneedell/bin/gcc-arm-none-eabi-9-2019-q4-major/bin/../lib/gcc/arm-none-eabi/9.2.1/../../../../arm-none-eabi/lib/thumb/v7-m/nofp/libg_nano.a(lib_a-init.o)
                0x00000000000031ac                __libc_init_array
 .text.memcpy   0x00000000000031f4       0x1c /home/jerryneedell/bin/gcc-arm-none-eabi-9-2019-q4-major/bin/../lib/gcc/arm-none-eabi/9.2.1/../../../../arm-none-eabi/lib/thumb/v7-m/nofp/libg_nano.a(lib_a-memcpy-stub.o)
                0x00000000000031f4                memcpy
 .text.snprintf
                0x0000000000003210       0x68 /home/jerryneedell/bin/gcc-arm-none-eabi-9-2019-q4-major/bin/../lib/gcc/arm-none-eabi/9.2.1/../../../../arm-none-eabi/lib/thumb/v7-m/nofp/libg_nano.a(lib_a-snprintf.o)
                0x0000000000003210                snprintf
                0x0000000000003210                sniprintf
 .text.__ssputs_r
                0x0000000000003278       0xb6 /home/jerryneedell/bin/gcc-arm-none-eabi-9-2019-q4-major/bin/../lib/gcc/arm-none-eabi/9.2.1/../../../../arm-none-eabi/lib/thumb/v7-m/nofp/libg_nano.a(lib_a-nano-svfprintf.o)
                0x0000000000003278                __ssputs_r
 *fill*         0x000000000000332e        0x2 
 .text._svfprintf_r
                0x0000000000003330      0x200 /home/jerryneedell/bin/gcc-arm-none-eabi-9-2019-q4-major/bin/../lib/gcc/arm-none-eabi/9.2.1/../../../../arm-none-eabi/lib/thumb/v7-m/nofp/libg_nano.a(lib_a-nano-svfprintf.o)
                0x0000000000003330                _svfprintf_r
                0x0000000000003330                _svfiprintf_r
 .text._printf_common
                0x0000000000003530       0xde /home/jerryneedell/bin/gcc-arm-none-eabi-9-2019-q4-major/bin/../lib/gcc/arm-none-eabi/9.2.1/../../../../arm-none-eabi/lib/thumb/v7-m/nofp/libg_nano.a(lib_a-nano-vfprintf_i.o)
                0x0000000000003530                _printf_common
 *fill*         0x000000000000360e        0x2 
 .text._printf_i
                0x0000000000003610      0x24c /home/jerryneedell/bin/gcc-arm-none-eabi-9-2019-q4-major/bin/../lib/gcc/arm-none-eabi/9.2.1/../../../../arm-none-eabi/lib/thumb/v7-m/nofp/libg_nano.a(lib_a-nano-vfprintf_i.o)
                0x0000000000003610                _printf_i
 .text.memchr   0x000000000000385c       0x1c /home/jerryneedell/bin/gcc-arm-none-eabi-9-2019-q4-major/bin/../lib/gcc/arm-none-eabi/9.2.1/../../../../arm-none-eabi/lib/thumb/v7-m/nofp/libg_nano.a(lib_a-memchr-stub.o)
                0x000000000000385c                memchr
 .text.memmove  0x0000000000003878       0x34 /home/jerryneedell/bin/gcc-arm-none-eabi-9-2019-q4-major/bin/../lib/gcc/arm-none-eabi/9.2.1/../../../../arm-none-eabi/lib/thumb/v7-m/nofp/libg_nano.a(lib_a-memmove.o)
                0x0000000000003878                memmove
 .text._free_r  0x00000000000038ac       0x98 /home/jerryneedell/bin/gcc-arm-none-eabi-9-2019-q4-major/bin/../lib/gcc/arm-none-eabi/9.2.1/../../../../arm-none-eabi/lib/thumb/v7-m/nofp/libg_nano.a(lib_a-nano-freer.o)
                0x00000000000038ac                _free_r
 .text._malloc_r
                0x0000000000003944       0xb4 /home/jerryneedell/bin/gcc-arm-none-eabi-9-2019-q4-major/bin/../lib/gcc/arm-none-eabi/9.2.1/../../../../arm-none-eabi/lib/thumb/v7-m/nofp/libg_nano.a(lib_a-nano-mallocr.o)
                0x0000000000003944                _malloc_r
 .text._realloc_r
                0x00000000000039f8       0x4c /home/jerryneedell/bin/gcc-arm-none-eabi-9-2019-q4-major/bin/../lib/gcc/arm-none-eabi/9.2.1/../../../../arm-none-eabi/lib/thumb/v7-m/nofp/libg_nano.a(lib_a-nano-reallocr.o)
                0x00000000000039f8                _realloc_r
 .text._sbrk_r  0x0000000000003a44       0x20 /home/jerryneedell/bin/gcc-arm-none-eabi-9-2019-q4-major/bin/../lib/gcc/arm-none-eabi/9.2.1/../../../../arm-none-eabi/lib/thumb/v7-m/nofp/libg_nano.a(lib_a-sbrkr.o)
                0x0000000000003a44                _sbrk_r
 .text.__malloc_lock
                0x0000000000003a64        0xc /home/jerryneedell/bin/gcc-arm-none-eabi-9-2019-q4-major/bin/../lib/gcc/arm-none-eabi/9.2.1/../../../../arm-none-eabi/lib/thumb/v7-m/nofp/libg_nano.a(lib_a-mlock.o)
                0x0000000000003a64                __malloc_lock
 .text.__malloc_unlock
                0x0000000000003a70        0xc /home/jerryneedell/bin/gcc-arm-none-eabi-9-2019-q4-major/bin/../lib/gcc/arm-none-eabi/9.2.1/../../../../arm-none-eabi/lib/thumb/v7-m/nofp/libg_nano.a(lib_a-mlock.o)
                0x0000000000003a70                __malloc_unlock
 .text._malloc_usable_size_r
                0x0000000000003a7c       0x10 /home/jerryneedell/bin/gcc-arm-none-eabi-9-2019-q4-major/bin/../lib/gcc/arm-none-eabi/9.2.1/../../../../arm-none-eabi/lib/thumb/v7-m/nofp/libg_nano.a(lib_a-nano-msizer.o)
                0x0000000000003a7c                _malloc_usable_size_r
 .text.__retarget_lock_acquire_recursive
                0x0000000000003a8c        0x2 /home/jerryneedell/bin/gcc-arm-none-eabi-9-2019-q4-major/bin/../lib/gcc/arm-none-eabi/9.2.1/../../../../arm-none-eabi/lib/thumb/v7-m/nofp/libg_nano.a(lib_a-lock.o)
                0x0000000000003a8c                __retarget_lock_acquire_recursive
 .text.__retarget_lock_release_recursive
                0x0000000000003a8e        0x2 /home/jerryneedell/bin/gcc-arm-none-eabi-9-2019-q4-major/bin/../lib/gcc/arm-none-eabi/9.2.1/../../../../arm-none-eabi/lib/thumb/v7-m/nofp/libg_nano.a(lib_a-lock.o)
                0x0000000000003a8e                __retarget_lock_release_recursive
 *(.plt)
 *(.gnu.warning)
 *(.glue_7t)
 .glue_7t       0x0000000000003a90        0x0 linker stubs
 *(.glue_7)
 .glue_7        0x0000000000003a90        0x0 linker stubs
 *(.vfp11_veneer)
 .vfp11_veneer  0x0000000000003a90        0x0 linker stubs
                0x0000000000003a90                . = ALIGN (0x4)
 *crtbegin.o(.ctors)
 *(EXCLUDE_FILE(*crtend.o) .ctors)
 *(SORT_BY_NAME(.ctors.*))
 *crtend.o(.ctors)
 *crtbegin.o(.dtors)
 *(EXCLUDE_FILE(*crtend.o) .dtors)
 *(SORT_BY_NAME(.dtors.*))
 *crtend.o(.dtors)
 *(.rodata .rodata.* .gnu.linkonce.r.*)
 .rodata        0x0000000000003a90       0xb8 ./drivers/mss_ethernet_mac/mss_ethernet_mac.o
 .rodata        0x0000000000003b48        0x8 ./drivers/mss_ethernet_mac/m88e1340_phy.o
 .rodata.g_m2s_serdes_0_config
                0x0000000000003b50      0x208 ./drivers_config/sys_config/sys_config_SERDESIF_0.o
                0x0000000000003b50                g_m2s_serdes_0_config
 .rodata        0x0000000000003d58       0x30 ./CMSIS/startup_gcc/newlib_stubs.o
 .rodata.g_serdes0_pcie_lane_cfg_lut
                0x0000000000003d88        0xc ./CMSIS/system_m2sxxx.o
 .rodata.g_serdes1_pcie_lane_cfg_lut
                0x0000000000003d94        0xc ./CMSIS/system_m2sxxx.o
 .rodata.g_serdes2_pcie_lane_cfg_lut
                0x0000000000003da0        0xc ./CMSIS/system_m2sxxx.o
 .rodata.g_serdes3_pcie_lane_cfg_lut
                0x0000000000003dac        0xc ./CMSIS/system_m2sxxx.o
 .rodata.g_pcie_lane_cfg_lut
                0x0000000000003db8       0x10 ./CMSIS/system_m2sxxx.o
 .rodata        0x0000000000003dc8       0x18 ./CMSIS/system_m2sxxx.o
 .rodata.g_instructions_msg
                0x0000000000003de0      0x199 ./main.o
 *fill*         0x0000000000003f79        0x3 
 .rodata.g_reset_msg
                0x0000000000003f7c       0x47 ./main.o
 *fill*         0x0000000000003fc3        0x1 
 .rodata        0x0000000000003fc4      0x21d ./main.o
 .rodata._svfprintf_r.str1.1
                0x00000000000041e1       0x11 /home/jerryneedell/bin/gcc-arm-none-eabi-9-2019-q4-major/bin/../lib/gcc/arm-none-eabi/9.2.1/../../../../arm-none-eabi/lib/thumb/v7-m/nofp/libg_nano.a(lib_a-nano-svfprintf.o)
 .rodata._printf_i.str1.1
                0x00000000000041f2       0x22 /home/jerryneedell/bin/gcc-arm-none-eabi-9-2019-q4-major/bin/../lib/gcc/arm-none-eabi/9.2.1/../../../../arm-none-eabi/lib/thumb/v7-m/nofp/libg_nano.a(lib_a-nano-vfprintf_i.o)
 *(.ARM.extab* .gnu.linkonce.armextab.*)
 *(.gcc_except_table)
 *(.eh_frame_hdr)
 *(.eh_frame)
 .eh_frame      0x0000000000004214        0x0 /home/jerryneedell/bin/gcc-arm-none-eabi-9-2019-q4-major/bin/../lib/gcc/arm-none-eabi/9.2.1/thumb/v7-m/nofp/crtbegin.o
 *(.vector_table)
 *(.init)
 .init          0x0000000000004214        0x4 /home/jerryneedell/bin/gcc-arm-none-eabi-9-2019-q4-major/bin/../lib/gcc/arm-none-eabi/9.2.1/thumb/v7-m/nofp/crti.o
                0x0000000000004214                _init
 .init          0x0000000000004218        0x8 /home/jerryneedell/bin/gcc-arm-none-eabi-9-2019-q4-major/bin/../lib/gcc/arm-none-eabi/9.2.1/thumb/v7-m/nofp/crtn.o
 *(.fini)
 .fini          0x0000000000004220        0x4 /home/jerryneedell/bin/gcc-arm-none-eabi-9-2019-q4-major/bin/../lib/gcc/arm-none-eabi/9.2.1/thumb/v7-m/nofp/crti.o
                0x0000000000004220                _fini
 .fini          0x0000000000004224        0x8 /home/jerryneedell/bin/gcc-arm-none-eabi-9-2019-q4-major/bin/../lib/gcc/arm-none-eabi/9.2.1/thumb/v7-m/nofp/crtn.o
                0x000000000000422c                PROVIDE (__preinit_array_start = .)
 *(.preinit_array)
                0x000000000000422c                PROVIDE (__preinit_array_end = .)
                0x000000000000422c                PROVIDE (__init_array_start = .)
 *(SORT_BY_NAME(.init_array.*))
 *(.init_array)
 .init_array    0x000000000000422c        0x4 /home/jerryneedell/bin/gcc-arm-none-eabi-9-2019-q4-major/bin/../lib/gcc/arm-none-eabi/9.2.1/thumb/v7-m/nofp/crtbegin.o
                0x0000000000004230                PROVIDE (__init_array_end = .)
                [!provide]                        PROVIDE (__fini_array_start = .)
 *(.fini_array)
 .fini_array    0x0000000000004230        0x4 /home/jerryneedell/bin/gcc-arm-none-eabi-9-2019-q4-major/bin/../lib/gcc/arm-none-eabi/9.2.1/thumb/v7-m/nofp/crtbegin.o
 *(SORT_BY_NAME(.fini_array.*))
                [!provide]                        PROVIDE (__fini_array_end = .)
                0x0000000000004240                . = ALIGN (0x10)
 *fill*         0x0000000000004234        0xc 
                0x0000000000004240                __exidx_start = .

.v4_bx          0x0000000000004240        0x0 load address 0x0000000060004240
 .v4_bx         0x0000000000004240        0x0 linker stubs

.iplt           0x0000000000004240        0x0 load address 0x0000000060004240
 .iplt          0x0000000000004240        0x0 /home/jerryneedell/bin/gcc-arm-none-eabi-9-2019-q4-major/bin/../lib/gcc/arm-none-eabi/9.2.1/thumb/v7-m/nofp/crtbegin.o

.rel.dyn        0x0000000000004240        0x0 load address 0x0000000060004240
 .rel.iplt      0x0000000000004240        0x0 /home/jerryneedell/bin/gcc-arm-none-eabi-9-2019-q4-major/bin/../lib/gcc/arm-none-eabi/9.2.1/thumb/v7-m/nofp/crtbegin.o

.ARM.exidx
 *(.ARM.exidx* .gnu.linkonce.armexidx.*)
                0x0000000000004240                __exidx_end = .
                0x0000000000004240                _etext = .

.data           0x0000000020000000      0x680 load address 0x0000000060004240
                0x0000000060004240                __data_load = LOADADDR (.data)
                0x0000000060004240                _sidata = LOADADDR (.data)
                0x0000000020000000                __data_start = .
                0x0000000020000000                _sdata = .
 *(.jcr)
 *(.got.plt)
 *(.got)
 *(.shdata)
 *(.data .data.* .gnu.linkonce.d.*)
 .data.previous_speed.6158
                0x0000000020000000        0x1 ./drivers/mss_ethernet_mac/mss_ethernet_mac.o
 .data.previous_duplex.6159
                0x0000000020000001        0x1 ./drivers/mss_ethernet_mac/mss_ethernet_mac.o
 *fill*         0x0000000020000002        0x2 
 .data.SystemCoreClock
                0x0000000020000004        0x4 ./CMSIS/system_m2sxxx.o
                0x0000000020000004                SystemCoreClock
 .data.g_FrequencyPCLK0
                0x0000000020000008        0x4 ./CMSIS/system_m2sxxx.o
                0x0000000020000008                g_FrequencyPCLK0
 .data.g_FrequencyPCLK1
                0x000000002000000c        0x4 ./CMSIS/system_m2sxxx.o
                0x000000002000000c                g_FrequencyPCLK1
 .data.g_FrequencyPCLK2
                0x0000000020000010        0x4 ./CMSIS/system_m2sxxx.o
                0x0000000020000010                g_FrequencyPCLK2
 .data.g_FrequencyFIC0
                0x0000000020000014        0x4 ./CMSIS/system_m2sxxx.o
                0x0000000020000014                g_FrequencyFIC0
 .data.g_FrequencyFIC1
                0x0000000020000018        0x4 ./CMSIS/system_m2sxxx.o
                0x0000000020000018                g_FrequencyFIC1
 .data.g_FrequencyFIC64
                0x000000002000001c        0x4 ./CMSIS/system_m2sxxx.o
                0x000000002000001c                g_FrequencyFIC64
 .data.g_mac_tx_buffer
                0x0000000020000020      0x5ee ./main.o
 *fill*         0x000000002000060e        0x2 
 .data.g_ethernet_speed_choice
                0x0000000020000610        0x4 ./main.o
 .data.g_mac_tx_buffer_used
                0x0000000020000614        0x4 ./main.o
 .data._impure_ptr
                0x0000000020000618        0x4 /home/jerryneedell/bin/gcc-arm-none-eabi-9-2019-q4-major/bin/../lib/gcc/arm-none-eabi/9.2.1/../../../../arm-none-eabi/lib/thumb/v7-m/nofp/libg_nano.a(lib_a-impure.o)
                0x0000000020000618                _impure_ptr
 .data.impure_data
                0x000000002000061c       0x60 /home/jerryneedell/bin/gcc-arm-none-eabi-9-2019-q4-major/bin/../lib/gcc/arm-none-eabi/9.2.1/../../../../arm-none-eabi/lib/thumb/v7-m/nofp/libg_nano.a(lib_a-impure.o)
                0x0000000020000680                . = ALIGN (0x10)
 *fill*         0x000000002000067c        0x4 
                0x0000000020000680                _edata = .

.igot.plt       0x0000000020000680        0x0 load address 0x00000000600048c0
 .igot.plt      0x0000000020000680        0x0 /home/jerryneedell/bin/gcc-arm-none-eabi-9-2019-q4-major/bin/../lib/gcc/arm-none-eabi/9.2.1/thumb/v7-m/nofp/crtbegin.o

.bss            0x0000000020000680      0x750 load address 0x00000000600048c0
                0x0000000020000680                __bss_start__ = .
                0x0000000020000680                _sbss = .
 *(.shbss)
 *(.bss .bss.* .gnu.linkonce.b.*)
 .bss           0x0000000020000680       0x1c /home/jerryneedell/bin/gcc-arm-none-eabi-9-2019-q4-major/bin/../lib/gcc/arm-none-eabi/9.2.1/thumb/v7-m/nofp/crtbegin.o
 .bss.g_mac     0x000000002000069c       0x68 ./drivers/mss_ethernet_mac/mss_ethernet_mac.o
 .bss.g_phy_addr
                0x0000000020000704        0x1 ./drivers/mss_ethernet_mac/m88e1340_phy.o
 *fill*         0x0000000020000705        0x3 
 .bss.heap_end.5424
                0x0000000020000708        0x4 ./CMSIS/startup_gcc/newlib_stubs.o
 .bss.g_mac_rx_buffer
                0x000000002000070c      0x5ee ./main.o
 *fill*         0x0000000020000cfa        0x2 
 .bss.mac_config
                0x0000000020000cfc       0x2c ./main.o
 .bss.g_pckt_rcvd_len
                0x0000000020000d28        0x4 ./main.o
                0x0000000020000d28                g_pckt_rcvd_len
 .bss.g_tx_buffer
                0x0000000020000d2c        0x4 ./main.o
 .bss.g_tx_size
                0x0000000020000d30        0x4 ./main.o
 .bss.__malloc_free_list
                0x0000000020000d34        0x4 /home/jerryneedell/bin/gcc-arm-none-eabi-9-2019-q4-major/bin/../lib/gcc/arm-none-eabi/9.2.1/../../../../arm-none-eabi/lib/thumb/v7-m/nofp/libg_nano.a(lib_a-nano-mallocr.o)
                0x0000000020000d34                __malloc_free_list
 .bss.__malloc_sbrk_start
                0x0000000020000d38        0x4 /home/jerryneedell/bin/gcc-arm-none-eabi-9-2019-q4-major/bin/../lib/gcc/arm-none-eabi/9.2.1/../../../../arm-none-eabi/lib/thumb/v7-m/nofp/libg_nano.a(lib_a-nano-mallocr.o)
                0x0000000020000d38                __malloc_sbrk_start
 *(COMMON)
 COMMON         0x0000000020000d3c       0x80 ./drivers/mss_uart/mss_uart.o
                0x0000000020000d3c                g_mss_uart1
                0x0000000020000d7c                g_mss_uart0
 COMMON         0x0000000020000dbc        0x4 /home/jerryneedell/bin/gcc-arm-none-eabi-9-2019-q4-major/bin/../lib/gcc/arm-none-eabi/9.2.1/../../../../arm-none-eabi/lib/thumb/v7-m/nofp/libg_nano.a(lib_a-reent.o)
                0x0000000020000dbc                errno
 COMMON         0x0000000020000dc0        0x9 /home/jerryneedell/bin/gcc-arm-none-eabi-9-2019-q4-major/bin/../lib/gcc/arm-none-eabi/9.2.1/../../../../arm-none-eabi/lib/thumb/v7-m/nofp/libg_nano.a(lib_a-lock.o)
                0x0000000020000dc0                __lock___atexit_recursive_mutex
                0x0000000020000dc1                __lock___arc4random_mutex
                0x0000000020000dc2                __lock___env_recursive_mutex
                0x0000000020000dc3                __lock___sinit_recursive_mutex
                0x0000000020000dc4                __lock___malloc_recursive_mutex
                0x0000000020000dc5                __lock___at_quick_exit_mutex
                0x0000000020000dc6                __lock___dd_hash_mutex
                0x0000000020000dc7                __lock___tz_mutex
                0x0000000020000dc8                __lock___sfp_recursive_mutex
                0x0000000020000dd0                . = ALIGN (0x10)
 *fill*         0x0000000020000dc9        0x7 
                0x0000000020000dd0                __bss_end__ = .
                0x0000000020000dd0                _end = .
                0x0000000020000dd0                __end = _end
                0x0000000020000dd0                _ebss = .
                [!provide]                        PROVIDE (end = .)

.heap           0x0000000020000dd0     0xe230 load address 0x00000000600048c0
                0x0000000020000dd0                __heap_start__ = .
                0x0000000020001dd0                . = (. + MIN_SIZE_HEAP)
 *fill*         0x0000000020000dd0     0x1000 
                0x000000002000f000                . = (. + (((ABSOLUTE (RAM_START_ADDRESS) + RAM_SIZE) - MAIN_STACK_SIZE) - .))
 *fill*         0x0000000020001dd0     0xd230 
                0x000000002000f000                _eheap = .

.stack          0x000000002000f000     0x1000 load address 0x00000000600048c0
                0x000000002000f000                __stack_start__ = .
                0x0000000020010000                . = (. + MAIN_STACK_SIZE)
 *fill*         0x000000002000f000     0x1000 
                0x0000000020010000                _estack = .

.stab
 *(.stab)

.stabstr
 *(.stabstr)

.debug
 *(.debug)

.line
 *(.line)

.debug_srcinfo
 *(.debug_srcinfo)

.debug_sfnames
 *(.debug_sfnames)

.debug_aranges  0x0000000000000000      0x4d8
 *(.debug_aranges)
 .debug_aranges
                0x0000000000000000      0x1d0 ./drivers/mss_uart/mss_uart.o
 .debug_aranges
                0x00000000000001d0      0x100 ./drivers/mss_ethernet_mac/mss_ethernet_mac.o
 .debug_aranges
                0x00000000000002d0       0x38 ./drivers/mss_ethernet_mac/m88e1340_phy.o
 .debug_aranges
                0x0000000000000308       0x18 ./drivers_config/sys_config/sys_config_SERDESIF_0.o
 .debug_aranges
                0x0000000000000320       0xa8 ./CMSIS/startup_gcc/newlib_stubs.o
 .debug_aranges
                0x00000000000003c8       0x20 ./CMSIS/startup_gcc/startup_m2sxxx.o
 .debug_aranges
                0x00000000000003e8       0x70 ./CMSIS/system_m2sxxx.o
 .debug_aranges
                0x0000000000000458       0x80 ./main.o

.debug_pubnames
 *(.debug_pubnames)

.debug_info     0x0000000000000000     0x9187
 *(.debug_info .gnu.linkonce.wi.*)
 .debug_info    0x0000000000000000     0x1e81 ./drivers/mss_uart/mss_uart.o
 .debug_info    0x0000000000001e81     0x1d9a ./drivers/mss_ethernet_mac/mss_ethernet_mac.o
 .debug_info    0x0000000000003c1b      0x30c ./drivers/mss_ethernet_mac/m88e1340_phy.o
 .debug_info    0x0000000000003f27       0xe2 ./drivers_config/sys_config/sys_config_SERDESIF_0.o
 .debug_info    0x0000000000004009     0x1071 ./CMSIS/startup_gcc/newlib_stubs.o
 .debug_info    0x000000000000507a       0x26 ./CMSIS/startup_gcc/startup_m2sxxx.o
 .debug_info    0x00000000000050a0     0x2238 ./CMSIS/system_m2sxxx.o
 .debug_info    0x00000000000072d8     0x1eaf ./main.o

.debug_abbrev   0x0000000000000000     0x1173
 *(.debug_abbrev)
 .debug_abbrev  0x0000000000000000      0x376 ./drivers/mss_uart/mss_uart.o
 .debug_abbrev  0x0000000000000376      0x363 ./drivers/mss_ethernet_mac/mss_ethernet_mac.o
 .debug_abbrev  0x00000000000006d9      0x137 ./drivers/mss_ethernet_mac/m88e1340_phy.o
 .debug_abbrev  0x0000000000000810       0x8d ./drivers_config/sys_config/sys_config_SERDESIF_0.o
 .debug_abbrev  0x000000000000089d      0x2f5 ./CMSIS/startup_gcc/newlib_stubs.o
 .debug_abbrev  0x0000000000000b92       0x14 ./CMSIS/startup_gcc/startup_m2sxxx.o
 .debug_abbrev  0x0000000000000ba6      0x25e ./CMSIS/system_m2sxxx.o
 .debug_abbrev  0x0000000000000e04      0x36f ./main.o

.debug_line     0x0000000000000000     0x3ef1
 *(.debug_line)
 .debug_line    0x0000000000000000     0x15a9 ./drivers/mss_uart/mss_uart.o
 .debug_line    0x00000000000015a9      0xe27 ./drivers/mss_ethernet_mac/mss_ethernet_mac.o
 .debug_line    0x00000000000023d0      0x48f ./drivers/mss_ethernet_mac/m88e1340_phy.o
 .debug_line    0x000000000000285f      0x24f ./drivers_config/sys_config/sys_config_SERDESIF_0.o
 .debug_line    0x0000000000002aae      0x5c0 ./CMSIS/startup_gcc/newlib_stubs.o
 .debug_line    0x000000000000306e      0x18b ./CMSIS/startup_gcc/startup_m2sxxx.o
 .debug_line    0x00000000000031f9      0x5e5 ./CMSIS/system_m2sxxx.o
 .debug_line    0x00000000000037de      0x713 ./main.o

.debug_frame    0x0000000000000000     0x1770
 *(.debug_frame)
 .debug_frame   0x0000000000000000      0x820 ./drivers/mss_uart/mss_uart.o
 .debug_frame   0x0000000000000820      0x450 ./drivers/mss_ethernet_mac/mss_ethernet_mac.o
 .debug_frame   0x0000000000000c70       0xa0 ./drivers/mss_ethernet_mac/m88e1340_phy.o
 .debug_frame   0x0000000000000d10      0x2a8 ./CMSIS/startup_gcc/newlib_stubs.o
 .debug_frame   0x0000000000000fb8      0x1a0 ./CMSIS/system_m2sxxx.o
 .debug_frame   0x0000000000001158      0x1dc ./main.o
 .debug_frame   0x0000000000001334       0x2c /home/jerryneedell/bin/gcc-arm-none-eabi-9-2019-q4-major/bin/../lib/gcc/arm-none-eabi/9.2.1/../../../../arm-none-eabi/lib/thumb/v7-m/nofp/libg_nano.a(lib_a-init.o)
 .debug_frame   0x0000000000001360       0x28 /home/jerryneedell/bin/gcc-arm-none-eabi-9-2019-q4-major/bin/../lib/gcc/arm-none-eabi/9.2.1/../../../../arm-none-eabi/lib/thumb/v7-m/nofp/libg_nano.a(lib_a-memcpy-stub.o)
 .debug_frame   0x0000000000001388       0x7c /home/jerryneedell/bin/gcc-arm-none-eabi-9-2019-q4-major/bin/../lib/gcc/arm-none-eabi/9.2.1/../../../../arm-none-eabi/lib/thumb/v7-m/nofp/libg_nano.a(lib_a-snprintf.o)
 .debug_frame   0x0000000000001404       0x90 /home/jerryneedell/bin/gcc-arm-none-eabi-9-2019-q4-major/bin/../lib/gcc/arm-none-eabi/9.2.1/../../../../arm-none-eabi/lib/thumb/v7-m/nofp/libg_nano.a(lib_a-nano-svfprintf.o)
 .debug_frame   0x0000000000001494       0x60 /home/jerryneedell/bin/gcc-arm-none-eabi-9-2019-q4-major/bin/../lib/gcc/arm-none-eabi/9.2.1/../../../../arm-none-eabi/lib/thumb/v7-m/nofp/libg_nano.a(lib_a-nano-vfprintf_i.o)
 .debug_frame   0x00000000000014f4       0x28 /home/jerryneedell/bin/gcc-arm-none-eabi-9-2019-q4-major/bin/../lib/gcc/arm-none-eabi/9.2.1/../../../../arm-none-eabi/lib/thumb/v7-m/nofp/libg_nano.a(lib_a-memchr-stub.o)
 .debug_frame   0x000000000000151c       0x28 /home/jerryneedell/bin/gcc-arm-none-eabi-9-2019-q4-major/bin/../lib/gcc/arm-none-eabi/9.2.1/../../../../arm-none-eabi/lib/thumb/v7-m/nofp/libg_nano.a(lib_a-memmove.o)
 .debug_frame   0x0000000000001544       0x38 /home/jerryneedell/bin/gcc-arm-none-eabi-9-2019-q4-major/bin/../lib/gcc/arm-none-eabi/9.2.1/../../../../arm-none-eabi/lib/thumb/v7-m/nofp/libg_nano.a(lib_a-nano-freer.o)
 .debug_frame   0x000000000000157c       0x30 /home/jerryneedell/bin/gcc-arm-none-eabi-9-2019-q4-major/bin/../lib/gcc/arm-none-eabi/9.2.1/../../../../arm-none-eabi/lib/thumb/v7-m/nofp/libg_nano.a(lib_a-nano-mallocr.o)
 .debug_frame   0x00000000000015ac       0x3c /home/jerryneedell/bin/gcc-arm-none-eabi-9-2019-q4-major/bin/../lib/gcc/arm-none-eabi/9.2.1/../../../../arm-none-eabi/lib/thumb/v7-m/nofp/libg_nano.a(lib_a-nano-reallocr.o)
 .debug_frame   0x00000000000015e8       0x2c /home/jerryneedell/bin/gcc-arm-none-eabi-9-2019-q4-major/bin/../lib/gcc/arm-none-eabi/9.2.1/../../../../arm-none-eabi/lib/thumb/v7-m/nofp/libg_nano.a(lib_a-sbrkr.o)
 .debug_frame   0x0000000000001614       0x30 /home/jerryneedell/bin/gcc-arm-none-eabi-9-2019-q4-major/bin/../lib/gcc/arm-none-eabi/9.2.1/../../../../arm-none-eabi/lib/thumb/v7-m/nofp/libg_nano.a(lib_a-mlock.o)
 .debug_frame   0x0000000000001644       0x20 /home/jerryneedell/bin/gcc-arm-none-eabi-9-2019-q4-major/bin/../lib/gcc/arm-none-eabi/9.2.1/../../../../arm-none-eabi/lib/thumb/v7-m/nofp/libg_nano.a(lib_a-nano-msizer.o)
 .debug_frame   0x0000000000001664       0x5c /home/jerryneedell/bin/gcc-arm-none-eabi-9-2019-q4-major/bin/../lib/gcc/arm-none-eabi/9.2.1/../../../../arm-none-eabi/lib/thumb/v7-m/nofp/libg_nano.a(lib_a-reent.o)
 .debug_frame   0x00000000000016c0       0xb0 /home/jerryneedell/bin/gcc-arm-none-eabi-9-2019-q4-major/bin/../lib/gcc/arm-none-eabi/9.2.1/../../../../arm-none-eabi/lib/thumb/v7-m/nofp/libg_nano.a(lib_a-lock.o)

.debug_str      0x0000000000000000    0x16033
 *(.debug_str)
 .debug_str     0x0000000000000000     0xa1ae ./drivers/mss_uart/mss_uart.o
                                       0xa4a7 (size before relaxing)
 .debug_str     0x000000000000a1ae     0x3fe3 ./drivers/mss_ethernet_mac/mss_ethernet_mac.o
                                       0xcb8b (size before relaxing)
 .debug_str     0x000000000000e191      0x22a ./drivers/mss_ethernet_mac/m88e1340_phy.o
                                       0xafb2 (size before relaxing)
 .debug_str     0x000000000000e3bb       0x7e ./drivers_config/sys_config/sys_config_SERDESIF_0.o
                                       0x3d1d (size before relaxing)
 .debug_str     0x000000000000e439     0x5598 ./CMSIS/startup_gcc/newlib_stubs.o
                                       0x8f65 (size before relaxing)
 .debug_str     0x00000000000139d1       0x31 ./CMSIS/startup_gcc/startup_m2sxxx.o
                                         0x74 (size before relaxing)
 .debug_str     0x0000000000013a02     0x1e73 ./CMSIS/system_m2sxxx.o
                                       0xa0de (size before relaxing)
 .debug_str     0x0000000000015875      0x7be ./main.o
                                       0xe8a3 (size before relaxing)

.debug_loc
 *(.debug_loc)

.debug_macinfo
 *(.debug_macinfo)

.debug_weaknames
 *(.debug_weaknames)

.debug_funcnames
 *(.debug_funcnames)

.debug_typenames
 *(.debug_typenames)

.debug_varnames
 *(.debug_varnames)

.note.gnu.arm.ident
 *(.note.gnu.arm.ident)

.ARM.attributes
                0x0000000000000000       0x29
 *(.ARM.attributes)
 .ARM.attributes
                0x0000000000000000       0x1d /home/jerryneedell/bin/gcc-arm-none-eabi-9-2019-q4-major/bin/../lib/gcc/arm-none-eabi/9.2.1/thumb/v7-m/nofp/crti.o
 .ARM.attributes
                0x000000000000001d       0x2d /home/jerryneedell/bin/gcc-arm-none-eabi-9-2019-q4-major/bin/../lib/gcc/arm-none-eabi/9.2.1/thumb/v7-m/nofp/crtbegin.o
 .ARM.attributes
                0x000000000000004a       0x1b /home/jerryneedell/bin/gcc-arm-none-eabi-9-2019-q4-major/bin/../lib/gcc/arm-none-eabi/9.2.1/../../../../arm-none-eabi/lib/thumb/v7-m/nofp/crt0.o
 .ARM.attributes
                0x0000000000000065       0x2d ./drivers/mss_uart/mss_uart.o
 .ARM.attributes
                0x0000000000000092       0x2d ./drivers/mss_ethernet_mac/mss_ethernet_mac.o
 .ARM.attributes
                0x00000000000000bf       0x2d ./drivers/mss_ethernet_mac/m88e1340_phy.o
 .ARM.attributes
                0x00000000000000ec       0x33 ./drivers_config/sys_config/sys_config_SERDESIF_0.o
 .ARM.attributes
                0x000000000000011f       0x33 ./drivers_config/sys_config/sys_config.o
 .ARM.attributes
                0x0000000000000152       0x2d ./CMSIS/startup_gcc/newlib_stubs.o
 .ARM.attributes
                0x000000000000017f       0x21 ./CMSIS/startup_gcc/startup_m2sxxx.o
 .ARM.attributes
                0x00000000000001a0       0x2d ./CMSIS/core_cm3.o
 .ARM.attributes
                0x00000000000001cd       0x2d ./CMSIS/system_m2sxxx.o
 .ARM.attributes
                0x00000000000001fa       0x2d ./main.o
 .ARM.attributes
                0x0000000000000227       0x2d /home/jerryneedell/bin/gcc-arm-none-eabi-9-2019-q4-major/bin/../lib/gcc/arm-none-eabi/9.2.1/../../../../arm-none-eabi/lib/thumb/v7-m/nofp/libg_nano.a(lib_a-errno.o)
 .ARM.attributes
                0x0000000000000254       0x2d /home/jerryneedell/bin/gcc-arm-none-eabi-9-2019-q4-major/bin/../lib/gcc/arm-none-eabi/9.2.1/../../../../arm-none-eabi/lib/thumb/v7-m/nofp/libg_nano.a(lib_a-exit.o)
 .ARM.attributes
                0x0000000000000281       0x2d /home/jerryneedell/bin/gcc-arm-none-eabi-9-2019-q4-major/bin/../lib/gcc/arm-none-eabi/9.2.1/../../../../arm-none-eabi/lib/thumb/v7-m/nofp/libg_nano.a(lib_a-impure.o)
 .ARM.attributes
                0x00000000000002ae       0x2d /home/jerryneedell/bin/gcc-arm-none-eabi-9-2019-q4-major/bin/../lib/gcc/arm-none-eabi/9.2.1/../../../../arm-none-eabi/lib/thumb/v7-m/nofp/libg_nano.a(lib_a-init.o)
 .ARM.attributes
                0x00000000000002db       0x2d /home/jerryneedell/bin/gcc-arm-none-eabi-9-2019-q4-major/bin/../lib/gcc/arm-none-eabi/9.2.1/../../../../arm-none-eabi/lib/thumb/v7-m/nofp/libg_nano.a(lib_a-memcpy-stub.o)
 .ARM.attributes
                0x0000000000000308       0x2d /home/jerryneedell/bin/gcc-arm-none-eabi-9-2019-q4-major/bin/../lib/gcc/arm-none-eabi/9.2.1/../../../../arm-none-eabi/lib/thumb/v7-m/nofp/libg_nano.a(lib_a-memset.o)
 .ARM.attributes
                0x0000000000000335       0x2d /home/jerryneedell/bin/gcc-arm-none-eabi-9-2019-q4-major/bin/../lib/gcc/arm-none-eabi/9.2.1/../../../../arm-none-eabi/lib/thumb/v7-m/nofp/libg_nano.a(lib_a-snprintf.o)
 .ARM.attributes
                0x0000000000000362       0x2d /home/jerryneedell/bin/gcc-arm-none-eabi-9-2019-q4-major/bin/../lib/gcc/arm-none-eabi/9.2.1/../../../../arm-none-eabi/lib/thumb/v7-m/nofp/libg_nano.a(lib_a-nano-svfprintf.o)
 .ARM.attributes
                0x000000000000038f       0x2d /home/jerryneedell/bin/gcc-arm-none-eabi-9-2019-q4-major/bin/../lib/gcc/arm-none-eabi/9.2.1/../../../../arm-none-eabi/lib/thumb/v7-m/nofp/libg_nano.a(lib_a-nano-vfprintf_i.o)
 .ARM.attributes
                0x00000000000003bc       0x2d /home/jerryneedell/bin/gcc-arm-none-eabi-9-2019-q4-major/bin/../lib/gcc/arm-none-eabi/9.2.1/../../../../arm-none-eabi/lib/thumb/v7-m/nofp/libg_nano.a(lib_a-memchr-stub.o)
 .ARM.attributes
                0x00000000000003e9       0x2d /home/jerryneedell/bin/gcc-arm-none-eabi-9-2019-q4-major/bin/../lib/gcc/arm-none-eabi/9.2.1/../../../../arm-none-eabi/lib/thumb/v7-m/nofp/libg_nano.a(lib_a-memmove.o)
 .ARM.attributes
                0x0000000000000416       0x2d /home/jerryneedell/bin/gcc-arm-none-eabi-9-2019-q4-major/bin/../lib/gcc/arm-none-eabi/9.2.1/../../../../arm-none-eabi/lib/thumb/v7-m/nofp/libg_nano.a(lib_a-nano-freer.o)
 .ARM.attributes
                0x0000000000000443       0x2d /home/jerryneedell/bin/gcc-arm-none-eabi-9-2019-q4-major/bin/../lib/gcc/arm-none-eabi/9.2.1/../../../../arm-none-eabi/lib/thumb/v7-m/nofp/libg_nano.a(lib_a-nano-mallocr.o)
 .ARM.attributes
                0x0000000000000470       0x2d /home/jerryneedell/bin/gcc-arm-none-eabi-9-2019-q4-major/bin/../lib/gcc/arm-none-eabi/9.2.1/../../../../arm-none-eabi/lib/thumb/v7-m/nofp/libg_nano.a(lib_a-nano-reallocr.o)
 .ARM.attributes
                0x000000000000049d       0x2d /home/jerryneedell/bin/gcc-arm-none-eabi-9-2019-q4-major/bin/../lib/gcc/arm-none-eabi/9.2.1/../../../../arm-none-eabi/lib/thumb/v7-m/nofp/libg_nano.a(lib_a-sbrkr.o)
 .ARM.attributes
                0x00000000000004ca       0x2d /home/jerryneedell/bin/gcc-arm-none-eabi-9-2019-q4-major/bin/../lib/gcc/arm-none-eabi/9.2.1/../../../../arm-none-eabi/lib/thumb/v7-m/nofp/libg_nano.a(lib_a-mlock.o)
 .ARM.attributes
                0x00000000000004f7       0x2d /home/jerryneedell/bin/gcc-arm-none-eabi-9-2019-q4-major/bin/../lib/gcc/arm-none-eabi/9.2.1/../../../../arm-none-eabi/lib/thumb/v7-m/nofp/libg_nano.a(lib_a-nano-msizer.o)
 .ARM.attributes
                0x0000000000000524       0x2d /home/jerryneedell/bin/gcc-arm-none-eabi-9-2019-q4-major/bin/../lib/gcc/arm-none-eabi/9.2.1/../../../../arm-none-eabi/lib/thumb/v7-m/nofp/libg_nano.a(lib_a-reent.o)
 .ARM.attributes
                0x0000000000000551       0x2d /home/jerryneedell/bin/gcc-arm-none-eabi-9-2019-q4-major/bin/../lib/gcc/arm-none-eabi/9.2.1/../../../../arm-none-eabi/lib/thumb/v7-m/nofp/libg_nano.a(lib_a-lock.o)
 .ARM.attributes
                0x000000000000057e       0x2d /home/jerryneedell/bin/gcc-arm-none-eabi-9-2019-q4-major/bin/../lib/gcc/arm-none-eabi/9.2.1/thumb/v7-m/nofp/crtend.o
 .ARM.attributes
                0x00000000000005ab       0x1d /home/jerryneedell/bin/gcc-arm-none-eabi-9-2019-q4-major/bin/../lib/gcc/arm-none-eabi/9.2.1/thumb/v7-m/nofp/crtn.o

/DISCARD/
 *(.note.GNU-stack)
OUTPUT(ethernet_test.elf elf32-littlearm)

.debug_ranges   0x0000000000000000      0x470
 .debug_ranges  0x0000000000000000      0x1d8 ./drivers/mss_uart/mss_uart.o
 .debug_ranges  0x00000000000001d8       0xf0 ./drivers/mss_ethernet_mac/mss_ethernet_mac.o
 .debug_ranges  0x00000000000002c8       0x28 ./drivers/mss_ethernet_mac/m88e1340_phy.o
 .debug_ranges  0x00000000000002f0       0x98 ./CMSIS/startup_gcc/newlib_stubs.o
 .debug_ranges  0x0000000000000388       0x78 ./CMSIS/system_m2sxxx.o
 .debug_ranges  0x0000000000000400       0x70 ./main.o

.debug_macro    0x0000000000000000     0x55f3
 .debug_macro   0x0000000000000000      0x160 ./drivers/mss_uart/mss_uart.o
 .debug_macro   0x0000000000000160      0xa84 ./drivers/mss_uart/mss_uart.o
 .debug_macro   0x0000000000000be4       0x26 ./drivers/mss_uart/mss_uart.o
 .debug_macro   0x0000000000000c0a       0x22 ./drivers/mss_uart/mss_uart.o
 .debug_macro   0x0000000000000c2c       0x22 ./drivers/mss_uart/mss_uart.o
 .debug_macro   0x0000000000000c4e       0x8e ./drivers/mss_uart/mss_uart.o
 .debug_macro   0x0000000000000cdc       0x51 ./drivers/mss_uart/mss_uart.o
 .debug_macro   0x0000000000000d2d       0xef ./drivers/mss_uart/mss_uart.o
 .debug_macro   0x0000000000000e1c       0x6a ./drivers/mss_uart/mss_uart.o
 .debug_macro   0x0000000000000e86      0x1df ./drivers/mss_uart/mss_uart.o
 .debug_macro   0x0000000000001065      0x7b7 ./drivers/mss_uart/mss_uart.o
 .debug_macro   0x000000000000181c      0x265 ./drivers/mss_uart/mss_uart.o
 .debug_macro   0x0000000000001a81      0x174 ./drivers/mss_uart/mss_uart.o
 .debug_macro   0x0000000000001bf5      0x177 ./drivers/mss_uart/mss_uart.o
 .debug_macro   0x0000000000001d6c       0xe2 ./drivers/mss_uart/mss_uart.o
 .debug_macro   0x0000000000001e4e       0x4c ./drivers/mss_uart/mss_uart.o
 .debug_macro   0x0000000000001e9a       0x18 ./drivers/mss_uart/mss_uart.o
 .debug_macro   0x0000000000001eb2       0x3c ./drivers/mss_uart/mss_uart.o
 .debug_macro   0x0000000000001eee       0x34 ./drivers/mss_uart/mss_uart.o
 .debug_macro   0x0000000000001f22       0x1c ./drivers/mss_uart/mss_uart.o
 .debug_macro   0x0000000000001f3e       0x22 ./drivers/mss_uart/mss_uart.o
 .debug_macro   0x0000000000001f60      0x18d ./drivers/mss_ethernet_mac/mss_ethernet_mac.o
 .debug_macro   0x00000000000020ed      0x360 ./drivers/mss_ethernet_mac/mss_ethernet_mac.o
 .debug_macro   0x000000000000244d      0x288 ./drivers/mss_ethernet_mac/mss_ethernet_mac.o
 .debug_macro   0x00000000000026d5      0x3be ./drivers/mss_ethernet_mac/mss_ethernet_mac.o
 .debug_macro   0x0000000000002a93       0x28 ./drivers/mss_ethernet_mac/mss_ethernet_mac.o
 .debug_macro   0x0000000000002abb      0x141 ./drivers/mss_ethernet_mac/m88e1340_phy.o
 .debug_macro   0x0000000000002bfc      0x3b8 ./drivers/mss_ethernet_mac/m88e1340_phy.o
 .debug_macro   0x0000000000002fb4      0x28f ./drivers/mss_ethernet_mac/m88e1340_phy.o
 .debug_macro   0x0000000000003243      0x7d5 ./drivers/mss_ethernet_mac/m88e1340_phy.o
 .debug_macro   0x0000000000003a18       0x6d ./drivers_config/sys_config/sys_config_SERDESIF_0.o
 .debug_macro   0x0000000000003a85      0x1fa ./CMSIS/startup_gcc/newlib_stubs.o
 .debug_macro   0x0000000000003c7f       0x46 ./CMSIS/startup_gcc/newlib_stubs.o
 .debug_macro   0x0000000000003cc5       0x94 ./CMSIS/startup_gcc/newlib_stubs.o
 .debug_macro   0x0000000000003d59       0x16 ./CMSIS/startup_gcc/newlib_stubs.o
 .debug_macro   0x0000000000003d6f      0x10e ./CMSIS/startup_gcc/newlib_stubs.o
 .debug_macro   0x0000000000003e7d       0x8d ./CMSIS/startup_gcc/newlib_stubs.o
 .debug_macro   0x0000000000003f0a       0x57 ./CMSIS/startup_gcc/newlib_stubs.o
 .debug_macro   0x0000000000003f61       0x58 ./CMSIS/startup_gcc/newlib_stubs.o
 .debug_macro   0x0000000000003fb9       0x1f ./CMSIS/startup_gcc/newlib_stubs.o
 .debug_macro   0x0000000000003fd8       0x43 ./CMSIS/startup_gcc/newlib_stubs.o
 .debug_macro   0x000000000000401b       0x20 ./CMSIS/startup_gcc/newlib_stubs.o
 .debug_macro   0x000000000000403b      0x1a3 ./CMSIS/startup_gcc/newlib_stubs.o
 .debug_macro   0x00000000000041de      0x339 ./CMSIS/startup_gcc/newlib_stubs.o
 .debug_macro   0x0000000000004517       0x16 ./CMSIS/startup_gcc/newlib_stubs.o
 .debug_macro   0x000000000000452d       0x29 ./CMSIS/startup_gcc/newlib_stubs.o
 .debug_macro   0x0000000000004556       0x16 ./CMSIS/startup_gcc/newlib_stubs.o
 .debug_macro   0x000000000000456c       0x10 ./CMSIS/startup_gcc/newlib_stubs.o
 .debug_macro   0x000000000000457c       0x35 ./CMSIS/startup_gcc/newlib_stubs.o
 .debug_macro   0x00000000000045b1       0x1c ./CMSIS/startup_gcc/newlib_stubs.o
 .debug_macro   0x00000000000045cd       0x52 ./CMSIS/startup_gcc/newlib_stubs.o
 .debug_macro   0x000000000000461f       0x40 ./CMSIS/startup_gcc/newlib_stubs.o
 .debug_macro   0x000000000000465f       0x10 ./CMSIS/startup_gcc/newlib_stubs.o
 .debug_macro   0x000000000000466f       0x40 ./CMSIS/startup_gcc/newlib_stubs.o
 .debug_macro   0x00000000000046af       0xd7 ./CMSIS/startup_gcc/newlib_stubs.o
 .debug_macro   0x0000000000004786       0x1c ./CMSIS/startup_gcc/newlib_stubs.o
 .debug_macro   0x00000000000047a2       0x3d ./CMSIS/startup_gcc/newlib_stubs.o
 .debug_macro   0x00000000000047df      0x51a ./CMSIS/startup_gcc/newlib_stubs.o
 .debug_macro   0x0000000000004cf9       0x16 ./CMSIS/startup_gcc/newlib_stubs.o
 .debug_macro   0x0000000000004d0f       0x10 ./CMSIS/startup_gcc/newlib_stubs.o
 .debug_macro   0x0000000000004d1f       0x10 ./CMSIS/startup_gcc/newlib_stubs.o
 .debug_macro   0x0000000000004d2f       0x35 ./CMSIS/startup_gcc/newlib_stubs.o
 .debug_macro   0x0000000000004d64      0x122 ./CMSIS/startup_gcc/newlib_stubs.o
 .debug_macro   0x0000000000004e86       0x10 ./CMSIS/startup_gcc/newlib_stubs.o
 .debug_macro   0x0000000000004e96      0x241 ./CMSIS/startup_gcc/newlib_stubs.o
 .debug_macro   0x00000000000050d7      0x189 ./CMSIS/system_m2sxxx.o
 .debug_macro   0x0000000000005260      0x212 ./main.o
 .debug_macro   0x0000000000005472       0x16 ./main.o
 .debug_macro   0x0000000000005488       0x10 ./main.o
 .debug_macro   0x0000000000005498       0x16 ./main.o
 .debug_macro   0x00000000000054ae      0x145 ./main.o

.comment        0x0000000000000000       0x79
 .comment       0x0000000000000000       0x79 ./drivers/mss_uart/mss_uart.o
                                         0x7a (size before relaxing)
 .comment       0x0000000000000079       0x7a ./drivers/mss_ethernet_mac/mss_ethernet_mac.o
 .comment       0x0000000000000079       0x7a ./drivers/mss_ethernet_mac/m88e1340_phy.o
 .comment       0x0000000000000079       0x7a ./drivers_config/sys_config/sys_config_SERDESIF_0.o
 .comment       0x0000000000000079       0x7a ./CMSIS/startup_gcc/newlib_stubs.o
 .comment       0x0000000000000079       0x7a ./CMSIS/system_m2sxxx.o
 .comment       0x0000000000000079       0x7a ./main.o
