Archive member included to satisfy reference by file (symbol)

/home/jerryneedell/bin/gcc-arm-none-eabi-9-2019-q4-major/bin/../lib/gcc/arm-none-eabi/9.2.1/../../../../arm-none-eabi/lib/thumb/v7-m/nofp/libg_nano.a(lib_a-errno.o)
                              ./CMSIS/startup_gcc/newlib_stubs.o (__errno)
/home/jerryneedell/bin/gcc-arm-none-eabi-9-2019-q4-major/bin/../lib/gcc/arm-none-eabi/9.2.1/../../../../arm-none-eabi/lib/thumb/v7-m/nofp/libg_nano.a(lib_a-exit.o)
                              /home/jerryneedell/bin/gcc-arm-none-eabi-9-2019-q4-major/bin/../lib/gcc/arm-none-eabi/9.2.1/../../../../arm-none-eabi/lib/thumb/v7-m/nofp/crt0.o (exit)
/home/jerryneedell/bin/gcc-arm-none-eabi-9-2019-q4-major/bin/../lib/gcc/arm-none-eabi/9.2.1/../../../../arm-none-eabi/lib/thumb/v7-m/nofp/libg_nano.a(lib_a-impure.o)
                              /home/jerryneedell/bin/gcc-arm-none-eabi-9-2019-q4-major/bin/../lib/gcc/arm-none-eabi/9.2.1/../../../../arm-none-eabi/lib/thumb/v7-m/nofp/libg_nano.a(lib_a-exit.o) (_global_impure_ptr)
/home/jerryneedell/bin/gcc-arm-none-eabi-9-2019-q4-major/bin/../lib/gcc/arm-none-eabi/9.2.1/../../../../arm-none-eabi/lib/thumb/v7-m/nofp/libg_nano.a(lib_a-init.o)
                              /home/jerryneedell/bin/gcc-arm-none-eabi-9-2019-q4-major/bin/../lib/gcc/arm-none-eabi/9.2.1/../../../../arm-none-eabi/lib/thumb/v7-m/nofp/crt0.o (__libc_init_array)
/home/jerryneedell/bin/gcc-arm-none-eabi-9-2019-q4-major/bin/../lib/gcc/arm-none-eabi/9.2.1/../../../../arm-none-eabi/lib/thumb/v7-m/nofp/libg_nano.a(lib_a-memcpy-stub.o)
                              ./drivers/mss_ethernet_mac/mss_ethernet_mac.o (memcpy)
/home/jerryneedell/bin/gcc-arm-none-eabi-9-2019-q4-major/bin/../lib/gcc/arm-none-eabi/9.2.1/../../../../arm-none-eabi/lib/thumb/v7-m/nofp/libg_nano.a(lib_a-memset.o)
                              /home/jerryneedell/bin/gcc-arm-none-eabi-9-2019-q4-major/bin/../lib/gcc/arm-none-eabi/9.2.1/../../../../arm-none-eabi/lib/thumb/v7-m/nofp/crt0.o (memset)

Allocating common symbols
Common symbol       size              file

g_mss_uart1         0x40              ./drivers/mss_uart/mss_uart.o
g_mss_uart0         0x40              ./drivers/mss_uart/mss_uart.o

Discarded input sections

 .text          0x0000000000000000        0x0 /home/jerryneedell/bin/gcc-arm-none-eabi-9-2019-q4-major/bin/../lib/gcc/arm-none-eabi/9.2.1/thumb/v7-m/nofp/crti.o
 .data          0x0000000000000000        0x0 /home/jerryneedell/bin/gcc-arm-none-eabi-9-2019-q4-major/bin/../lib/gcc/arm-none-eabi/9.2.1/thumb/v7-m/nofp/crti.o
 .bss           0x0000000000000000        0x0 /home/jerryneedell/bin/gcc-arm-none-eabi-9-2019-q4-major/bin/../lib/gcc/arm-none-eabi/9.2.1/thumb/v7-m/nofp/crti.o
 .data          0x0000000000000000        0x4 /home/jerryneedell/bin/gcc-arm-none-eabi-9-2019-q4-major/bin/../lib/gcc/arm-none-eabi/9.2.1/thumb/v7-m/nofp/crtbegin.o
 .text          0x0000000000000000       0x74 /home/jerryneedell/bin/gcc-arm-none-eabi-9-2019-q4-major/bin/../lib/gcc/arm-none-eabi/9.2.1/../../../../arm-none-eabi/lib/thumb/v7-m/nofp/crt0.o
 .data          0x0000000000000000        0x0 /home/jerryneedell/bin/gcc-arm-none-eabi-9-2019-q4-major/bin/../lib/gcc/arm-none-eabi/9.2.1/../../../../arm-none-eabi/lib/thumb/v7-m/nofp/crt0.o
 .bss           0x0000000000000000        0x0 /home/jerryneedell/bin/gcc-arm-none-eabi-9-2019-q4-major/bin/../lib/gcc/arm-none-eabi/9.2.1/../../../../arm-none-eabi/lib/thumb/v7-m/nofp/crt0.o
 .ARM.extab     0x0000000000000000        0x0 /home/jerryneedell/bin/gcc-arm-none-eabi-9-2019-q4-major/bin/../lib/gcc/arm-none-eabi/9.2.1/../../../../arm-none-eabi/lib/thumb/v7-m/nofp/crt0.o
 .ARM.exidx     0x0000000000000000        0x8 /home/jerryneedell/bin/gcc-arm-none-eabi-9-2019-q4-major/bin/../lib/gcc/arm-none-eabi/9.2.1/../../../../arm-none-eabi/lib/thumb/v7-m/nofp/crt0.o
 .group         0x0000000000000000        0xc ./drivers/mss_uart/mss_uart.o
 .group         0x0000000000000000        0xc ./drivers/mss_uart/mss_uart.o
 .group         0x0000000000000000        0xc ./drivers/mss_uart/mss_uart.o
 .group         0x0000000000000000        0xc ./drivers/mss_uart/mss_uart.o
 .group         0x0000000000000000        0xc ./drivers/mss_uart/mss_uart.o
 .group         0x0000000000000000        0xc ./drivers/mss_uart/mss_uart.o
 .group         0x0000000000000000        0xc ./drivers/mss_uart/mss_uart.o
 .group         0x0000000000000000        0xc ./drivers/mss_uart/mss_uart.o
 .group         0x0000000000000000        0xc ./drivers/mss_uart/mss_uart.o
 .group         0x0000000000000000        0xc ./drivers/mss_uart/mss_uart.o
 .group         0x0000000000000000        0xc ./drivers/mss_uart/mss_uart.o
 .group         0x0000000000000000        0xc ./drivers/mss_uart/mss_uart.o
 .group         0x0000000000000000        0xc ./drivers/mss_uart/mss_uart.o
 .group         0x0000000000000000        0xc ./drivers/mss_uart/mss_uart.o
 .group         0x0000000000000000        0xc ./drivers/mss_uart/mss_uart.o
[...]
Memory Configuration

Name             Origin             Length             Attributes
rom              0x0000000060000000 0x0000000000040000 xr
romMirror        0x0000000000000000 0x0000000000040000 xr
ram              0x0000000020000000 0x0000000000010000 xrw
*default*        0x0000000000000000 0xffffffffffffffff

Linker script and memory map

LOAD /home/jerryneedell/bin/gcc-arm-none-eabi-9-2019-q4-major/bin/../lib/gcc/arm-none-eabi/9.2.1/thumb/v7-m/nofp/crti.o
LOAD /home/jerryneedell/bin/gcc-arm-none-eabi-9-2019-q4-major/bin/../lib/gcc/arm-none-eabi/9.2.1/thumb/v7-m/nofp/crtbegin.o
LOAD /home/jerryneedell/bin/gcc-arm-none-eabi-9-2019-q4-major/bin/../lib/gcc/arm-none-eabi/9.2.1/../../../../arm-none-eabi/lib/thumb/v7-m/nofp/crt0.o
LOAD ./drivers/mss_uart/mss_uart.o
LOAD ./drivers/mss_ethernet_mac/mss_ethernet_mac.o
LOAD ./drivers/mss_ethernet_mac/m88e1340_phy.o
LOAD ./drivers_config/sys_config/sys_config_SERDESIF_0.o
LOAD ./drivers_config/sys_config/sys_config.o
LOAD ./CMSIS/startup_gcc/newlib_stubs.o
LOAD ./CMSIS/startup_gcc/startup_m2sxxx.o
LOAD ./CMSIS/core_cm3.o
LOAD ./CMSIS/system_m2sxxx.o
LOAD ./lwip-1.4.1/core/mem.o
LOAD ./lwip-1.4.1/api/tcpip.o
LOAD ./main.o
LOAD /home/jerryneedell/bin/gcc-arm-none-eabi-9-2019-q4-major/bin/../lib/gcc/arm-none-eabi/9.2.1/../../../../arm-none-eabi/lib/thumb/v7-m/nofp/libstdc++_nano.a
LOAD /home/jerryneedell/bin/gcc-arm-none-eabi-9-2019-q4-major/bin/../lib/gcc/arm-none-eabi/9.2.1/../../../../arm-none-eabi/lib/thumb/v7-m/nofp/libm.a
START GROUP
LOAD /home/jerryneedell/bin/gcc-arm-none-eabi-9-2019-q4-major/bin/../lib/gcc/arm-none-eabi/9.2.1/thumb/v7-m/nofp/libgcc.a
LOAD /home/jerryneedell/bin/gcc-arm-none-eabi-9-2019-q4-major/bin/../lib/gcc/arm-none-eabi/9.2.1/../../../../arm-none-eabi/lib/thumb/v7-m/nofp/libg_nano.a
LOAD /home/jerryneedell/bin/gcc-arm-none-eabi-9-2019-q4-major/bin/../lib/gcc/arm-none-eabi/9.2.1/../../../../arm-none-eabi/lib/thumb/v7-m/nofp/libc_nano.a
END GROUP
START GROUP
LOAD /home/jerryneedell/bin/gcc-arm-none-eabi-9-2019-q4-major/bin/../lib/gcc/arm-none-eabi/9.2.1/thumb/v7-m/nofp/libgcc.a
LOAD /home/jerryneedell/bin/gcc-arm-none-eabi-9-2019-q4-major/bin/../lib/gcc/arm-none-eabi/9.2.1/../../../../arm-none-eabi/lib/thumb/v7-m/nofp/libc_nano.a
END GROUP
LOAD /home/jerryneedell/bin/gcc-arm-none-eabi-9-2019-q4-major/bin/../lib/gcc/arm-none-eabi/9.2.1/thumb/v7-m/nofp/crtend.o
LOAD /home/jerryneedell/bin/gcc-arm-none-eabi-9-2019-q4-major/bin/../lib/gcc/arm-none-eabi/9.2.1/thumb/v7-m/nofp/crtn.o
START GROUP
LOAD /home/jerryneedell/bin/gcc-arm-none-eabi-9-2019-q4-major/bin/../lib/gcc/arm-none-eabi/9.2.1/../../../../arm-none-eabi/lib/thumb/v7-m/nofp/libc.a
LOAD /home/jerryneedell/bin/gcc-arm-none-eabi-9-2019-q4-major/bin/../lib/gcc/arm-none-eabi/9.2.1/thumb/v7-m/nofp/libgcc.a
LOAD /home/jerryneedell/bin/gcc-arm-none-eabi-9-2019-q4-major/bin/../lib/gcc/arm-none-eabi/9.2.1/../../../../arm-none-eabi/lib/thumb/v7-m/nofp/libm.a
END GROUP
                0x0000000000000000                __DYNAMIC = 0x0
                0x0000000020000000                RAM_START_ADDRESS = 0x20000000
                0x0000000000010000                RAM_SIZE = 0x10000
                0x0000000000000c00                MAIN_STACK_SIZE = 0xc00
                0x0000000000000400                MIN_SIZE_HEAP = 0x400
                0x0000000020010000                PROVIDE (__main_stack_start = (RAM_START_ADDRESS + RAM_SIZE))
                0x0000000020010000                PROVIDE (_estack = __main_stack_start)
                0x0000000000000001                PROVIDE (__mirrored_nvm = 0x1)
                0x0000000000000000                PROVIDE (__smartfusion2_memory_remap = 0x0)

.vector_table   0x0000000000000000      0x190 load address 0x0000000060000000
                0x0000000060000000                __vector_table_load = LOADADDR (.vector_table)
                0x0000000000000000                __vector_table_start = .
                0x0000000000000000                __vector_table_vma_base_address = .
 *(.isr_vector)
 .isr_vector    0x0000000000000000      0x190 ./CMSIS/startup_gcc/startup_m2sxxx.o
                0x0000000000000000                g_pfnVectors
                0x0000000000000190                . = ALIGN (0x10)
                0x0000000000000190                _evector_table = .

.boot_code      0x0000000000000190      0xb10 load address 0x0000000060000190
 *(.boot_code)
 .boot_code     0x0000000000000190      0x31c ./CMSIS/startup_gcc/startup_m2sxxx.o
                0x0000000000000190                Reset_Handler
                0x000000000000037e                NMI_Handler
                0x0000000000000380                HardFault_Handler
                0x0000000000000382                MemManage_Handler
                0x0000000000000384                BusFault_Handler
                0x0000000000000386                UsageFault_Handler
                0x0000000000000388                SVC_Handler
                0x000000000000038a                DebugMon_Handler
                0x000000000000038c                PendSV_Handler
                0x000000000000038e                SysTick_Handler
                0x0000000000000390                WdogWakeup_IRQHandler
                0x0000000000000392                RTC_Wakeup_IRQHandler
                0x0000000000000394                SPI0_IRQHandler
                0x0000000000000396                SPI1_IRQHandler
                0x0000000000000398                I2C0_IRQHandler
                0x000000000000039a                I2C0_SMBAlert_IRQHandler
                0x000000000000039c                I2C0_SMBus_IRQHandler
                0x000000000000039e                I2C1_IRQHandler
                0x00000000000003a0                I2C1_SMBAlert_IRQHandler
                0x00000000000003a2                I2C1_SMBus_IRQHandler
                0x00000000000003aa                DMA_IRQHandler
                0x00000000000003ac                Timer1_IRQHandler
                0x00000000000003ae                Timer2_IRQHandler
                0x00000000000003b0                CAN_IRQHandler
                0x00000000000003b2                ENVM0_IRQHandler
                0x00000000000003b4                ENVM1_IRQHandler
                0x00000000000003b6                ComBlk_IRQHandler
                0x00000000000003b8                USB_IRQHandler
                0x00000000000003ba                USB_DMA_IRQHandler
                0x00000000000003bc                PLL_Lock_IRQHandler
                0x00000000000003be                PLL_LockLost_IRQHandler
                0x00000000000003c0                CommSwitchError_IRQHandler
                0x00000000000003c2                CacheError_IRQHandler
                0x00000000000003c4                DDR_IRQHandler
                0x00000000000003c6                HPDMA_Complete_IRQHandler
                0x00000000000003c8                HPDMA_Error_IRQHandler
                0x00000000000003ca                ECC_Error_IRQHandler
                0x00000000000003cc                MDDR_IOCalib_IRQHandler
                0x00000000000003ce                FAB_PLL_Lock_IRQHandler
                0x00000000000003d0                FAB_PLL_LockLost_IRQHandler
                0x00000000000003d2                FIC64_IRQHandler
                0x00000000000003d4                FabricIrq0_IRQHandler
                0x00000000000003d6                FabricIrq1_IRQHandler
                0x00000000000003d8                FabricIrq2_IRQHandler
                0x00000000000003da                FabricIrq3_IRQHandler
                0x00000000000003dc                FabricIrq4_IRQHandler
                0x00000000000003de                FabricIrq5_IRQHandler
                0x00000000000003e0                FabricIrq6_IRQHandler
                0x00000000000003e2                FabricIrq7_IRQHandler
                0x00000000000003e4                FabricIrq8_IRQHandler
                0x00000000000003e6                FabricIrq9_IRQHandler
                0x00000000000003e8                FabricIrq10_IRQHandler
                0x00000000000003ea                FabricIrq11_IRQHandler
                0x00000000000003ec                FabricIrq12_IRQHandler
                0x00000000000003ee                FabricIrq13_IRQHandler
                0x00000000000003f0                FabricIrq14_IRQHandler
                0x00000000000003f2                FabricIrq15_IRQHandler
                0x00000000000003f4                GPIO0_IRQHandler
                0x00000000000003f6                GPIO1_IRQHandler
                0x00000000000003f8                GPIO2_IRQHandler
                0x00000000000003fa                GPIO3_IRQHandler
                0x00000000000003fc                GPIO4_IRQHandler
                0x00000000000003fe                GPIO5_IRQHandler
                0x0000000000000400                GPIO6_IRQHandler
                0x0000000000000402                GPIO7_IRQHandler
                0x0000000000000404                GPIO8_IRQHandler
                0x0000000000000406                GPIO9_IRQHandler
                0x0000000000000408                GPIO10_IRQHandler
                0x000000000000040a                GPIO11_IRQHandler
                0x000000000000040c                GPIO12_IRQHandler
                0x000000000000040e                GPIO13_IRQHandler
                0x0000000000000410                GPIO14_IRQHandler
                0x0000000000000412                GPIO15_IRQHandler
                0x0000000000000414                GPIO16_IRQHandler
                0x0000000000000416                GPIO17_IRQHandler
                0x0000000000000418                GPIO18_IRQHandler
                0x000000000000041a                GPIO19_IRQHandler
                0x000000000000041c                GPIO20_IRQHandler
                0x000000000000041e                GPIO21_IRQHandler
                0x0000000000000420                GPIO22_IRQHandler
                0x0000000000000422                GPIO23_IRQHandler
                0x0000000000000424                GPIO24_IRQHandler
                0x0000000000000426                GPIO25_IRQHandler
                0x0000000000000428                GPIO26_IRQHandler
                0x000000000000042a                GPIO27_IRQHandler
                0x000000000000042c                GPIO28_IRQHandler
                0x000000000000042e                GPIO29_IRQHandler
                0x0000000000000430                GPIO30_IRQHandler
                0x0000000000000432                GPIO31_IRQHandler
                0x0000000000000434                mscc_post_hw_cfg_init
 *system_m2sxxx.o(.text*)
 .text.SystemInit
                0x00000000000004ac       0xa0 ./CMSIS/system_m2sxxx.o
                0x00000000000004ac                SystemInit
 .text.SystemCoreClockUpdate
                0x000000000000054c      0x100 ./CMSIS/system_m2sxxx.o
                0x000000000000054c                SystemCoreClockUpdate
 .text.get_rcosc_25_50mhz_frequency
                0x000000000000064c       0x3c ./CMSIS/system_m2sxxx.o
 .text.set_clock_frequency_globals
                0x0000000000000688       0x5c ./CMSIS/system_m2sxxx.o
 .text.copy_cfg16_to_regs
                0x00000000000006e4       0x42 ./CMSIS/system_m2sxxx.o
 .text.config_by_addr_value
                0x0000000000000726       0x40 ./CMSIS/system_m2sxxx.o
 .text.config_ddr_subsys
                0x0000000000000766       0xea ./CMSIS/system_m2sxxx.o
 .text.configure_serdes_intf
                0x0000000000000850       0x14 ./CMSIS/system_m2sxxx.o
 .text.configure_pcie_intf
                0x0000000000000864       0x18 ./CMSIS/system_m2sxxx.o
 .text.configure_pcie_block
                0x000000000000087c      0x274 ./CMSIS/system_m2sxxx.o
 .text.get_silicon_revision
                0x0000000000000af0       0x48 ./CMSIS/system_m2sxxx.o
 .text.silicon_workarounds
                0x0000000000000b38       0x22 ./CMSIS/system_m2sxxx.o
 *fill*         0x0000000000000b5a        0x2 
 .text.m2s050_rev_a_workarounds
                0x0000000000000b5c       0x30 ./CMSIS/system_m2sxxx.o
 *sys_config.o(.rodata*)
 .rodata.g_m2s_mddr_addr
                0x0000000000000b8c        0x4 ./drivers_config/sys_config/sys_config.o
                0x0000000000000b8c                g_m2s_mddr_addr
 .rodata.g_m2s_mddr_subsys_config
                0x0000000000000b90      0x10a ./drivers_config/sys_config/sys_config.o
                0x0000000000000b90                g_m2s_mddr_subsys_config
                0x0000000000000ca0                . = ALIGN (0x10)
 *fill*         0x0000000000000c9a        0x6 

.text           0x0000000000000ca0     0x11e0 load address 0x0000000060000ca0
 CREATE_OBJECT_SYMBOLS
                0x0000000060000ca0                __text_load = LOADADDR (.text)
                0x0000000000000ca0                __text_start = .
 *(.text .text.* .gnu.linkonce.t.*)
 .text          0x0000000000000ca0       0x40 /home/jerryneedell/bin/gcc-arm-none-eabi-9-2019-q4-major/bin/../lib/gcc/arm-none-eabi/9.2.1/thumb/v7-m/nofp/crtbegin.o
 .text.read_bit_reg8
                0x0000000000000ce0       0x38 ./drivers/mss_uart/mss_uart.o
 .text.UART0_IRQHandler
                0x0000000000000d18       0x24 ./drivers/mss_uart/mss_uart.o
                0x0000000000000d18                UART0_IRQHandler
 .text.UART1_IRQHandler
                0x0000000000000d3c       0x24 ./drivers/mss_uart/mss_uart.o
                0x0000000000000d3c                UART1_IRQHandler
 .text.MSS_UART_isr
                0x0000000000000d60      0x208 ./drivers/mss_uart/mss_uart.o
 .text.set_bit_reg32
                0x0000000000000f68       0x3a ./drivers/mss_ethernet_mac/mss_ethernet_mac.o
 .text.clear_bit_reg32
                0x0000000000000fa2       0x3a ./drivers/mss_ethernet_mac/mss_ethernet_mac.o
 .text.MSS_MAC_get_link_status
                0x0000000000000fdc      0x148 ./drivers/mss_ethernet_mac/mss_ethernet_mac.o
                0x0000000000000fdc                MSS_MAC_get_link_status
 .text.MSS_MAC_read_phy_reg
                0x0000000000001124       0xbc ./drivers/mss_ethernet_mac/mss_ethernet_mac.o
                0x0000000000001124                MSS_MAC_read_phy_reg
 .text.EthernetMAC_IRQHandler
                0x00000000000011e0       0x40 ./drivers/mss_ethernet_mac/mss_ethernet_mac.o
                0x00000000000011e0                EthernetMAC_IRQHandler
 .text.rxpkt_handler
                0x0000000000001220       0xbc ./drivers/mss_ethernet_mac/mss_ethernet_mac.o
 .text.txpkt_handler
                0x00000000000012dc       0xf0 ./drivers/mss_ethernet_mac/mss_ethernet_mac.o
 .text.MSS_MAC_phy_get_link_status
                0x00000000000013cc       0x9c ./drivers/mss_ethernet_mac/m88e1340_phy.o
                0x00000000000013cc                MSS_MAC_phy_get_link_status
 .text.ITM_SendChar
                0x0000000000001468       0x5c ./lwip-1.4.1/api/tcpip.o
 .text.tcpip_thread
                0x00000000000014c4      0x134 ./lwip-1.4.1/api/tcpip.o
 .text.tcpip_input
                0x00000000000015f8       0x6c ./lwip-1.4.1/api/tcpip.o
                0x00000000000015f8                tcpip_input
 .text.tcpip_init
                0x0000000000001664       0x7c ./lwip-1.4.1/api/tcpip.o
                0x0000000000001664                tcpip_init
 .text.NVIC_SetPriority
                0x00000000000016e0       0x54 ./main.o
 .text.main     0x0000000000001734       0xa4 ./main.o
                0x0000000000001734                main
 .text.prvSetupHardware
                0x00000000000017d8      0x2ac ./main.o
 .text.prvEthernetConfigureInterface
                0x0000000000001a84       0x58 ./main.o
 .text.prvLinkStatusTask
                0x0000000000001adc       0x60 ./main.o
                0x0000000000001adc                prvLinkStatusTask
 .text.__libc_init_array
                0x0000000000001b3c       0x48 /home/jerryneedell/bin/gcc-arm-none-eabi-9-2019-q4-major/bin/../lib/gcc/arm-none-eabi/9.2.1/../../../../arm-none-eabi/lib/thumb/v7-m/nofp/libg_nano.a(lib_a-init.o)
                0x0000000000001b3c                __libc_init_array
 *(.plt)
 *(.gnu.warning)
 *(.glue_7t)
 .glue_7t       0x0000000000001b84        0x0 linker stubs
 *(.glue_7)
 .glue_7        0x0000000000001b84        0x0 linker stubs
 *(.vfp11_veneer)
 .vfp11_veneer  0x0000000000001b84        0x0 linker stubs
                0x0000000000001b84                . = ALIGN (0x4)
 *crtbegin.o(.ctors)
 *(EXCLUDE_FILE(*crtend.o) .ctors)
 *(SORT_BY_NAME(.ctors.*))
 *crtend.o(.ctors)
 *crtbegin.o(.dtors)
 *(EXCLUDE_FILE(*crtend.o) .dtors)
 *(SORT_BY_NAME(.dtors.*))
 *crtend.o(.dtors)
 *(.rodata .rodata.* .gnu.linkonce.r.*)
 .rodata.g_m2s_serdes_0_config
                0x0000000000001b84      0x208 ./drivers_config/sys_config/sys_config_SERDESIF_0.o
                0x0000000000001b84                g_m2s_serdes_0_config
 .rodata.g_serdes0_pcie_lane_cfg_lut
                0x0000000000001d8c        0xc ./CMSIS/system_m2sxxx.o
 .rodata.g_serdes1_pcie_lane_cfg_lut
                0x0000000000001d98        0xc ./CMSIS/system_m2sxxx.o
 .rodata.g_serdes2_pcie_lane_cfg_lut
                0x0000000000001da4        0xc ./CMSIS/system_m2sxxx.o
 .rodata.g_serdes3_pcie_lane_cfg_lut
                0x0000000000001db0        0xc ./CMSIS/system_m2sxxx.o
 .rodata.g_pcie_lane_cfg_lut
                0x0000000000001dbc       0x10 ./CMSIS/system_m2sxxx.o
 .rodata        0x0000000000001dcc       0x18 ./CMSIS/system_m2sxxx.o
 .rodata        0x0000000000001de4       0x51 ./lwip-1.4.1/api/tcpip.o
 *fill*         0x0000000000001e35        0x3 
 .rodata        0x0000000000001e38       0x22 ./main.o
 *(.ARM.extab* .gnu.linkonce.armextab.*)
 *(.gcc_except_table)
 *(.eh_frame_hdr)
 *(.eh_frame)
 *fill*         0x0000000000001e5a        0x2 
 .eh_frame      0x0000000000001e5c        0x0 /home/jerryneedell/bin/gcc-arm-none-eabi-9-2019-q4-major/bin/../lib/gcc/arm-none-eabi/9.2.1/thumb/v7-m/nofp/crtbegin.o
 *(.vector_table)
 *(.init)
 .init          0x0000000000001e5c        0x4 /home/jerryneedell/bin/gcc-arm-none-eabi-9-2019-q4-major/bin/../lib/gcc/arm-none-eabi/9.2.1/thumb/v7-m/nofp/crti.o
                0x0000000000001e5c                _init
 .init          0x0000000000001e60        0x8 /home/jerryneedell/bin/gcc-arm-none-eabi-9-2019-q4-major/bin/../lib/gcc/arm-none-eabi/9.2.1/thumb/v7-m/nofp/crtn.o
 *(.fini)
 .fini          0x0000000000001e68        0x4 /home/jerryneedell/bin/gcc-arm-none-eabi-9-2019-q4-major/bin/../lib/gcc/arm-none-eabi/9.2.1/thumb/v7-m/nofp/crti.o
                0x0000000000001e68                _fini
 .fini          0x0000000000001e6c        0x8 /home/jerryneedell/bin/gcc-arm-none-eabi-9-2019-q4-major/bin/../lib/gcc/arm-none-eabi/9.2.1/thumb/v7-m/nofp/crtn.o
                0x0000000000001e74                PROVIDE (__preinit_array_start = .)
 *(.preinit_array)
                0x0000000000001e74                PROVIDE (__preinit_array_end = .)
                0x0000000000001e74                PROVIDE (__init_array_start = .)
 *(SORT_BY_NAME(.init_array.*))
 *(.init_array)
 .init_array    0x0000000000001e74        0x4 /home/jerryneedell/bin/gcc-arm-none-eabi-9-2019-q4-major/bin/../lib/gcc/arm-none-eabi/9.2.1/thumb/v7-m/nofp/crtbegin.o
                0x0000000000001e78                PROVIDE (__init_array_end = .)
                [!provide]                        PROVIDE (__fini_array_start = .)
 *(.fini_array)
 .fini_array    0x0000000000001e78        0x4 /home/jerryneedell/bin/gcc-arm-none-eabi-9-2019-q4-major/bin/../lib/gcc/arm-none-eabi/9.2.1/thumb/v7-m/nofp/crtbegin.o
 *(SORT_BY_NAME(.fini_array.*))
                [!provide]                        PROVIDE (__fini_array_end = .)
                0x0000000000001e80                . = ALIGN (0x10)
 *fill*         0x0000000000001e7c        0x4 
                0x0000000000001e80                __exidx_start = .

.v4_bx          0x0000000000001e80        0x0 load address 0x0000000060001e80
 .v4_bx         0x0000000000001e80        0x0 linker stubs

.iplt           0x0000000000001e80        0x0 load address 0x0000000060001e80
 .iplt          0x0000000000001e80        0x0 /home/jerryneedell/bin/gcc-arm-none-eabi-9-2019-q4-major/bin/../lib/gcc/arm-none-eabi/9.2.1/thumb/v7-m/nofp/crtbegin.o

.rel.dyn        0x0000000000001e80        0x0 load address 0x0000000060001e80
 .rel.iplt      0x0000000000001e80        0x0 /home/jerryneedell/bin/gcc-arm-none-eabi-9-2019-q4-major/bin/../lib/gcc/arm-none-eabi/9.2.1/thumb/v7-m/nofp/crtbegin.o

.ARM.exidx
 *(.ARM.exidx* .gnu.linkonce.armexidx.*)
                0x0000000000001e80                __exidx_end = .
                0x0000000000001e80                _etext = .

.data           0x0000000020000000       0x20 load address 0x0000000060001e80
                0x0000000060001e80                __data_load = LOADADDR (.data)
                0x0000000060001e80                _sidata = LOADADDR (.data)
                0x0000000020000000                __data_start = .
                0x0000000020000000                _sdata = .
 *(.jcr)
 *(.got.plt)
 *(.got)
 *(.shdata)
 *(.data .data.* .gnu.linkonce.d.*)
 .data.previous_speed.6154
                0x0000000020000000        0x1 ./drivers/mss_ethernet_mac/mss_ethernet_mac.o
 .data.previous_duplex.6155
                0x0000000020000001        0x1 ./drivers/mss_ethernet_mac/mss_ethernet_mac.o
 *fill*         0x0000000020000002        0x2 
 .data.SystemCoreClock
                0x0000000020000004        0x4 ./CMSIS/system_m2sxxx.o
                0x0000000020000004                SystemCoreClock
 .data.g_FrequencyPCLK0
                0x0000000020000008        0x4 ./CMSIS/system_m2sxxx.o
                0x0000000020000008                g_FrequencyPCLK0
 .data.g_FrequencyPCLK1
                0x000000002000000c        0x4 ./CMSIS/system_m2sxxx.o
                0x000000002000000c                g_FrequencyPCLK1
 .data.g_FrequencyPCLK2
                0x0000000020000010        0x4 ./CMSIS/system_m2sxxx.o
                0x0000000020000010                g_FrequencyPCLK2
 .data.g_FrequencyFIC0
                0x0000000020000014        0x4 ./CMSIS/system_m2sxxx.o
                0x0000000020000014                g_FrequencyFIC0
 .data.g_FrequencyFIC1
                0x0000000020000018        0x4 ./CMSIS/system_m2sxxx.o
                0x0000000020000018                g_FrequencyFIC1
 .data.g_FrequencyFIC64
                0x000000002000001c        0x4 ./CMSIS/system_m2sxxx.o
                0x000000002000001c                g_FrequencyFIC64
                0x0000000020000020                . = ALIGN (0x10)
                0x0000000020000020                _edata = .

.igot.plt       0x0000000020000020        0x0 load address 0x0000000060001ea0
 .igot.plt      0x0000000020000020        0x0 /home/jerryneedell/bin/gcc-arm-none-eabi-9-2019-q4-major/bin/../lib/gcc/arm-none-eabi/9.2.1/thumb/v7-m/nofp/crtbegin.o

.bss            0x0000000020000020      0x150 load address 0x0000000060001ea0
                0x0000000020000020                __bss_start__ = .
                0x0000000020000020                _sbss = .
 *(.shbss)
 *(.bss .bss.* .gnu.linkonce.b.*)
 .bss           0x0000000020000020       0x1c /home/jerryneedell/bin/gcc-arm-none-eabi-9-2019-q4-major/bin/../lib/gcc/arm-none-eabi/9.2.1/thumb/v7-m/nofp/crtbegin.o
 .bss.g_mac     0x000000002000003c       0x68 ./drivers/mss_ethernet_mac/mss_ethernet_mac.o
 .bss.g_phy_addr
                0x00000000200000a4        0x1 ./drivers/mss_ethernet_mac/m88e1340_phy.o
 *fill*         0x00000000200000a5        0x3 
 .bss.tcpip_init_done
                0x00000000200000a8        0x4 ./lwip-1.4.1/api/tcpip.o
 .bss.tcpip_init_done_arg
                0x00000000200000ac        0x4 ./lwip-1.4.1/api/tcpip.o
 .bss.mbox      0x00000000200000b0        0x4 ./lwip-1.4.1/api/tcpip.o
 .bss.xEthStatusQueue
                0x00000000200000b4        0x4 ./main.o
                0x00000000200000b4                xEthStatusQueue
 .bss.s_EMAC_if
                0x00000000200000b8       0x38 ./main.o
 *(COMMON)
 COMMON         0x00000000200000f0       0x80 ./drivers/mss_uart/mss_uart.o
                0x00000000200000f0                g_mss_uart1
                0x0000000020000130                g_mss_uart0
                0x0000000020000170                . = ALIGN (0x10)
                0x0000000020000170                __bss_end__ = .
                0x0000000020000170                _end = .
                0x0000000020000170                __end = _end
                0x0000000020000170                _ebss = .
                [!provide]                        PROVIDE (end = .)

.heap           0x0000000020000170     0xf290 load address 0x0000000060001ea0
                0x0000000020000170                __heap_start__ = .
                0x0000000020000570                . = (. + MIN_SIZE_HEAP)
 *fill*         0x0000000020000170      0x400 
                0x000000002000f400                . = (. + (((ABSOLUTE (RAM_START_ADDRESS) + RAM_SIZE) - MAIN_STACK_SIZE) - .))
 *fill*         0x0000000020000570     0xee90 
                0x000000002000f400                _eheap = .

.stack          0x000000002000f400      0xc00 load address 0x0000000060001ea0
                0x000000002000f400                __stack_start__ = .
                0x0000000020010000                . = (. + MAIN_STACK_SIZE)
 *fill*         0x000000002000f400      0xc00 
                0x0000000020010000                _estack = .

.stab
 *(.stab)

.stabstr
 *(.stabstr)

.debug
 *(.debug)

.line
 *(.line)

.debug_srcinfo
 *(.debug_srcinfo)

.debug_sfnames
 *(.debug_sfnames)

.debug_aranges  0x0000000000000000      0x4f8
 *(.debug_aranges)
 .debug_aranges
                0x0000000000000000      0x1d0 ./drivers/mss_uart/mss_uart.o
 .debug_aranges
                0x00000000000001d0       0xf0 ./drivers/mss_ethernet_mac/mss_ethernet_mac.o
 .debug_aranges
                0x00000000000002c0       0x38 ./drivers/mss_ethernet_mac/m88e1340_phy.o
 .debug_aranges
                0x00000000000002f8       0x18 ./drivers_config/sys_config/sys_config_SERDESIF_0.o
 .debug_aranges
                0x0000000000000310       0x18 ./drivers_config/sys_config/sys_config.o
 .debug_aranges
                0x0000000000000328       0x20 ./CMSIS/startup_gcc/startup_m2sxxx.o
 .debug_aranges
                0x0000000000000348       0x80 ./CMSIS/system_m2sxxx.o
 .debug_aranges
                0x00000000000003c8       0x88 ./lwip-1.4.1/api/tcpip.o
 .debug_aranges
                0x0000000000000450       0xa8 ./main.o

.debug_pubnames
 *(.debug_pubnames)

.debug_info     0x0000000000000000     0xc35f
 *(.debug_info .gnu.linkonce.wi.*)
 .debug_info    0x0000000000000000     0x1e81 ./drivers/mss_uart/mss_uart.o
 .debug_info    0x0000000000001e81     0x1ccc ./drivers/mss_ethernet_mac/mss_ethernet_mac.o
 .debug_info    0x0000000000003b4d      0x30c ./drivers/mss_ethernet_mac/m88e1340_phy.o
 .debug_info    0x0000000000003e59       0xe2 ./drivers_config/sys_config/sys_config_SERDESIF_0.o
 .debug_info    0x0000000000003f3b     0x119a ./drivers_config/sys_config/sys_config.o
 .debug_info    0x00000000000050d5       0x26 ./CMSIS/startup_gcc/startup_m2sxxx.o
 .debug_info    0x00000000000050fb     0x338b ./CMSIS/system_m2sxxx.o
 .debug_info    0x0000000000008486     0x1a81 ./lwip-1.4.1/api/tcpip.o
 .debug_info    0x0000000000009f07     0x2458 ./main.o

.debug_abbrev   0x0000000000000000     0x1386
 *(.debug_abbrev)
 .debug_abbrev  0x0000000000000000      0x376 ./drivers/mss_uart/mss_uart.o
 .debug_abbrev  0x0000000000000376      0x358 ./drivers/mss_ethernet_mac/mss_ethernet_mac.o
 .debug_abbrev  0x00000000000006ce      0x137 ./drivers/mss_ethernet_mac/m88e1340_phy.o
 .debug_abbrev  0x0000000000000805       0x8d ./drivers_config/sys_config/sys_config_SERDESIF_0.o
 .debug_abbrev  0x0000000000000892      0x127 ./drivers_config/sys_config/sys_config.o
 .debug_abbrev  0x00000000000009b9       0x14 ./CMSIS/startup_gcc/startup_m2sxxx.o
 .debug_abbrev  0x00000000000009cd      0x27e ./CMSIS/system_m2sxxx.o
 .debug_abbrev  0x0000000000000c4b      0x364 ./lwip-1.4.1/api/tcpip.o
 .debug_abbrev  0x0000000000000faf      0x3d7 ./main.o

.debug_line     0x0000000000000000     0x48b1
 *(.debug_line)
 .debug_line    0x0000000000000000     0x15a9 ./drivers/mss_uart/mss_uart.o
 .debug_line    0x00000000000015a9      0xd6f ./drivers/mss_ethernet_mac/mss_ethernet_mac.o
 .debug_line    0x0000000000002318      0x48f ./drivers/mss_ethernet_mac/m88e1340_phy.o
 .debug_line    0x00000000000027a7      0x24f ./drivers_config/sys_config/sys_config_SERDESIF_0.o
 .debug_line    0x00000000000029f6      0x2c8 ./drivers_config/sys_config/sys_config.o
 .debug_line    0x0000000000002cbe      0x18b ./CMSIS/startup_gcc/startup_m2sxxx.o
 .debug_line    0x0000000000002e49      0x6b3 ./CMSIS/system_m2sxxx.o
 .debug_line    0x00000000000034fc      0x98c ./lwip-1.4.1/api/tcpip.o
 .debug_line    0x0000000000003e88      0xa29 ./main.o

.debug_frame    0x0000000000000000     0x1370
 *(.debug_frame)
 .debug_frame   0x0000000000000000      0x820 ./drivers/mss_uart/mss_uart.o
 .debug_frame   0x0000000000000820      0x408 ./drivers/mss_ethernet_mac/mss_ethernet_mac.o
 .debug_frame   0x0000000000000c28       0xa0 ./drivers/mss_ethernet_mac/m88e1340_phy.o
 .debug_frame   0x0000000000000cc8      0x1ec ./CMSIS/system_m2sxxx.o
 .debug_frame   0x0000000000000eb4      0x208 ./lwip-1.4.1/api/tcpip.o
 .debug_frame   0x00000000000010bc      0x288 ./main.o
 .debug_frame   0x0000000000001344       0x2c /home/jerryneedell/bin/gcc-arm-none-eabi-9-2019-q4-major/bin/../lib/gcc/arm-none-eabi/9.2.1/../../../../arm-none-eabi/lib/thumb/v7-m/nofp/libg_nano.a(lib_a-init.o)

.debug_str      0x0000000000000000    0x1fb2f
 *(.debug_str)
 .debug_str     0x0000000000000000     0xa1cb ./drivers/mss_uart/mss_uart.o
                                       0xa4c4 (size before relaxing)
 .debug_str     0x000000000000a1cb     0x3f69 ./drivers/mss_ethernet_mac/mss_ethernet_mac.o
                                       0xcb1c (size before relaxing)
 .debug_str     0x000000000000e134      0x24a ./drivers/mss_ethernet_mac/m88e1340_phy.o
                                       0xafcf (size before relaxing)
 .debug_str     0x000000000000e37e       0x7e ./drivers_config/sys_config/sys_config_SERDESIF_0.o
                                       0x3d3a (size before relaxing)
 .debug_str     0x000000000000e3fc     0x2e56 ./drivers_config/sys_config/sys_config.o
                                       0xa869 (size before relaxing)
 .debug_str     0x0000000000011252       0x31 ./CMSIS/startup_gcc/startup_m2sxxx.o
                                         0x70 (size before relaxing)
 .debug_str     0x0000000000011283     0x1c80 ./CMSIS/system_m2sxxx.o
                                       0xb099 (size before relaxing)
 .debug_str     0x0000000000012f03     0xbca3 ./lwip-1.4.1/api/tcpip.o
                                      0x13e6f (size before relaxing)
 .debug_str     0x000000000001eba6      0xf89 ./main.o
                                      0x15c74 (size before relaxing)

.debug_loc
 *(.debug_loc)

.debug_macinfo
 *(.debug_macinfo)

.debug_weaknames
 *(.debug_weaknames)

.debug_funcnames
 *(.debug_funcnames)

.debug_typenames
 *(.debug_typenames)

.debug_varnames
 *(.debug_varnames)

.note.gnu.arm.ident
 *(.note.gnu.arm.ident)

.ARM.attributes
                0x0000000000000000       0x29
 *(.ARM.attributes)
 .ARM.attributes
                0x0000000000000000       0x1d /home/jerryneedell/bin/gcc-arm-none-eabi-9-2019-q4-major/bin/../lib/gcc/arm-none-eabi/9.2.1/thumb/v7-m/nofp/crti.o
 .ARM.attributes
                0x000000000000001d       0x2d /home/jerryneedell/bin/gcc-arm-none-eabi-9-2019-q4-major/bin/../lib/gcc/arm-none-eabi/9.2.1/thumb/v7-m/nofp/crtbegin.o
 .ARM.attributes
                0x000000000000004a       0x1b /home/jerryneedell/bin/gcc-arm-none-eabi-9-2019-q4-major/bin/../lib/gcc/arm-none-eabi/9.2.1/../../../../arm-none-eabi/lib/thumb/v7-m/nofp/crt0.o
 .ARM.attributes
                0x0000000000000065       0x2d ./drivers/mss_uart/mss_uart.o
 .ARM.attributes
                0x0000000000000092       0x2d ./drivers/mss_ethernet_mac/mss_ethernet_mac.o
 .ARM.attributes
                0x00000000000000bf       0x2d ./drivers/mss_ethernet_mac/m88e1340_phy.o
 .ARM.attributes
                0x00000000000000ec       0x33 ./drivers_config/sys_config/sys_config_SERDESIF_0.o
 .ARM.attributes
                0x000000000000011f       0x33 ./drivers_config/sys_config/sys_config.o
 .ARM.attributes
                0x0000000000000152       0x2d ./CMSIS/startup_gcc/newlib_stubs.o
 .ARM.attributes
                0x000000000000017f       0x21 ./CMSIS/startup_gcc/startup_m2sxxx.o
 .ARM.attributes
                0x00000000000001a0       0x2d ./CMSIS/core_cm3.o
 .ARM.attributes
                0x00000000000001cd       0x2d ./CMSIS/system_m2sxxx.o
 .ARM.attributes
                0x00000000000001fa       0x2d ./lwip-1.4.1/core/mem.o
 .ARM.attributes
                0x0000000000000227       0x2d ./lwip-1.4.1/api/tcpip.o
 .ARM.attributes
                0x0000000000000254       0x2d ./main.o
 .ARM.attributes
                0x0000000000000281       0x2d /home/jerryneedell/bin/gcc-arm-none-eabi-9-2019-q4-major/bin/../lib/gcc/arm-none-eabi/9.2.1/../../../../arm-none-eabi/lib/thumb/v7-m/nofp/libg_nano.a(lib_a-errno.o)
 .ARM.attributes
                0x00000000000002ae       0x2d /home/jerryneedell/bin/gcc-arm-none-eabi-9-2019-q4-major/bin/../lib/gcc/arm-none-eabi/9.2.1/../../../../arm-none-eabi/lib/thumb/v7-m/nofp/libg_nano.a(lib_a-exit.o)
 .ARM.attributes
                0x00000000000002db       0x2d /home/jerryneedell/bin/gcc-arm-none-eabi-9-2019-q4-major/bin/../lib/gcc/arm-none-eabi/9.2.1/../../../../arm-none-eabi/lib/thumb/v7-m/nofp/libg_nano.a(lib_a-impure.o)
 .ARM.attributes
                0x0000000000000308       0x2d /home/jerryneedell/bin/gcc-arm-none-eabi-9-2019-q4-major/bin/../lib/gcc/arm-none-eabi/9.2.1/../../../../arm-none-eabi/lib/thumb/v7-m/nofp/libg_nano.a(lib_a-init.o)
 .ARM.attributes
                0x0000000000000335       0x2d /home/jerryneedell/bin/gcc-arm-none-eabi-9-2019-q4-major/bin/../lib/gcc/arm-none-eabi/9.2.1/../../../../arm-none-eabi/lib/thumb/v7-m/nofp/libg_nano.a(lib_a-memcpy-stub.o)
 .ARM.attributes
                0x0000000000000362       0x2d /home/jerryneedell/bin/gcc-arm-none-eabi-9-2019-q4-major/bin/../lib/gcc/arm-none-eabi/9.2.1/../../../../arm-none-eabi/lib/thumb/v7-m/nofp/libg_nano.a(lib_a-memset.o)
 .ARM.attributes
                0x000000000000038f       0x2d /home/jerryneedell/bin/gcc-arm-none-eabi-9-2019-q4-major/bin/../lib/gcc/arm-none-eabi/9.2.1/thumb/v7-m/nofp/crtend.o
 .ARM.attributes
                0x00000000000003bc       0x1d /home/jerryneedell/bin/gcc-arm-none-eabi-9-2019-q4-major/bin/../lib/gcc/arm-none-eabi/9.2.1/thumb/v7-m/nofp/crtn.o

/DISCARD/
 *(.note.GNU-stack)
OUTPUT(webserver.elf elf32-littlearm)

.debug_ranges   0x0000000000000000      0x478
 .debug_ranges  0x0000000000000000      0x1d8 ./drivers/mss_uart/mss_uart.o
 .debug_ranges  0x00000000000001d8       0xe0 ./drivers/mss_ethernet_mac/mss_ethernet_mac.o
 .debug_ranges  0x00000000000002b8       0x28 ./drivers/mss_ethernet_mac/m88e1340_phy.o
 .debug_ranges  0x00000000000002e0       0x88 ./CMSIS/system_m2sxxx.o
 .debug_ranges  0x0000000000000368       0x78 ./lwip-1.4.1/api/tcpip.o
 .debug_ranges  0x00000000000003e0       0x98 ./main.o

.debug_macro    0x0000000000000000     0x5543
 .debug_macro   0x0000000000000000      0x160 ./drivers/mss_uart/mss_uart.o
 .debug_macro   0x0000000000000160      0xa90 ./drivers/mss_uart/mss_uart.o
 .debug_macro   0x0000000000000bf0       0x26 ./drivers/mss_uart/mss_uart.o
 .debug_macro   0x0000000000000c16       0x22 ./drivers/mss_uart/mss_uart.o
 .debug_macro   0x0000000000000c38       0x22 ./drivers/mss_uart/mss_uart.o
 .debug_macro   0x0000000000000c5a       0x8e ./drivers/mss_uart/mss_uart.o
 .debug_macro   0x0000000000000ce8       0x51 ./drivers/mss_uart/mss_uart.o
 .debug_macro   0x0000000000000d39       0xef ./drivers/mss_uart/mss_uart.o
 .debug_macro   0x0000000000000e28       0x6a ./drivers/mss_uart/mss_uart.o
 .debug_macro   0x0000000000000e92      0x1df ./drivers/mss_uart/mss_uart.o
 .debug_macro   0x0000000000001071      0x7b7 ./drivers/mss_uart/mss_uart.o
 .debug_macro   0x0000000000001828      0x265 ./drivers/mss_uart/mss_uart.o
 .debug_macro   0x0000000000001a8d      0x174 ./drivers/mss_uart/mss_uart.o
 .debug_macro   0x0000000000001c01      0x177 ./drivers/mss_uart/mss_uart.o
 .debug_macro   0x0000000000001d78       0xe2 ./drivers/mss_uart/mss_uart.o
 .debug_macro   0x0000000000001e5a       0x4c ./drivers/mss_uart/mss_uart.o
 .debug_macro   0x0000000000001ea6       0x18 ./drivers/mss_uart/mss_uart.o
 .debug_macro   0x0000000000001ebe       0x3c ./drivers/mss_uart/mss_uart.o
 .debug_macro   0x0000000000001efa       0x34 ./drivers/mss_uart/mss_uart.o
 .debug_macro   0x0000000000001f2e       0x1c ./drivers/mss_uart/mss_uart.o
 .debug_macro   0x0000000000001f4a       0x22 ./drivers/mss_uart/mss_uart.o
 .debug_macro   0x0000000000001f6c      0x186 ./drivers/mss_ethernet_mac/mss_ethernet_mac.o
 .debug_macro   0x00000000000020f2      0x360 ./drivers/mss_ethernet_mac/mss_ethernet_mac.o
 .debug_macro   0x0000000000002452      0x288 ./drivers/mss_ethernet_mac/mss_ethernet_mac.o
 .debug_macro   0x00000000000026da      0x3be ./drivers/mss_ethernet_mac/mss_ethernet_mac.o
 .debug_macro   0x0000000000002a98       0x28 ./drivers/mss_ethernet_mac/mss_ethernet_mac.o
 .debug_macro   0x0000000000002ac0      0x141 ./drivers/mss_ethernet_mac/m88e1340_phy.o
 .debug_macro   0x0000000000002c01      0x3b8 ./drivers/mss_ethernet_mac/m88e1340_phy.o
 .debug_macro   0x0000000000002fb9      0x28f ./drivers/mss_ethernet_mac/m88e1340_phy.o
 .debug_macro   0x0000000000003248      0x7d5 ./drivers/mss_ethernet_mac/m88e1340_phy.o
 .debug_macro   0x0000000000003a1d       0x6d ./drivers_config/sys_config/sys_config_SERDESIF_0.o
 .debug_macro   0x0000000000003a8a       0xba ./drivers_config/sys_config/sys_config.o
 .debug_macro   0x0000000000003b44       0x3a ./drivers_config/sys_config/sys_config.o
 .debug_macro   0x0000000000003b7e       0x1c ./drivers_config/sys_config/sys_config.o
 .debug_macro   0x0000000000003b9a       0x1c ./drivers_config/sys_config/sys_config.o
 .debug_macro   0x0000000000003bb6      0x57c ./drivers_config/sys_config/sys_config.o
 .debug_macro   0x0000000000004132      0x197 ./CMSIS/system_m2sxxx.o
 .debug_macro   0x00000000000042c9      0x41e ./lwip-1.4.1/api/tcpip.o
 .debug_macro   0x00000000000046e7       0x4e ./lwip-1.4.1/api/tcpip.o
 .debug_macro   0x0000000000004735      0x175 ./lwip-1.4.1/api/tcpip.o
 .debug_macro   0x00000000000048aa       0x70 ./lwip-1.4.1/api/tcpip.o
 .debug_macro   0x000000000000491a       0x22 ./lwip-1.4.1/api/tcpip.o
 .debug_macro   0x000000000000493c       0x40 ./lwip-1.4.1/api/tcpip.o
 .debug_macro   0x000000000000497c       0xc3 ./lwip-1.4.1/api/tcpip.o
 .debug_macro   0x0000000000004a3f       0x16 ./lwip-1.4.1/api/tcpip.o
 .debug_macro   0x0000000000004a55       0x16 ./lwip-1.4.1/api/tcpip.o
 .debug_macro   0x0000000000004a6b       0x34 ./lwip-1.4.1/api/tcpip.o
 .debug_macro   0x0000000000004a9f       0x46 ./lwip-1.4.1/api/tcpip.o
 .debug_macro   0x0000000000004ae5      0x13b ./lwip-1.4.1/api/tcpip.o
 .debug_macro   0x0000000000004c20       0x80 ./lwip-1.4.1/api/tcpip.o
 .debug_macro   0x0000000000004ca0      0x438 ./main.o
 .debug_macro   0x00000000000050d8      0x180 ./main.o
 .debug_macro   0x0000000000005258       0x10 ./main.o
 .debug_macro   0x0000000000005268       0x64 ./main.o
 .debug_macro   0x00000000000052cc       0x37 ./main.o
 .debug_macro   0x0000000000005303      0x240 ./main.o

.comment        0x0000000000000000       0x79
 .comment       0x0000000000000000       0x79 ./drivers/mss_uart/mss_uart.o
                                         0x7a (size before relaxing)
 .comment       0x0000000000000079       0x7a ./drivers/mss_ethernet_mac/mss_ethernet_mac.o
 .comment       0x0000000000000079       0x7a ./drivers/mss_ethernet_mac/m88e1340_phy.o
 .comment       0x0000000000000079       0x7a ./drivers_config/sys_config/sys_config_SERDESIF_0.o
 .comment       0x0000000000000079       0x7a ./drivers_config/sys_config/sys_config.o
 .comment       0x0000000000000079       0x7a ./CMSIS/system_m2sxxx.o
 .comment       0x0000000000000079       0x7a ./lwip-1.4.1/api/tcpip.o
 .comment       0x0000000000000079       0x7a ./main.o
